#
# There is insufficient memory for the Java Runtime Environment to continue.
# Native memory allocation (malloc) failed to allocate 1576176 bytes. Error detail: Chunk::new
# Possible reasons:
#   The system is out of physical RAM or swap space
#   This process is running with CompressedOops enabled, and the Java Heap may be blocking the growth of the native heap
# Possible solutions:
#   Reduce memory load on the system
#   Increase physical memory or swap space
#   Check if swap backing store is full
#   Decrease Java heap size (-Xmx/-Xms)
#   Decrease number of Java threads
#   Decrease Java thread stack sizes (-Xss)
#   Set larger code cache with -XX:ReservedCodeCacheSize=
#   JVM is running with Unscaled Compressed Oops mode in which the Java heap is
#     placed in the first 4GB address space. The Java Heap base address is the
#     maximum limit for the native heap growth. Please use -XX:HeapBaseMinAddress
#     to set the Java Heap base and to place the Java Heap above 4GB virtual address.
# This output file may be truncated or incomplete.
#
#  Out of Memory Error (arena.cpp:168), pid=38816, tid=38460
#
# JRE version: OpenJDK Runtime Environment Temurin-21.0.12.1+1 (21.0.12.1+1) (build 21.0.12.1+1-LTS)
# Java VM: OpenJDK 64-Bit Server VM Temurin-21.0.12.1+1 (21.0.12.1+1-LTS, mixed mode, sharing, tiered, compressed oops, compressed class ptrs, g1 gc, windows-amd64)
# No core dump will be written. Minidumps are not enabled by default on client versions of Windows
#

---------------  S U M M A R Y ------------

Command Line: --add-opens=java.base/java.lang=ALL-UNNAMED --add-opens=java.base/java.lang.invoke=ALL-UNNAMED --add-opens=java.base/java.util=ALL-UNNAMED --add-opens=java.prefs/java.util.prefs=ALL-UNNAMED --add-exports=jdk.compiler/com.sun.tools.javac.api=ALL-UNNAMED --add-exports=jdk.compiler/com.sun.tools.javac.util=ALL-UNNAMED --add-opens=java.base/java.nio.charset=ALL-UNNAMED --add-opens=java.base/java.net=ALL-UNNAMED --add-opens=java.base/java.util.concurrent=ALL-UNNAMED --add-opens=java.base/java.util.concurrent.atomic=ALL-UNNAMED --add-opens=java.xml/javax.xml.namespace=ALL-UNNAMED --add-opens=java.base/java.time=ALL-UNNAMED -XX:MaxMetaspaceSize=384m -XX:+HeapDumpOnOutOfMemoryError -Xms256m -Xmx512m -Dfile.encoding=UTF-8 -Duser.country=KR -Duser.language=ko -Duser.variant -javaagent:C:\Users\±è¹Î±Ô\.gradle\wrapper\dists\gradle-9.7.1-bin\1w1c7tv4s851m17nbqdsro2tv\gradle-9.7.1\lib\agents\gradle-instrumentation-agent-9.7.1.jar org.gradle.launcher.daemon.bootstrap.GradleDaemon 9.7.1

Host: 11th Gen Intel(R) Core(TM) i5-1155G7 @ 2.50GHz, 8 cores, 15G,  Windows 11 , 64 bit Build 26100 (10.0.26100.9168)
Time: Sat Sep 12 15:18:59 2026 elapsed time: 304.326560 seconds (0d 0h 5m 4s)

---------------  T H R E A D  ---------------

Current thread (0x000002ae94163e60):  JavaThread "C2 CompilerThread0" daemon [_thread_in_native, id=38460, stack(0x000000fcb0100000,0x000000fcb0200000) (1024K)]


Current CompileTask:
C2:304328 8669   !   4       java.lang.reflect.Executable::sharedToGenericString (255 bytes)

Stack: [0x000000fcb0100000,0x000000fcb0200000]
Native frames: (J=compiled Java code, j=interpreted, Vv=VM code, C=native code)
V  [jvm.dll+0x6d83e9]
V  [jvm.dll+0x8b5736]
V  [jvm.dll+0x8b7cee]
V  [jvm.dll+0x8b83d3]
V  [jvm.dll+0x284596]
V  [jvm.dll+0xc685d]
V  [jvm.dll+0xc6da1]
V  [jvm.dll+0x3bf151]
V  [jvm.dll+0x38b6d2]
V  [jvm.dll+0x38ab1a]
V  [jvm.dll+0x24c700]
V  [jvm.dll+0x24bce0]
V  [jvm.dll+0x1cb4ae]
V  [jvm.dll+0x25baad]
V  [jvm.dll+0x25a03a]
V  [jvm.dll+0x3f8aae]
V  [jvm.dll+0x8600cd]
V  [jvm.dll+0x6d6c1d]
C  [ucrtbase.dll+0x2cd30]
C  [KERNEL32.DLL+0x2ccb7]
C  [ntdll.dll+0xaad6c]


---------------  P R O C E S S  ---------------

Threads class SMR info:
_java_thread_list=0x000002aefe1cd3f0, length=51, elements={
0x000002aefe10f7e0, 0x000002aeff96fa80, 0x000002aeff973210, 0x000002ae94156840,
0x000002ae9415aed0, 0x000002ae9415e660, 0x000002ae9415f0c0, 0x000002ae94163e60,
0x000002ae94168b30, 0x000002ae943104d0, 0x000002ae943fa5e0, 0x000002aeb1344b70,
0x000002aeb27e5040, 0x000002aeb19b63a0, 0x000002aeb19b5010, 0x000002aeb1b60a40,
0x000002aeb1a31e70, 0x000002aeb1a33f40, 0x000002aeb1a33220, 0x000002aeb1a338b0,
0x000002aeb2686620, 0x000002aeb2685900, 0x000002aeb2686cb0, 0x000002aeb2689aa0,
0x000002aeb2687340, 0x000002aeb26886f0, 0x000002aeb406ffa0, 0x000002aeb4072070,
0x000002aeb406f910, 0x000002aeb4070cc0, 0x000002aeb406ebf0, 0x000002aeb4071350,
0x000002aeb406ded0, 0x000002aeb40719e0, 0x000002aeb406f280, 0x000002aeb4073420,
0x000002aeb4072d90, 0x000002aeb40754f0, 0x000002aeb4073ab0, 0x000002aeb4074140,
0x000002aeb4074e60, 0x000002aeb40747d0, 0x000002aeb4072700, 0x000002aeb2682b10,
0x000002aeb2685f90, 0x000002aeb2683830, 0x000002aeb2683ec0, 0x000002aeb2684550,
0x000002aeb2688d80, 0x000002aeb2689410, 0x000002aeb1a32b90
}

Java Threads: ( => current thread )
  0x000002aefe10f7e0 JavaThread "main"                              [_thread_blocked, id=37812, stack(0x000000fcaf300000,0x000000fcaf400000) (1024K)]
  0x000002aeff96fa80 JavaThread "Reference Handler"          daemon [_thread_blocked, id=26200, stack(0x000000fcafb00000,0x000000fcafc00000) (1024K)]
  0x000002aeff973210 JavaThread "Finalizer"                  daemon [_thread_blocked, id=26076, stack(0x000000fcafc00000,0x000000fcafd00000) (1024K)]
  0x000002ae94156840 JavaThread "Signal Dispatcher"          daemon [_thread_blocked, id=26796, stack(0x000000fcafd00000,0x000000fcafe00000) (1024K)]
  0x000002ae9415aed0 JavaThread "Attach Listener"            daemon [_thread_blocked, id=26048, stack(0x000000fcafe00000,0x000000fcaff00000) (1024K)]
  0x000002ae9415e660 JavaThread "Service Thread"             daemon [_thread_blocked, id=37676, stack(0x000000fcaff00000,0x000000fcb0000000) (1024K)]
  0x000002ae9415f0c0 JavaThread "Monitor Deflation Thread"   daemon [_thread_blocked, id=11556, stack(0x000000fcb0000000,0x000000fcb0100000) (1024K)]
=>0x000002ae94163e60 JavaThread "C2 CompilerThread0"         daemon [_thread_in_native, id=38460, stack(0x000000fcb0100000,0x000000fcb0200000) (1024K)]
  0x000002ae94168b30 JavaThread "C1 CompilerThread0"         daemon [_thread_blocked, id=37440, stack(0x000000fcb0200000,0x000000fcb0300000) (1024K)]
  0x000002ae943104d0 JavaThread "Common-Cleaner"             daemon [_thread_blocked, id=39452, stack(0x000000fcb0300000,0x000000fcb0400000) (1024K)]
  0x000002ae943fa5e0 JavaThread "Notification Thread"        daemon [_thread_blocked, id=39512, stack(0x000000fcb0400000,0x000000fcb0500000) (1024K)]
  0x000002aeb1344b70 JavaThread "Daemon health stats"               [_thread_blocked, id=38148, stack(0x000000fcaf100000,0x000000fcaf200000) (1024K)]
  0x000002aeb27e5040 JavaThread "Incoming local TCP Connector on port 57430"        [_thread_in_native, id=21064, stack(0x000000fcaf200000,0x000000fcaf300000) (1024K)]
  0x000002aeb19b63a0 JavaThread "Daemon"                            [_thread_blocked, id=21552, stack(0x000000fcb0a00000,0x000000fcb0b00000) (1024K)]
  0x000002aeb19b5010 JavaThread "Daemon periodic checks"            [_thread_blocked, id=38592, stack(0x000000fcb0d00000,0x000000fcb0e00000) (1024K)]
  0x000002aeb1b60a40 JavaThread "Daemon worker"                     [_thread_in_vm, id=16304, stack(0x000000fcb0f00000,0x000000fcb1000000) (1024K)]
  0x000002aeb1a31e70 JavaThread "Cache worker for journal cache (C:\Users\ê¹€ë¯¼ê·œ\.gradle\caches\journal-1)"        [_thread_blocked, id=19460, stack(0x000000fcb1500000,0x000000fcb1600000) (1024K)]
  0x000002aeb1a33f40 JavaThread "File lock request listener"        [_thread_in_native, id=17688, stack(0x000000fcb1600000,0x000000fcb1700000) (1024K)]
  0x000002aeb1a33220 JavaThread "Cache worker for file hash cache (C:\Users\ê¹€ë¯¼ê·œ\.gradle\caches\9.7.1\fileHashes)"        [_thread_blocked, id=17172, stack(0x000000fcb1700000,0x000000fcb1800000) (1024K)]
  0x000002aeb1a338b0 JavaThread "File lock release action executor"        [_thread_blocked, id=16344, stack(0x000000fcb1800000,0x000000fcb1900000) (1024K)]
  0x000002aeb2686620 JavaThread "File watcher server"        daemon [_thread_in_native, id=25008, stack(0x000000fcb1a00000,0x000000fcb1b00000) (1024K)]
  0x000002aeb2685900 JavaThread "File watcher consumer"      daemon [_thread_blocked, id=39548, stack(0x000000fcb1b00000,0x000000fcb1c00000) (1024K)]
  0x000002aeb2686cb0 JavaThread "Cache worker for file content cache (C:\Users\ê¹€ë¯¼ê·œ\.gradle\caches\9.7.1\fileContent)"        [_thread_blocked, id=6828, stack(0x000000fcb1e00000,0x000000fcb1f00000) (1024K)]
  0x000002aeb2689aa0 JavaThread "jar transforms"                    [_thread_blocked, id=22700, stack(0x000000fcb2200000,0x000000fcb2300000) (1024K)]
  0x000002aeb2687340 JavaThread "jar transforms Thread 2"           [_thread_blocked, id=39376, stack(0x000000fcb2300000,0x000000fcb2400000) (1024K)]
  0x000002aeb26886f0 JavaThread "jar transforms Thread 3"           [_thread_blocked, id=32212, stack(0x000000fcb2400000,0x000000fcb2500000) (1024K)]
  0x000002aeb406ffa0 JavaThread "Memory manager"                    [_thread_blocked, id=40852, stack(0x000000fcb2d00000,0x000000fcb2e00000) (1024K)]
  0x000002aeb4072070 JavaThread "jar transforms Thread 4"           [_thread_blocked, id=41284, stack(0x000000fcb2e00000,0x000000fcb2f00000) (1024K)]
  0x000002aeb406f910 JavaThread "VFS cleanup"                       [_thread_blocked, id=21316, stack(0x000000fcaf000000,0x000000fcaf100000) (1024K)]
  0x000002aeb4070cc0 JavaThread "Handler for socket connection from /127.0.0.1:57430 to /127.0.0.1:62581"        [_thread_in_native, id=19128, stack(0x000000fcb0b00000,0x000000fcb0c00000) (1024K)]
  0x000002aeb406ebf0 JavaThread "Daemon Thread 2"                   [_thread_blocked, id=21392, stack(0x000000fcb0c00000,0x000000fcb0d00000) (1024K)]
  0x000002aeb4071350 JavaThread "Cancel handler"                    [_thread_blocked, id=18864, stack(0x000000fcb1000000,0x000000fcb1100000) (1024K)]
  0x000002aeb406ded0 JavaThread "Daemon Thread 3"                   [_thread_blocked, id=19680, stack(0x000000fcb1100000,0x000000fcb1200000) (1024K)]
  0x000002aeb40719e0 JavaThread "Asynchronous log dispatcher for DefaultDaemonConnection: socket connection from /127.0.0.1:57430 to /127.0.0.1:62581"        [_thread_blocked, id=15600, stack(0x000000fcb0e00000,0x000000fcb0f00000) (1024K)]
  0x000002aeb406f280 JavaThread "Stdin handler"                     [_thread_blocked, id=22940, stack(0x000000fcb2000000,0x000000fcb2100000) (1024K)]
  0x000002aeb4073420 JavaThread "Daemon client event forwarder"        [_thread_blocked, id=30584, stack(0x000000fcb2100000,0x000000fcb2200000) (1024K)]
  0x000002aeb4072d90 JavaThread "Cache worker for file hash cache (C:\Users\ê¹€ë¯¼ê·œ\Desktop\goodsrun-backend\.gradle\9.7.1\fileHashes)"        [_thread_blocked, id=16236, stack(0x000000fcb2500000,0x000000fcb2600000) (1024K)]
  0x000002aeb40754f0 JavaThread "Cache worker for Build Output Cleanup Cache (C:\Users\ê¹€ë¯¼ê·œ\Desktop\goodsrun-backend\.gradle\buildOutputCleanup)"        [_thread_blocked, id=38032, stack(0x000000fcb1c00000,0x000000fcb1d00000) (1024K)]
  0x000002aeb4073ab0 JavaThread "Cache worker for checksums cache (C:\Users\ê¹€ë¯¼ê·œ\Desktop\goodsrun-backend\.gradle\9.7.1\checksums)"        [_thread_blocked, id=42156, stack(0x000000fcb1200000,0x000000fcb1300000) (1024K)]
  0x000002aeb4074140 JavaThread "Cache worker for cache directory md-supplier (C:\Users\ê¹€ë¯¼ê·œ\.gradle\caches\9.7.1\md-supplier)"        [_thread_blocked, id=39524, stack(0x000000fcb1d00000,0x000000fcb1e00000) (1024K)]
  0x000002aeb4074e60 JavaThread "Cache worker for cache directory md-rule (C:\Users\ê¹€ë¯¼ê·œ\.gradle\caches\9.7.1\md-rule)"        [_thread_blocked, id=28476, stack(0x000000fcb1f00000,0x000000fcb2000000) (1024K)]
  0x000002aeb40747d0 JavaThread "jar transforms Thread 5"           [_thread_blocked, id=12736, stack(0x000000fcb2600000,0x000000fcb2700000) (1024K)]
  0x000002aeb4072700 JavaThread "jar transforms Thread 6"           [_thread_blocked, id=27012, stack(0x000000fcb2700000,0x000000fcb2800000) (1024K)]
  0x000002aeb2682b10 JavaThread "Build operations"                  [_thread_blocked, id=43408, stack(0x000000fcb2800000,0x000000fcb2900000) (1024K)]
  0x000002aeb2685f90 JavaThread "Build operations Thread 2"         [_thread_blocked, id=43412, stack(0x000000fcb2900000,0x000000fcb2a00000) (1024K)]
  0x000002aeb2683830 JavaThread "Build operations Thread 3"         [_thread_blocked, id=43416, stack(0x000000fcb2a00000,0x000000fcb2b00000) (1024K)]
  0x000002aeb2683ec0 JavaThread "Build operations Thread 4"         [_thread_blocked, id=43420, stack(0x000000fcb2b00000,0x000000fcb2c00000) (1024K)]
  0x000002aeb2684550 JavaThread "Build operations Thread 5"         [_thread_blocked, id=43424, stack(0x000000fcb2c00000,0x000000fcb2d00000) (1024K)]
  0x000002aeb2688d80 JavaThread "Build operations Thread 6"         [_thread_blocked, id=43428, stack(0x000000fcb2f00000,0x000000fcb3000000) (1024K)]
  0x000002aeb2689410 JavaThread "Build operations Thread 7"         [_thread_blocked, id=43432, stack(0x000000fcb3000000,0x000000fcb3100000) (1024K)]
  0x000002aeb1a32b90 JavaThread "Build operations Thread 8"         [_thread_blocked, id=43468, stack(0x000000fcb3300000,0x000000fcb3400000) (1024K)]
Total: 51

Other Threads:
  0x000002aeff94fa40 VMThread "VM Thread"                           [id=38284, stack(0x000000fcafa00000,0x000000fcafb00000) (1024K)]
  0x000002aeff93fba0 WatcherThread "VM Periodic Task Thread"        [id=39472, stack(0x000000fcaf900000,0x000000fcafa00000) (1024K)]
  0x000002aefe139850 WorkerThread "GC Thread#0"                     [id=39032, stack(0x000000fcaf400000,0x000000fcaf500000) (1024K)]
  0x000002ae94670740 WorkerThread "GC Thread#1"                     [id=35996, stack(0x000000fcb0500000,0x000000fcb0600000) (1024K)]
  0x000002ae941ce9b0 WorkerThread "GC Thread#2"                     [id=33128, stack(0x000000fcb0600000,0x000000fcb0700000) (1024K)]
  0x000002ae94436550 WorkerThread "GC Thread#3"                     [id=39484, stack(0x000000fcb0700000,0x000000fcb0800000) (1024K)]
  0x000002ae94436900 WorkerThread "GC Thread#4"                     [id=34160, stack(0x000000fcb0800000,0x000000fcb0900000) (1024K)]
  0x000002ae942eca30 WorkerThread "GC Thread#5"                     [id=30772, stack(0x000000fcb0900000,0x000000fcb0a00000) (1024K)]
  0x000002aeb1d9c4e0 WorkerThread "GC Thread#6"                     [id=31748, stack(0x000000fcb1300000,0x000000fcb1400000) (1024K)]
  0x000002aeb12f4270 WorkerThread "GC Thread#7"                     [id=26008, stack(0x000000fcb1400000,0x000000fcb1500000) (1024K)]
  0x000002aefe140770 ConcurrentGCThread "G1 Main Marker"            [id=39036, stack(0x000000fcaf500000,0x000000fcaf600000) (1024K)]
  0x000002aefe1419a0 WorkerThread "G1 Conc#0"                       [id=39040, stack(0x000000fcaf600000,0x000000fcaf700000) (1024K)]
  0x000002aeb42c9190 WorkerThread "G1 Conc#1"                       [id=39408, stack(0x000000fcb1900000,0x000000fcb1a00000) (1024K)]
  0x000002aeff8125d0 ConcurrentGCThread "G1 Refine#0"               [id=37112, stack(0x000000fcaf700000,0x000000fcaf800000) (1024K)]
  0x000002aeff812f60 ConcurrentGCThread "G1 Service"                [id=34232, stack(0x000000fcaf800000,0x000000fcaf900000) (1024K)]
Total: 15

Threads with active compile tasks:
C2 CompilerThread0  306608 8669   !   4       java.lang.reflect.Executable::sharedToGenericString (255 bytes)
Total: 1

VM state: not at safepoint (normal execution)

VM Mutex/Monitor currently owned by a thread: None

Heap address: 0x00000000e0000000, size: 512 MB, Compressed Oops mode: 32-bit

CDS archive(s) mapped at: [0x000002ae95000000-0x000002ae95ba0000-0x000002ae95ba0000), size 12189696, SharedBaseAddress: 0x000002ae95000000, ArchiveRelocationMode: 1.
Compressed class space mapped at: 0x000002ae96000000-0x000002aeaa000000, reserved size: 335544320
Narrow klass base: 0x000002ae95000000, Narrow klass shift: 0, Narrow klass range: 0x100000000

GC Precious Log:
 CardTable entry size: 512
 Card Set container configuration: InlinePtr #cards 5 size 8 Array Of Cards #cards 12 size 40 Howl #buckets 4 coarsen threshold 1843 Howl Bitmap #cards 512 size 80 coarsen threshold 460 Card regions per heap region 1 cards per card region 2048
 CPUs: 8 total, 8 available
 Memory: 16108M
 Large Page Support: Disabled
 NUMA Support: Disabled
 Compressed Oops: Enabled (32-bit)
 Heap Region Size: 1M
 Heap Min Capacity: 256M
 Heap Initial Capacity: 256M
 Heap Max Capacity: 512M
 Pre-touch: Disabled
 Parallel Workers: 8
 Concurrent Workers: 2
 Concurrent Refinement Workers: 8
 Periodic GC: Disabled

Heap:
 garbage-first heap   total 262144K, used 80242K [0x00000000e0000000, 0x0000000100000000)
  region size 1024K, 51 young (52224K), 19 survivors (19456K)
 Metaspace       used 59197K, committed 61440K, reserved 393216K
  class space    used 8865K, committed 9984K, reserved 327680K

Heap Regions: E=young(eden), S=young(survivor), O=old, HS=humongous(starts), HC=humongous(continues), CS=collection set, F=free, TAMS=top-at-mark-start, PB=parsable bottom
|   0|0x00000000e0000000, 0x00000000e0100000, 0x00000000e0100000|100%|HS|  |TAMS 0x00000000e0000000| PB 0x00000000e0000000| Complete 
|   1|0x00000000e0100000, 0x00000000e0200000, 0x00000000e0200000|100%|HC|  |TAMS 0x00000000e0100000| PB 0x00000000e0100000| Complete 
|   2|0x00000000e0200000, 0x00000000e0300000, 0x00000000e0300000|100%|HC|  |TAMS 0x00000000e0200000| PB 0x00000000e0200000| Complete 
|   3|0x00000000e0300000, 0x00000000e0400000, 0x00000000e0400000|100%|HC|  |TAMS 0x00000000e0300000| PB 0x00000000e0300000| Complete 
|   4|0x00000000e0400000, 0x00000000e0500000, 0x00000000e0500000|100%| O|  |TAMS 0x00000000e0400000| PB 0x00000000e0400000| Untracked 
|   5|0x00000000e0500000, 0x00000000e0600000, 0x00000000e0600000|100%| O|  |TAMS 0x00000000e0500000| PB 0x00000000e0500000| Untracked 
|   6|0x00000000e0600000, 0x00000000e0700000, 0x00000000e0700000|100%| O|  |TAMS 0x00000000e0600000| PB 0x00000000e0600000| Untracked 
|   7|0x00000000e0700000, 0x00000000e0800000, 0x00000000e0800000|100%| O|  |TAMS 0x00000000e0700000| PB 0x00000000e0700000| Untracked 
|   8|0x00000000e0800000, 0x00000000e0900000, 0x00000000e0900000|100%| O|  |TAMS 0x00000000e0800000| PB 0x00000000e0800000| Untracked 
|   9|0x00000000e0900000, 0x00000000e0a00000, 0x00000000e0a00000|100%| O|  |TAMS 0x00000000e0900000| PB 0x00000000e0900000| Untracked 
|  10|0x00000000e0a00000, 0x00000000e0b00000, 0x00000000e0b00000|100%| O|  |TAMS 0x00000000e0a00000| PB 0x00000000e0a00000| Untracked 
|  11|0x00000000e0b00000, 0x00000000e0c00000, 0x00000000e0c00000|100%|HS|  |TAMS 0x00000000e0b00000| PB 0x00000000e0b00000| Complete 
|  12|0x00000000e0c00000, 0x00000000e0d00000, 0x00000000e0d00000|100%| O|  |TAMS 0x00000000e0c00000| PB 0x00000000e0c00000| Untracked 
|  13|0x00000000e0d00000, 0x00000000e0e00000, 0x00000000e0e00000|100%| O|  |TAMS 0x00000000e0d00000| PB 0x00000000e0d00000| Untracked 
|  14|0x00000000e0e00000, 0x00000000e0f00000, 0x00000000e0f00000|100%| O|  |TAMS 0x00000000e0e00000| PB 0x00000000e0e00000| Untracked 
|  15|0x00000000e0f00000, 0x00000000e1000000, 0x00000000e1000000|100%| O|  |TAMS 0x00000000e0f00000| PB 0x00000000e0f00000| Untracked 
|  16|0x00000000e1000000, 0x00000000e1100000, 0x00000000e1100000|100%| O|  |TAMS 0x00000000e1000000| PB 0x00000000e1000000| Untracked 
|  17|0x00000000e1100000, 0x00000000e1200000, 0x00000000e1200000|100%| O|  |TAMS 0x00000000e1100000| PB 0x00000000e1100000| Untracked 
|  18|0x00000000e1200000, 0x00000000e1300000, 0x00000000e1300000|100%| O|  |TAMS 0x00000000e1200000| PB 0x00000000e1200000| Untracked 
|  19|0x00000000e1300000, 0x00000000e1400000, 0x00000000e1400000|100%| O|  |TAMS 0x00000000e1300000| PB 0x00000000e1300000| Untracked 
|  20|0x00000000e1400000, 0x00000000e1500000, 0x00000000e1500000|100%| O|  |TAMS 0x00000000e1400000| PB 0x00000000e1400000| Untracked 
|  21|0x00000000e1500000, 0x00000000e1600000, 0x00000000e1600000|100%| O|  |TAMS 0x00000000e1500000| PB 0x00000000e1500000| Untracked 
|  22|0x00000000e1600000, 0x00000000e1700000, 0x00000000e1700000|100%| O|  |TAMS 0x00000000e1600000| PB 0x00000000e1600000| Untracked 
|  23|0x00000000e1700000, 0x00000000e1800000, 0x00000000e1800000|100%| O|Cm|TAMS 0x00000000e1700000| PB 0x00000000e1700000| Complete 
|  24|0x00000000e1800000, 0x00000000e1900000, 0x00000000e1900000|100%| O|  |TAMS 0x00000000e1800000| PB 0x00000000e1800000| Untracked 
|  25|0x00000000e1900000, 0x00000000e1a00000, 0x00000000e1a00000|100%| O|  |TAMS 0x00000000e1900000| PB 0x00000000e1900000| Untracked 
|  26|0x00000000e1a00000, 0x00000000e1b00000, 0x00000000e1b00000|100%| O|  |TAMS 0x00000000e1a00000| PB 0x00000000e1a00000| Untracked 
|  27|0x00000000e1b00000, 0x00000000e1c00000, 0x00000000e1c00000|100%| O|  |TAMS 0x00000000e1b00000| PB 0x00000000e1b00000| Untracked 
|  28|0x00000000e1c00000, 0x00000000e1d00000, 0x00000000e1d00000|100%| O|  |TAMS 0x00000000e1c00000| PB 0x00000000e1c00000| Untracked 
|  29|0x00000000e1d00000, 0x00000000e1d848a0, 0x00000000e1e00000| 51%| O|  |TAMS 0x00000000e1d00000| PB 0x00000000e1d00000| Untracked 
|  30|0x00000000e1e00000, 0x00000000e1e00000, 0x00000000e1f00000|  0%| F|  |TAMS 0x00000000e1e00000| PB 0x00000000e1e00000| Untracked 
|  31|0x00000000e1f00000, 0x00000000e1f00000, 0x00000000e2000000|  0%| F|  |TAMS 0x00000000e1f00000| PB 0x00000000e1f00000| Untracked 
|  32|0x00000000e2000000, 0x00000000e2000000, 0x00000000e2100000|  0%| F|  |TAMS 0x00000000e2000000| PB 0x00000000e2000000| Untracked 
|  33|0x00000000e2100000, 0x00000000e2100000, 0x00000000e2200000|  0%| F|  |TAMS 0x00000000e2100000| PB 0x00000000e2100000| Untracked 
|  34|0x00000000e2200000, 0x00000000e2200000, 0x00000000e2300000|  0%| F|  |TAMS 0x00000000e2200000| PB 0x00000000e2200000| Untracked 
|  35|0x00000000e2300000, 0x00000000e2300000, 0x00000000e2400000|  0%| F|  |TAMS 0x00000000e2300000| PB 0x00000000e2300000| Untracked 
|  36|0x00000000e2400000, 0x00000000e2400000, 0x00000000e2500000|  0%| F|  |TAMS 0x00000000e2400000| PB 0x00000000e2400000| Untracked 
|  37|0x00000000e2500000, 0x00000000e2500000, 0x00000000e2600000|  0%| F|  |TAMS 0x00000000e2500000| PB 0x00000000e2500000| Untracked 
|  38|0x00000000e2600000, 0x00000000e2600000, 0x00000000e2700000|  0%| F|  |TAMS 0x00000000e2600000| PB 0x00000000e2600000| Untracked 
|  39|0x00000000e2700000, 0x00000000e2700000, 0x00000000e2800000|  0%| F|  |TAMS 0x00000000e2700000| PB 0x00000000e2700000| Untracked 
|  40|0x00000000e2800000, 0x00000000e2800000, 0x00000000e2900000|  0%| F|  |TAMS 0x00000000e2800000| PB 0x00000000e2800000| Untracked 
|  41|0x00000000e2900000, 0x00000000e2900000, 0x00000000e2a00000|  0%| F|  |TAMS 0x00000000e2900000| PB 0x00000000e2900000| Untracked 
|  42|0x00000000e2a00000, 0x00000000e2a00000, 0x00000000e2b00000|  0%| F|  |TAMS 0x00000000e2a00000| PB 0x00000000e2a00000| Untracked 
|  43|0x00000000e2b00000, 0x00000000e2b00000, 0x00000000e2c00000|  0%| F|  |TAMS 0x00000000e2b00000| PB 0x00000000e2b00000| Untracked 
|  44|0x00000000e2c00000, 0x00000000e2c00000, 0x00000000e2d00000|  0%| F|  |TAMS 0x00000000e2c00000| PB 0x00000000e2c00000| Untracked 
|  45|0x00000000e2d00000, 0x00000000e2d00000, 0x00000000e2e00000|  0%| F|  |TAMS 0x00000000e2d00000| PB 0x00000000e2d00000| Untracked 
|  46|0x00000000e2e00000, 0x00000000e2e00000, 0x00000000e2f00000|  0%| F|  |TAMS 0x00000000e2e00000| PB 0x00000000e2e00000| Untracked 
|  47|0x00000000e2f00000, 0x00000000e2f00000, 0x00000000e3000000|  0%| F|  |TAMS 0x00000000e2f00000| PB 0x00000000e2f00000| Untracked 
|  48|0x00000000e3000000, 0x00000000e3000000, 0x00000000e3100000|  0%| F|  |TAMS 0x00000000e3000000| PB 0x00000000e3000000| Untracked 
|  49|0x00000000e3100000, 0x00000000e3100000, 0x00000000e3200000|  0%| F|  |TAMS 0x00000000e3100000| PB 0x00000000e3100000| Untracked 
|  50|0x00000000e3200000, 0x00000000e3200000, 0x00000000e3300000|  0%| F|  |TAMS 0x00000000e3200000| PB 0x00000000e3200000| Untracked 
|  51|0x00000000e3300000, 0x00000000e3300000, 0x00000000e3400000|  0%| F|  |TAMS 0x00000000e3300000| PB 0x00000000e3300000| Untracked 
|  52|0x00000000e3400000, 0x00000000e3400000, 0x00000000e3500000|  0%| F|  |TAMS 0x00000000e3400000| PB 0x00000000e3400000| Untracked 
|  53|0x00000000e3500000, 0x00000000e3500000, 0x00000000e3600000|  0%| F|  |TAMS 0x00000000e3500000| PB 0x00000000e3500000| Untracked 
|  54|0x00000000e3600000, 0x00000000e3600000, 0x00000000e3700000|  0%| F|  |TAMS 0x00000000e3600000| PB 0x00000000e3600000| Untracked 
|  55|0x00000000e3700000, 0x00000000e3700000, 0x00000000e3800000|  0%| F|  |TAMS 0x00000000e3700000| PB 0x00000000e3700000| Untracked 
|  56|0x00000000e3800000, 0x00000000e3800000, 0x00000000e3900000|  0%| F|  |TAMS 0x00000000e3800000| PB 0x00000000e3800000| Untracked 
|  57|0x00000000e3900000, 0x00000000e3900000, 0x00000000e3a00000|  0%| F|  |TAMS 0x00000000e3900000| PB 0x00000000e3900000| Untracked 
|  58|0x00000000e3a00000, 0x00000000e3a00000, 0x00000000e3b00000|  0%| F|  |TAMS 0x00000000e3a00000| PB 0x00000000e3a00000| Untracked 
|  59|0x00000000e3b00000, 0x00000000e3b00000, 0x00000000e3c00000|  0%| F|  |TAMS 0x00000000e3b00000| PB 0x00000000e3b00000| Untracked 
|  60|0x00000000e3c00000, 0x00000000e3c00000, 0x00000000e3d00000|  0%| F|  |TAMS 0x00000000e3c00000| PB 0x00000000e3c00000| Untracked 
|  61|0x00000000e3d00000, 0x00000000e3d00000, 0x00000000e3e00000|  0%| F|  |TAMS 0x00000000e3d00000| PB 0x00000000e3d00000| Untracked 
|  62|0x00000000e3e00000, 0x00000000e3e00000, 0x00000000e3f00000|  0%| F|  |TAMS 0x00000000e3e00000| PB 0x00000000e3e00000| Untracked 
|  63|0x00000000e3f00000, 0x00000000e3f00000, 0x00000000e4000000|  0%| F|  |TAMS 0x00000000e3f00000| PB 0x00000000e3f00000| Untracked 
|  64|0x00000000e4000000, 0x00000000e4000000, 0x00000000e4100000|  0%| F|  |TAMS 0x00000000e4000000| PB 0x00000000e4000000| Untracked 
|  65|0x00000000e4100000, 0x00000000e4100000, 0x00000000e4200000|  0%| F|  |TAMS 0x00000000e4100000| PB 0x00000000e4100000| Untracked 
|  66|0x00000000e4200000, 0x00000000e4200000, 0x00000000e4300000|  0%| F|  |TAMS 0x00000000e4200000| PB 0x00000000e4200000| Untracked 
|  67|0x00000000e4300000, 0x00000000e4300000, 0x00000000e4400000|  0%| F|  |TAMS 0x00000000e4300000| PB 0x00000000e4300000| Untracked 
|  68|0x00000000e4400000, 0x00000000e4400000, 0x00000000e4500000|  0%| F|  |TAMS 0x00000000e4400000| PB 0x00000000e4400000| Untracked 
|  69|0x00000000e4500000, 0x00000000e4500000, 0x00000000e4600000|  0%| F|  |TAMS 0x00000000e4500000| PB 0x00000000e4500000| Untracked 
|  70|0x00000000e4600000, 0x00000000e4600000, 0x00000000e4700000|  0%| F|  |TAMS 0x00000000e4600000| PB 0x00000000e4600000| Untracked 
|  71|0x00000000e4700000, 0x00000000e4700000, 0x00000000e4800000|  0%| F|  |TAMS 0x00000000e4700000| PB 0x00000000e4700000| Untracked 
|  72|0x00000000e4800000, 0x00000000e4800000, 0x00000000e4900000|  0%| F|  |TAMS 0x00000000e4800000| PB 0x00000000e4800000| Untracked 
|  73|0x00000000e4900000, 0x00000000e4900000, 0x00000000e4a00000|  0%| F|  |TAMS 0x00000000e4900000| PB 0x00000000e4900000| Untracked 
|  74|0x00000000e4a00000, 0x00000000e4a00000, 0x00000000e4b00000|  0%| F|  |TAMS 0x00000000e4a00000| PB 0x00000000e4a00000| Untracked 
|  75|0x00000000e4b00000, 0x00000000e4b00000, 0x00000000e4c00000|  0%| F|  |TAMS 0x00000000e4b00000| PB 0x00000000e4b00000| Untracked 
|  76|0x00000000e4c00000, 0x00000000e4c00000, 0x00000000e4d00000|  0%| F|  |TAMS 0x00000000e4c00000| PB 0x00000000e4c00000| Untracked 
|  77|0x00000000e4d00000, 0x00000000e4d00000, 0x00000000e4e00000|  0%| F|  |TAMS 0x00000000e4d00000| PB 0x00000000e4d00000| Untracked 
|  78|0x00000000e4e00000, 0x00000000e4e00000, 0x00000000e4f00000|  0%| F|  |TAMS 0x00000000e4e00000| PB 0x00000000e4e00000| Untracked 
|  79|0x00000000e4f00000, 0x00000000e4f00000, 0x00000000e5000000|  0%| F|  |TAMS 0x00000000e4f00000| PB 0x00000000e4f00000| Untracked 
|  80|0x00000000e5000000, 0x00000000e5000000, 0x00000000e5100000|  0%| F|  |TAMS 0x00000000e5000000| PB 0x00000000e5000000| Untracked 
|  81|0x00000000e5100000, 0x00000000e5100000, 0x00000000e5200000|  0%| F|  |TAMS 0x00000000e5100000| PB 0x00000000e5100000| Untracked 
|  82|0x00000000e5200000, 0x00000000e5200000, 0x00000000e5300000|  0%| F|  |TAMS 0x00000000e5200000| PB 0x00000000e5200000| Untracked 
|  83|0x00000000e5300000, 0x00000000e5300000, 0x00000000e5400000|  0%| F|  |TAMS 0x00000000e5300000| PB 0x00000000e5300000| Untracked 
|  84|0x00000000e5400000, 0x00000000e5400000, 0x00000000e5500000|  0%| F|  |TAMS 0x00000000e5400000| PB 0x00000000e5400000| Untracked 
|  85|0x00000000e5500000, 0x00000000e5500000, 0x00000000e5600000|  0%| F|  |TAMS 0x00000000e5500000| PB 0x00000000e5500000| Untracked 
|  86|0x00000000e5600000, 0x00000000e5600000, 0x00000000e5700000|  0%| F|  |TAMS 0x00000000e5600000| PB 0x00000000e5600000| Untracked 
|  87|0x00000000e5700000, 0x00000000e5700000, 0x00000000e5800000|  0%| F|  |TAMS 0x00000000e5700000| PB 0x00000000e5700000| Untracked 
|  88|0x00000000e5800000, 0x00000000e5800000, 0x00000000e5900000|  0%| F|  |TAMS 0x00000000e5800000| PB 0x00000000e5800000| Untracked 
|  89|0x00000000e5900000, 0x00000000e5900000, 0x00000000e5a00000|  0%| F|  |TAMS 0x00000000e5900000| PB 0x00000000e5900000| Untracked 
|  90|0x00000000e5a00000, 0x00000000e5a00000, 0x00000000e5b00000|  0%| F|  |TAMS 0x00000000e5a00000| PB 0x00000000e5a00000| Untracked 
|  91|0x00000000e5b00000, 0x00000000e5b00000, 0x00000000e5c00000|  0%| F|  |TAMS 0x00000000e5b00000| PB 0x00000000e5b00000| Untracked 
|  92|0x00000000e5c00000, 0x00000000e5c00000, 0x00000000e5d00000|  0%| F|  |TAMS 0x00000000e5c00000| PB 0x00000000e5c00000| Untracked 
|  93|0x00000000e5d00000, 0x00000000e5d00000, 0x00000000e5e00000|  0%| F|  |TAMS 0x00000000e5d00000| PB 0x00000000e5d00000| Untracked 
|  94|0x00000000e5e00000, 0x00000000e5e00000, 0x00000000e5f00000|  0%| F|  |TAMS 0x00000000e5e00000| PB 0x00000000e5e00000| Untracked 
|  95|0x00000000e5f00000, 0x00000000e5f00000, 0x00000000e6000000|  0%| F|  |TAMS 0x00000000e5f00000| PB 0x00000000e5f00000| Untracked 
|  96|0x00000000e6000000, 0x00000000e6000000, 0x00000000e6100000|  0%| F|  |TAMS 0x00000000e6000000| PB 0x00000000e6000000| Untracked 
|  97|0x00000000e6100000, 0x00000000e6100000, 0x00000000e6200000|  0%| F|  |TAMS 0x00000000e6100000| PB 0x00000000e6100000| Untracked 
|  98|0x00000000e6200000, 0x00000000e6200000, 0x00000000e6300000|  0%| F|  |TAMS 0x00000000e6200000| PB 0x00000000e6200000| Untracked 
|  99|0x00000000e6300000, 0x00000000e6300000, 0x00000000e6400000|  0%| F|  |TAMS 0x00000000e6300000| PB 0x00000000e6300000| Untracked 
| 100|0x00000000e6400000, 0x00000000e6400000, 0x00000000e6500000|  0%| F|  |TAMS 0x00000000e6400000| PB 0x00000000e6400000| Untracked 
| 101|0x00000000e6500000, 0x00000000e6500000, 0x00000000e6600000|  0%| F|  |TAMS 0x00000000e6500000| PB 0x00000000e6500000| Untracked 
| 102|0x00000000e6600000, 0x00000000e6600000, 0x00000000e6700000|  0%| F|  |TAMS 0x00000000e6600000| PB 0x00000000e6600000| Untracked 
| 103|0x00000000e6700000, 0x00000000e6700000, 0x00000000e6800000|  0%| F|  |TAMS 0x00000000e6700000| PB 0x00000000e6700000| Untracked 
| 104|0x00000000e6800000, 0x00000000e6800000, 0x00000000e6900000|  0%| F|  |TAMS 0x00000000e6800000| PB 0x00000000e6800000| Untracked 
| 105|0x00000000e6900000, 0x00000000e6900000, 0x00000000e6a00000|  0%| F|  |TAMS 0x00000000e6900000| PB 0x00000000e6900000| Untracked 
| 106|0x00000000e6a00000, 0x00000000e6a00000, 0x00000000e6b00000|  0%| F|  |TAMS 0x00000000e6a00000| PB 0x00000000e6a00000| Untracked 
| 107|0x00000000e6b00000, 0x00000000e6b00000, 0x00000000e6c00000|  0%| F|  |TAMS 0x00000000e6b00000| PB 0x00000000e6b00000| Untracked 
| 108|0x00000000e6c00000, 0x00000000e6c00000, 0x00000000e6d00000|  0%| F|  |TAMS 0x00000000e6c00000| PB 0x00000000e6c00000| Untracked 
| 109|0x00000000e6d00000, 0x00000000e6d00000, 0x00000000e6e00000|  0%| F|  |TAMS 0x00000000e6d00000| PB 0x00000000e6d00000| Untracked 
| 110|0x00000000e6e00000, 0x00000000e6e00000, 0x00000000e6f00000|  0%| F|  |TAMS 0x00000000e6e00000| PB 0x00000000e6e00000| Untracked 
| 111|0x00000000e6f00000, 0x00000000e6f00000, 0x00000000e7000000|  0%| F|  |TAMS 0x00000000e6f00000| PB 0x00000000e6f00000| Untracked 
| 112|0x00000000e7000000, 0x00000000e7000000, 0x00000000e7100000|  0%| F|  |TAMS 0x00000000e7000000| PB 0x00000000e7000000| Untracked 
| 113|0x00000000e7100000, 0x00000000e7100000, 0x00000000e7200000|  0%| F|  |TAMS 0x00000000e7100000| PB 0x00000000e7100000| Untracked 
| 114|0x00000000e7200000, 0x00000000e7200000, 0x00000000e7300000|  0%| F|  |TAMS 0x00000000e7200000| PB 0x00000000e7200000| Untracked 
| 115|0x00000000e7300000, 0x00000000e7300000, 0x00000000e7400000|  0%| F|  |TAMS 0x00000000e7300000| PB 0x00000000e7300000| Untracked 
| 116|0x00000000e7400000, 0x00000000e7400000, 0x00000000e7500000|  0%| F|  |TAMS 0x00000000e7400000| PB 0x00000000e7400000| Untracked 
| 117|0x00000000e7500000, 0x00000000e7500000, 0x00000000e7600000|  0%| F|  |TAMS 0x00000000e7500000| PB 0x00000000e7500000| Untracked 
| 118|0x00000000e7600000, 0x00000000e7600000, 0x00000000e7700000|  0%| F|  |TAMS 0x00000000e7600000| PB 0x00000000e7600000| Untracked 
| 119|0x00000000e7700000, 0x00000000e7700000, 0x00000000e7800000|  0%| F|  |TAMS 0x00000000e7700000| PB 0x00000000e7700000| Untracked 
| 120|0x00000000e7800000, 0x00000000e7800000, 0x00000000e7900000|  0%| F|  |TAMS 0x00000000e7800000| PB 0x00000000e7800000| Untracked 
| 121|0x00000000e7900000, 0x00000000e7900000, 0x00000000e7a00000|  0%| F|  |TAMS 0x00000000e7900000| PB 0x00000000e7900000| Untracked 
| 122|0x00000000e7a00000, 0x00000000e7a00000, 0x00000000e7b00000|  0%| F|  |TAMS 0x00000000e7a00000| PB 0x00000000e7a00000| Untracked 
| 123|0x00000000e7b00000, 0x00000000e7b00000, 0x00000000e7c00000|  0%| F|  |TAMS 0x00000000e7b00000| PB 0x00000000e7b00000| Untracked 
| 124|0x00000000e7c00000, 0x00000000e7c00000, 0x00000000e7d00000|  0%| F|  |TAMS 0x00000000e7c00000| PB 0x00000000e7c00000| Untracked 
| 125|0x00000000e7d00000, 0x00000000e7d00000, 0x00000000e7e00000|  0%| F|  |TAMS 0x00000000e7d00000| PB 0x00000000e7d00000| Untracked 
| 126|0x00000000e7e00000, 0x00000000e7ed80f0, 0x00000000e7f00000| 84%| S|CS|TAMS 0x00000000e7e00000| PB 0x00000000e7e00000| Complete 
| 127|0x00000000e7f00000, 0x00000000e8000000, 0x00000000e8000000|100%| S|CS|TAMS 0x00000000e7f00000| PB 0x00000000e7f00000| Complete 
| 128|0x00000000e8000000, 0x00000000e8100000, 0x00000000e8100000|100%| S|CS|TAMS 0x00000000e8000000| PB 0x00000000e8000000| Complete 
| 129|0x00000000e8100000, 0x00000000e8200000, 0x00000000e8200000|100%| S|CS|TAMS 0x00000000e8100000| PB 0x00000000e8100000| Complete 
| 130|0x00000000e8200000, 0x00000000e8300000, 0x00000000e8300000|100%| S|CS|TAMS 0x00000000e8200000| PB 0x00000000e8200000| Complete 
| 131|0x00000000e8300000, 0x00000000e8400000, 0x00000000e8400000|100%| S|CS|TAMS 0x00000000e8300000| PB 0x00000000e8300000| Complete 
| 132|0x00000000e8400000, 0x00000000e8500000, 0x00000000e8500000|100%| S|CS|TAMS 0x00000000e8400000| PB 0x00000000e8400000| Complete 
| 133|0x00000000e8500000, 0x00000000e8600000, 0x00000000e8600000|100%| S|CS|TAMS 0x00000000e8500000| PB 0x00000000e8500000| Complete 
| 134|0x00000000e8600000, 0x00000000e8700000, 0x00000000e8700000|100%| S|CS|TAMS 0x00000000e8600000| PB 0x00000000e8600000| Complete 
| 135|0x00000000e8700000, 0x00000000e8800000, 0x00000000e8800000|100%| S|CS|TAMS 0x00000000e8700000| PB 0x00000000e8700000| Complete 
| 136|0x00000000e8800000, 0x00000000e8900000, 0x00000000e8900000|100%| S|CS|TAMS 0x00000000e8800000| PB 0x00000000e8800000| Complete 
| 137|0x00000000e8900000, 0x00000000e8a00000, 0x00000000e8a00000|100%| S|CS|TAMS 0x00000000e8900000| PB 0x00000000e8900000| Complete 
| 138|0x00000000e8a00000, 0x00000000e8b00000, 0x00000000e8b00000|100%| S|CS|TAMS 0x00000000e8a00000| PB 0x00000000e8a00000| Complete 
| 139|0x00000000e8b00000, 0x00000000e8c00000, 0x00000000e8c00000|100%| S|CS|TAMS 0x00000000e8b00000| PB 0x00000000e8b00000| Complete 
| 140|0x00000000e8c00000, 0x00000000e8d00000, 0x00000000e8d00000|100%| S|CS|TAMS 0x00000000e8c00000| PB 0x00000000e8c00000| Complete 
| 141|0x00000000e8d00000, 0x00000000e8e00000, 0x00000000e8e00000|100%| S|CS|TAMS 0x00000000e8d00000| PB 0x00000000e8d00000| Complete 
| 142|0x00000000e8e00000, 0x00000000e8f00000, 0x00000000e8f00000|100%| S|CS|TAMS 0x00000000e8e00000| PB 0x00000000e8e00000| Complete 
| 143|0x00000000e8f00000, 0x00000000e9000000, 0x00000000e9000000|100%| S|CS|TAMS 0x00000000e8f00000| PB 0x00000000e8f00000| Complete 
| 144|0x00000000e9000000, 0x00000000e9100000, 0x00000000e9100000|100%| S|CS|TAMS 0x00000000e9000000| PB 0x00000000e9000000| Complete 
| 145|0x00000000e9100000, 0x00000000e9100000, 0x00000000e9200000|  0%| F|  |TAMS 0x00000000e9100000| PB 0x00000000e9100000| Untracked 
| 146|0x00000000e9200000, 0x00000000e9200000, 0x00000000e9300000|  0%| F|  |TAMS 0x00000000e9200000| PB 0x00000000e9200000| Untracked 
| 147|0x00000000e9300000, 0x00000000e9300000, 0x00000000e9400000|  0%| F|  |TAMS 0x00000000e9300000| PB 0x00000000e9300000| Untracked 
| 148|0x00000000e9400000, 0x00000000e9400000, 0x00000000e9500000|  0%| F|  |TAMS 0x00000000e9400000| PB 0x00000000e9400000| Untracked 
| 149|0x00000000e9500000, 0x00000000e9500000, 0x00000000e9600000|  0%| F|  |TAMS 0x00000000e9500000| PB 0x00000000e9500000| Untracked 
| 150|0x00000000e9600000, 0x00000000e9600000, 0x00000000e9700000|  0%| F|  |TAMS 0x00000000e9600000| PB 0x00000000e9600000| Untracked 
| 151|0x00000000e9700000, 0x00000000e9700000, 0x00000000e9800000|  0%| F|  |TAMS 0x00000000e9700000| PB 0x00000000e9700000| Untracked 
| 152|0x00000000e9800000, 0x00000000e9800000, 0x00000000e9900000|  0%| F|  |TAMS 0x00000000e9800000| PB 0x00000000e9800000| Untracked 
| 153|0x00000000e9900000, 0x00000000e9900000, 0x00000000e9a00000|  0%| F|  |TAMS 0x00000000e9900000| PB 0x00000000e9900000| Untracked 
| 154|0x00000000e9a00000, 0x00000000e9a00000, 0x00000000e9b00000|  0%| F|  |TAMS 0x00000000e9a00000| PB 0x00000000e9a00000| Untracked 
| 155|0x00000000e9b00000, 0x00000000e9b00000, 0x00000000e9c00000|  0%| F|  |TAMS 0x00000000e9b00000| PB 0x00000000e9b00000| Untracked 
| 156|0x00000000e9c00000, 0x00000000e9c00000, 0x00000000e9d00000|  0%| F|  |TAMS 0x00000000e9c00000| PB 0x00000000e9c00000| Untracked 
| 157|0x00000000e9d00000, 0x00000000e9d00000, 0x00000000e9e00000|  0%| F|  |TAMS 0x00000000e9d00000| PB 0x00000000e9d00000| Untracked 
| 158|0x00000000e9e00000, 0x00000000e9e00000, 0x00000000e9f00000|  0%| F|  |TAMS 0x00000000e9e00000| PB 0x00000000e9e00000| Untracked 
| 159|0x00000000e9f00000, 0x00000000e9f00000, 0x00000000ea000000|  0%| F|  |TAMS 0x00000000e9f00000| PB 0x00000000e9f00000| Untracked 
| 160|0x00000000ea000000, 0x00000000ea000000, 0x00000000ea100000|  0%| F|  |TAMS 0x00000000ea000000| PB 0x00000000ea000000| Untracked 
| 161|0x00000000ea100000, 0x00000000ea100000, 0x00000000ea200000|  0%| F|  |TAMS 0x00000000ea100000| PB 0x00000000ea100000| Untracked 
| 162|0x00000000ea200000, 0x00000000ea200000, 0x00000000ea300000|  0%| F|  |TAMS 0x00000000ea200000| PB 0x00000000ea200000| Untracked 
| 163|0x00000000ea300000, 0x00000000ea300000, 0x00000000ea400000|  0%| F|  |TAMS 0x00000000ea300000| PB 0x00000000ea300000| Untracked 
| 164|0x00000000ea400000, 0x00000000ea400000, 0x00000000ea500000|  0%| F|  |TAMS 0x00000000ea400000| PB 0x00000000ea400000| Untracked 
| 165|0x00000000ea500000, 0x00000000ea500000, 0x00000000ea600000|  0%| F|  |TAMS 0x00000000ea500000| PB 0x00000000ea500000| Untracked 
| 166|0x00000000ea600000, 0x00000000ea600000, 0x00000000ea700000|  0%| F|  |TAMS 0x00000000ea600000| PB 0x00000000ea600000| Untracked 
| 167|0x00000000ea700000, 0x00000000ea700000, 0x00000000ea800000|  0%| F|  |TAMS 0x00000000ea700000| PB 0x00000000ea700000| Untracked 
| 168|0x00000000ea800000, 0x00000000ea800000, 0x00000000ea900000|  0%| F|  |TAMS 0x00000000ea800000| PB 0x00000000ea800000| Untracked 
| 169|0x00000000ea900000, 0x00000000ea900000, 0x00000000eaa00000|  0%| F|  |TAMS 0x00000000ea900000| PB 0x00000000ea900000| Untracked 
| 170|0x00000000eaa00000, 0x00000000eaa00000, 0x00000000eab00000|  0%| F|  |TAMS 0x00000000eaa00000| PB 0x00000000eaa00000| Untracked 
| 171|0x00000000eab00000, 0x00000000eab00000, 0x00000000eac00000|  0%| F|  |TAMS 0x00000000eab00000| PB 0x00000000eab00000| Untracked 
| 172|0x00000000eac00000, 0x00000000eac00000, 0x00000000ead00000|  0%| F|  |TAMS 0x00000000eac00000| PB 0x00000000eac00000| Untracked 
| 173|0x00000000ead00000, 0x00000000ead00000, 0x00000000eae00000|  0%| F|  |TAMS 0x00000000ead00000| PB 0x00000000ead00000| Untracked 
| 174|0x00000000eae00000, 0x00000000eae00000, 0x00000000eaf00000|  0%| F|  |TAMS 0x00000000eae00000| PB 0x00000000eae00000| Untracked 
| 175|0x00000000eaf00000, 0x00000000eaf00000, 0x00000000eb000000|  0%| F|  |TAMS 0x00000000eaf00000| PB 0x00000000eaf00000| Untracked 
| 176|0x00000000eb000000, 0x00000000eb000000, 0x00000000eb100000|  0%| F|  |TAMS 0x00000000eb000000| PB 0x00000000eb000000| Untracked 
| 177|0x00000000eb100000, 0x00000000eb100000, 0x00000000eb200000|  0%| F|  |TAMS 0x00000000eb100000| PB 0x00000000eb100000| Untracked 
| 178|0x00000000eb200000, 0x00000000eb200000, 0x00000000eb300000|  0%| F|  |TAMS 0x00000000eb200000| PB 0x00000000eb200000| Untracked 
| 179|0x00000000eb300000, 0x00000000eb300000, 0x00000000eb400000|  0%| F|  |TAMS 0x00000000eb300000| PB 0x00000000eb300000| Untracked 
| 180|0x00000000eb400000, 0x00000000eb400000, 0x00000000eb500000|  0%| F|  |TAMS 0x00000000eb400000| PB 0x00000000eb400000| Untracked 
| 181|0x00000000eb500000, 0x00000000eb500000, 0x00000000eb600000|  0%| F|  |TAMS 0x00000000eb500000| PB 0x00000000eb500000| Untracked 
| 182|0x00000000eb600000, 0x00000000eb600000, 0x00000000eb700000|  0%| F|  |TAMS 0x00000000eb600000| PB 0x00000000eb600000| Untracked 
| 183|0x00000000eb700000, 0x00000000eb700000, 0x00000000eb800000|  0%| F|  |TAMS 0x00000000eb700000| PB 0x00000000eb700000| Untracked 
| 184|0x00000000eb800000, 0x00000000eb800000, 0x00000000eb900000|  0%| F|  |TAMS 0x00000000eb800000| PB 0x00000000eb800000| Untracked 
| 185|0x00000000eb900000, 0x00000000eb900000, 0x00000000eba00000|  0%| F|  |TAMS 0x00000000eb900000| PB 0x00000000eb900000| Untracked 
| 186|0x00000000eba00000, 0x00000000eba00000, 0x00000000ebb00000|  0%| F|  |TAMS 0x00000000eba00000| PB 0x00000000eba00000| Untracked 
| 187|0x00000000ebb00000, 0x00000000ebb00000, 0x00000000ebc00000|  0%| F|  |TAMS 0x00000000ebb00000| PB 0x00000000ebb00000| Untracked 
| 188|0x00000000ebc00000, 0x00000000ebc00000, 0x00000000ebd00000|  0%| F|  |TAMS 0x00000000ebc00000| PB 0x00000000ebc00000| Untracked 
| 189|0x00000000ebd00000, 0x00000000ebd00000, 0x00000000ebe00000|  0%| F|  |TAMS 0x00000000ebd00000| PB 0x00000000ebd00000| Untracked 
| 190|0x00000000ebe00000, 0x00000000ebe00000, 0x00000000ebf00000|  0%| F|  |TAMS 0x00000000ebe00000| PB 0x00000000ebe00000| Untracked 
| 191|0x00000000ebf00000, 0x00000000ebf00000, 0x00000000ec000000|  0%| F|  |TAMS 0x00000000ebf00000| PB 0x00000000ebf00000| Untracked 
| 192|0x00000000ec000000, 0x00000000ec000000, 0x00000000ec100000|  0%| F|  |TAMS 0x00000000ec000000| PB 0x00000000ec000000| Untracked 
| 193|0x00000000ec100000, 0x00000000ec100000, 0x00000000ec200000|  0%| F|  |TAMS 0x00000000ec100000| PB 0x00000000ec100000| Untracked 
| 194|0x00000000ec200000, 0x00000000ec200000, 0x00000000ec300000|  0%| F|  |TAMS 0x00000000ec200000| PB 0x00000000ec200000| Untracked 
| 195|0x00000000ec300000, 0x00000000ec300000, 0x00000000ec400000|  0%| F|  |TAMS 0x00000000ec300000| PB 0x00000000ec300000| Untracked 
| 196|0x00000000ec400000, 0x00000000ec400000, 0x00000000ec500000|  0%| F|  |TAMS 0x00000000ec400000| PB 0x00000000ec400000| Untracked 
| 197|0x00000000ec500000, 0x00000000ec500000, 0x00000000ec600000|  0%| F|  |TAMS 0x00000000ec500000| PB 0x00000000ec500000| Untracked 
| 198|0x00000000ec600000, 0x00000000ec600000, 0x00000000ec700000|  0%| F|  |TAMS 0x00000000ec600000| PB 0x00000000ec600000| Untracked 
| 199|0x00000000ec700000, 0x00000000ec700000, 0x00000000ec800000|  0%| F|  |TAMS 0x00000000ec700000| PB 0x00000000ec700000| Untracked 
| 200|0x00000000ec800000, 0x00000000ec800000, 0x00000000ec900000|  0%| F|  |TAMS 0x00000000ec800000| PB 0x00000000ec800000| Untracked 
| 201|0x00000000ec900000, 0x00000000ec900000, 0x00000000eca00000|  0%| F|  |TAMS 0x00000000ec900000| PB 0x00000000ec900000| Untracked 
| 202|0x00000000eca00000, 0x00000000eca00000, 0x00000000ecb00000|  0%| F|  |TAMS 0x00000000eca00000| PB 0x00000000eca00000| Untracked 
| 203|0x00000000ecb00000, 0x00000000ecb00000, 0x00000000ecc00000|  0%| F|  |TAMS 0x00000000ecb00000| PB 0x00000000ecb00000| Untracked 
| 204|0x00000000ecc00000, 0x00000000ecc00000, 0x00000000ecd00000|  0%| F|  |TAMS 0x00000000ecc00000| PB 0x00000000ecc00000| Untracked 
| 205|0x00000000ecd00000, 0x00000000ecd00000, 0x00000000ece00000|  0%| F|  |TAMS 0x00000000ecd00000| PB 0x00000000ecd00000| Untracked 
| 206|0x00000000ece00000, 0x00000000ece00000, 0x00000000ecf00000|  0%| F|  |TAMS 0x00000000ece00000| PB 0x00000000ece00000| Untracked 
| 207|0x00000000ecf00000, 0x00000000ecf00000, 0x00000000ed000000|  0%| F|  |TAMS 0x00000000ecf00000| PB 0x00000000ecf00000| Untracked 
| 208|0x00000000ed000000, 0x00000000ed000000, 0x00000000ed100000|  0%| F|  |TAMS 0x00000000ed000000| PB 0x00000000ed000000| Untracked 
| 209|0x00000000ed100000, 0x00000000ed100000, 0x00000000ed200000|  0%| F|  |TAMS 0x00000000ed100000| PB 0x00000000ed100000| Untracked 
| 210|0x00000000ed200000, 0x00000000ed200000, 0x00000000ed300000|  0%| F|  |TAMS 0x00000000ed200000| PB 0x00000000ed200000| Untracked 
| 211|0x00000000ed300000, 0x00000000ed300000, 0x00000000ed400000|  0%| F|  |TAMS 0x00000000ed300000| PB 0x00000000ed300000| Untracked 
| 212|0x00000000ed400000, 0x00000000ed400000, 0x00000000ed500000|  0%| F|  |TAMS 0x00000000ed400000| PB 0x00000000ed400000| Untracked 
| 213|0x00000000ed500000, 0x00000000ed500000, 0x00000000ed600000|  0%| F|  |TAMS 0x00000000ed500000| PB 0x00000000ed500000| Untracked 
| 214|0x00000000ed600000, 0x00000000ed600000, 0x00000000ed700000|  0%| F|  |TAMS 0x00000000ed600000| PB 0x00000000ed600000| Untracked 
| 215|0x00000000ed700000, 0x00000000ed700000, 0x00000000ed800000|  0%| F|  |TAMS 0x00000000ed700000| PB 0x00000000ed700000| Untracked 
| 216|0x00000000ed800000, 0x00000000ed800000, 0x00000000ed900000|  0%| F|  |TAMS 0x00000000ed800000| PB 0x00000000ed800000| Untracked 
| 217|0x00000000ed900000, 0x00000000ed900000, 0x00000000eda00000|  0%| F|  |TAMS 0x00000000ed900000| PB 0x00000000ed900000| Untracked 
| 218|0x00000000eda00000, 0x00000000eda00000, 0x00000000edb00000|  0%| F|  |TAMS 0x00000000eda00000| PB 0x00000000eda00000| Untracked 
| 219|0x00000000edb00000, 0x00000000edb00000, 0x00000000edc00000|  0%| F|  |TAMS 0x00000000edb00000| PB 0x00000000edb00000| Untracked 
| 220|0x00000000edc00000, 0x00000000edc00000, 0x00000000edd00000|  0%| F|  |TAMS 0x00000000edc00000| PB 0x00000000edc00000| Untracked 
| 221|0x00000000edd00000, 0x00000000edd00000, 0x00000000ede00000|  0%| F|  |TAMS 0x00000000edd00000| PB 0x00000000edd00000| Untracked 
| 222|0x00000000ede00000, 0x00000000ede00000, 0x00000000edf00000|  0%| F|  |TAMS 0x00000000ede00000| PB 0x00000000ede00000| Untracked 
| 223|0x00000000edf00000, 0x00000000edf00000, 0x00000000ee000000|  0%| F|  |TAMS 0x00000000edf00000| PB 0x00000000edf00000| Untracked 
| 224|0x00000000ee000000, 0x00000000ee080000, 0x00000000ee100000| 50%| E|  |TAMS 0x00000000ee000000| PB 0x00000000ee000000| Complete 
| 225|0x00000000ee100000, 0x00000000ee200000, 0x00000000ee200000|100%| E|CS|TAMS 0x00000000ee100000| PB 0x00000000ee100000| Complete 
| 226|0x00000000ee200000, 0x00000000ee300000, 0x00000000ee300000|100%| E|CS|TAMS 0x00000000ee200000| PB 0x00000000ee200000| Complete 
| 227|0x00000000ee300000, 0x00000000ee400000, 0x00000000ee400000|100%| E|CS|TAMS 0x00000000ee300000| PB 0x00000000ee300000| Complete 
| 228|0x00000000ee400000, 0x00000000ee500000, 0x00000000ee500000|100%| E|CS|TAMS 0x00000000ee400000| PB 0x00000000ee400000| Complete 
| 229|0x00000000ee500000, 0x00000000ee600000, 0x00000000ee600000|100%| E|CS|TAMS 0x00000000ee500000| PB 0x00000000ee500000| Complete 
| 230|0x00000000ee600000, 0x00000000ee700000, 0x00000000ee700000|100%| E|CS|TAMS 0x00000000ee600000| PB 0x00000000ee600000| Complete 
| 231|0x00000000ee700000, 0x00000000ee800000, 0x00000000ee800000|100%| E|CS|TAMS 0x00000000ee700000| PB 0x00000000ee700000| Complete 
| 232|0x00000000ee800000, 0x00000000ee900000, 0x00000000ee900000|100%| E|CS|TAMS 0x00000000ee800000| PB 0x00000000ee800000| Complete 
| 233|0x00000000ee900000, 0x00000000eea00000, 0x00000000eea00000|100%| E|CS|TAMS 0x00000000ee900000| PB 0x00000000ee900000| Complete 
| 234|0x00000000eea00000, 0x00000000eeb00000, 0x00000000eeb00000|100%| E|CS|TAMS 0x00000000eea00000| PB 0x00000000eea00000| Complete 
| 235|0x00000000eeb00000, 0x00000000eec00000, 0x00000000eec00000|100%| E|CS|TAMS 0x00000000eeb00000| PB 0x00000000eeb00000| Complete 
| 236|0x00000000eec00000, 0x00000000eed00000, 0x00000000eed00000|100%| E|CS|TAMS 0x00000000eec00000| PB 0x00000000eec00000| Complete 
| 237|0x00000000eed00000, 0x00000000eee00000, 0x00000000eee00000|100%| E|CS|TAMS 0x00000000eed00000| PB 0x00000000eed00000| Complete 
| 238|0x00000000eee00000, 0x00000000eef00000, 0x00000000eef00000|100%| E|CS|TAMS 0x00000000eee00000| PB 0x00000000eee00000| Complete 
| 239|0x00000000eef00000, 0x00000000ef000000, 0x00000000ef000000|100%| E|CS|TAMS 0x00000000eef00000| PB 0x00000000eef00000| Complete 
| 240|0x00000000ef000000, 0x00000000ef100000, 0x00000000ef100000|100%| E|CS|TAMS 0x00000000ef000000| PB 0x00000000ef000000| Complete 
| 241|0x00000000ef100000, 0x00000000ef200000, 0x00000000ef200000|100%| E|CS|TAMS 0x00000000ef100000| PB 0x00000000ef100000| Complete 
| 242|0x00000000ef200000, 0x00000000ef300000, 0x00000000ef300000|100%| E|CS|TAMS 0x00000000ef200000| PB 0x00000000ef200000| Complete 
| 243|0x00000000ef300000, 0x00000000ef400000, 0x00000000ef400000|100%| E|CS|TAMS 0x00000000ef300000| PB 0x00000000ef300000| Complete 
| 244|0x00000000ef400000, 0x00000000ef500000, 0x00000000ef500000|100%| E|CS|TAMS 0x00000000ef400000| PB 0x00000000ef400000| Complete 
| 245|0x00000000ef500000, 0x00000000ef600000, 0x00000000ef600000|100%| E|CS|TAMS 0x00000000ef500000| PB 0x00000000ef500000| Complete 
| 246|0x00000000ef600000, 0x00000000ef700000, 0x00000000ef700000|100%| E|CS|TAMS 0x00000000ef600000| PB 0x00000000ef600000| Complete 
| 247|0x00000000ef700000, 0x00000000ef800000, 0x00000000ef800000|100%| E|CS|TAMS 0x00000000ef700000| PB 0x00000000ef700000| Complete 
| 248|0x00000000ef800000, 0x00000000ef900000, 0x00000000ef900000|100%| E|CS|TAMS 0x00000000ef800000| PB 0x00000000ef800000| Complete 
| 249|0x00000000ef900000, 0x00000000efa00000, 0x00000000efa00000|100%| E|CS|TAMS 0x00000000ef900000| PB 0x00000000ef900000| Complete 
| 250|0x00000000efa00000, 0x00000000efb00000, 0x00000000efb00000|100%| E|  |TAMS 0x00000000efa00000| PB 0x00000000efa00000| Complete 
| 251|0x00000000efb00000, 0x00000000efc00000, 0x00000000efc00000|100%| E|CS|TAMS 0x00000000efb00000| PB 0x00000000efb00000| Complete 
| 252|0x00000000efc00000, 0x00000000efd00000, 0x00000000efd00000|100%| E|CS|TAMS 0x00000000efc00000| PB 0x00000000efc00000| Complete 
| 253|0x00000000efd00000, 0x00000000efe00000, 0x00000000efe00000|100%| E|CS|TAMS 0x00000000efd00000| PB 0x00000000efd00000| Complete 
| 254|0x00000000efe00000, 0x00000000eff00000, 0x00000000eff00000|100%| E|CS|TAMS 0x00000000efe00000| PB 0x00000000efe00000| Complete 
| 255|0x00000000eff00000, 0x00000000f0000000, 0x00000000f0000000|100%| E|CS|TAMS 0x00000000eff00000| PB 0x00000000eff00000| Complete 

Card table byte_map: [0x000002aefe600000,0x000002aefe700000] _byte_map_base: 0x000002aefdf00000

Marking Bits: (CMBitMap*) 0x000002aefe13ae80
 Bits: [0x000002aefe700000, 0x000002aefef00000)

Polling page: 0x000002aefbfa0000

Metaspace:

Usage:
  Non-class:     49.16 MB used.
      Class:      8.66 MB used.
       Both:     57.83 MB used.

Virtual space:
  Non-class space:       64.00 MB reserved,      50.31 MB ( 79%) committed,  1 nodes.
      Class space:      320.00 MB reserved,       9.75 MB (  3%) committed,  1 nodes.
             Both:      384.00 MB reserved,      60.06 MB ( 16%) committed. 

Chunk freelists:
   Non-Class:  13.54 MB
       Class:  6.07 MB
        Both:  19.62 MB

MaxMetaspaceSize: 384.00 MB
CompressedClassSpaceSize: 320.00 MB
Initial GC threshold: 21.00 MB
Current GC threshold: 98.25 MB
CDS: on
 - commit_granule_bytes: 65536.
 - commit_granule_words: 8192.
 - virtual_space_node_default_size: 8388608.
 - enlarge_chunks_in_place: 1.
 - use_allocation_guard: 0.


Internal statistics:

num_allocs_failed_limit: 9.
num_arena_births: 4222.
num_arena_deaths: 0.
num_vsnodes_births: 2.
num_vsnodes_deaths: 0.
num_space_committed: 961.
num_space_uncommitted: 0.
num_chunks_returned_to_freelist: 9.
num_chunks_taken_from_freelist: 7348.
num_chunk_merges: 9.
num_chunk_splits: 4655.
num_chunks_enlarged: 2660.
num_inconsistent_stats: 0.

CodeHeap 'non-profiled nmethods': size=120000Kb used=5003Kb max_used=5003Kb free=114996Kb
 bounds [0x000002ae8ac10000, 0x000002ae8b100000, 0x000002ae92140000]
CodeHeap 'profiled nmethods': size=120000Kb used=15160Kb max_used=15160Kb free=104839Kb
 bounds [0x000002ae83140000, 0x000002ae84010000, 0x000002ae8a670000]
CodeHeap 'non-nmethods': size=5760Kb used=2092Kb max_used=2159Kb free=3667Kb
 bounds [0x000002ae8a670000, 0x000002ae8a8e0000, 0x000002ae8ac10000]
CodeCache: size=245760Kb, used=22255Kb, max_used=22322Kb, free=223502Kb
 total_blobs=8805, nmethods=8031, adapters=678, full_count=0
Compilation: enabled, stopped_count=0, restarted_count=0

Compilation events (20 events):
Event: 301.854 Thread 0x000002ae94168b30 nmethod 8659 0x000002ae8b0ef710 code [0x000002ae8b0ef8a0, 0x000002ae8b0ef970]
Event: 301.854 Thread 0x000002ae94168b30 8660       1       java.lang.invoke.MethodHandleImpl$CountingWrapper::getTarget (5 bytes)
Event: 301.854 Thread 0x000002ae94168b30 nmethod 8660 0x000002ae8b0efa10 code [0x000002ae8b0efba0, 0x000002ae8b0efc68]
Event: 301.947 Thread 0x000002ae94163e60 8661       4       java.util.ComparableTimSort::binarySort (223 bytes)
Event: 301.967 Thread 0x000002ae94168b30 8662       3       com.sun.beans.util.Cache$CacheEntry::matches (53 bytes)
Event: 301.968 Thread 0x000002ae94168b30 nmethod 8662 0x000002ae84001910 code [0x000002ae84001b00, 0x000002ae84001f90]
Event: 302.018 Thread 0x000002ae94163e60 nmethod 8661 0x000002ae8b0efd10 code [0x000002ae8b0effc0, 0x000002ae8b0f1290]
Event: 302.019 Thread 0x000002ae94163e60 8663       4       java.lang.invoke.MethodType::checkSlotCount (33 bytes)
Event: 302.020 Thread 0x000002ae94163e60 nmethod 8663 0x000002ae8b0f1d90 code [0x000002ae8b0f1f20, 0x000002ae8b0f1fa8]
Event: 302.299 Thread 0x000002ae94163e60 8664       4       java.util.concurrent.atomic.AtomicLong::getAndIncrement (12 bytes)
Event: 302.300 Thread 0x000002ae94163e60 nmethod 8664 0x000002ae8b0f2090 code [0x000002ae8b0f2220, 0x000002ae8b0f22b0]
Event: 302.301 Thread 0x000002ae94168b30 8665       1       org.codehaus.groovy.runtime.metaclass.MetaClassRegistryImpl::getMetaClassCreationHandler (5 bytes)
Event: 302.301 Thread 0x000002ae94168b30 nmethod 8665 0x000002ae8b0f2390 code [0x000002ae8b0f2520, 0x000002ae8b0f25e8]
Event: 302.898 Thread 0x000002ae94168b30 8666       3       sun.invoke.util.VerifyType::isNullConversion (157 bytes)
Event: 302.907 Thread 0x000002ae94168b30 nmethod 8666 0x000002ae84002110 code [0x000002ae84002440, 0x000002ae84003870]
Event: 302.931 Thread 0x000002ae94163e60 8667       4       groovy.lang.MetaClassImpl::isGenericGetMethod (44 bytes)
Event: 302.931 Thread 0x000002ae94168b30 8668       3       org.codehaus.groovy.runtime.metaclass.MetaMethodIndex::resize (107 bytes)
Event: 302.932 Thread 0x000002ae94168b30 nmethod 8668 0x000002ae84003d10 code [0x000002ae84003ee0, 0x000002ae84004490]
Event: 302.935 Thread 0x000002ae94163e60 nmethod 8667 0x000002ae8b0f2690 code [0x000002ae8b0f2840, 0x000002ae8b0f2a90]
Event: 302.946 Thread 0x000002ae94163e60 8669   !   4       java.lang.reflect.Executable::sharedToGenericString (255 bytes)

GC Heap History (14 events):
Event: 16.553 GC heap before
{Heap before GC invocations=0 (full 0):
 garbage-first heap   total 262144K, used 26624K [0x00000000e0000000, 0x0000000100000000)
  region size 1024K, 23 young (23552K), 0 survivors (0K)
 Metaspace       used 1673K, committed 1856K, reserved 393216K
  class space    used 152K, committed 256K, reserved 327680K
}
Event: 17.099 GC heap after
{Heap after GC invocations=1 (full 0):
 garbage-first heap   total 262144K, used 11007K [0x00000000e0000000, 0x0000000100000000)
  region size 1024K, 3 young (3072K), 3 survivors (3072K)
 Metaspace       used 1673K, committed 1856K, reserved 393216K
  class space    used 152K, committed 256K, reserved 327680K
}
Event: 44.322 GC heap before
{Heap before GC invocations=1 (full 0):
 garbage-first heap   total 262144K, used 39679K [0x00000000e0000000, 0x0000000100000000)
  region size 1024K, 31 young (31744K), 3 survivors (3072K)
 Metaspace       used 4820K, committed 5056K, reserved 393216K
  class space    used 621K, committed 704K, reserved 327680K
}
Event: 44.328 GC heap after
{Heap after GC invocations=2 (full 0):
 garbage-first heap   total 262144K, used 13054K [0x00000000e0000000, 0x0000000100000000)
  region size 1024K, 2 young (2048K), 2 survivors (2048K)
 Metaspace       used 4820K, committed 5056K, reserved 393216K
  class space    used 621K, committed 704K, reserved 327680K
}
Event: 93.635 GC heap before
{Heap before GC invocations=2 (full 0):
 garbage-first heap   total 262144K, used 104190K [0x00000000e0000000, 0x0000000100000000)
  region size 1024K, 89 young (91136K), 2 survivors (2048K)
 Metaspace       used 13600K, committed 14016K, reserved 393216K
  class space    used 1814K, committed 2048K, reserved 327680K
}
Event: 93.668 GC heap after
{Heap after GC invocations=3 (full 0):
 garbage-first heap   total 262144K, used 22300K [0x00000000e0000000, 0x0000000100000000)
  region size 1024K, 10 young (10240K), 10 survivors (10240K)
 Metaspace       used 13600K, committed 14016K, reserved 393216K
  class space    used 1814K, committed 2048K, reserved 327680K
}
Event: 109.083 GC heap before
{Heap before GC invocations=3 (full 0):
 garbage-first heap   total 262144K, used 69404K [0x00000000e0000000, 0x0000000100000000)
  region size 1024K, 58 young (59392K), 10 survivors (10240K)
 Metaspace       used 20820K, committed 21504K, reserved 393216K
  class space    used 2948K, committed 3264K, reserved 327680K
}
Event: 109.094 GC heap after
{Heap after GC invocations=4 (full 0):
 garbage-first heap   total 262144K, used 25407K [0x00000000e0000000, 0x0000000100000000)
  region size 1024K, 13 young (13312K), 13 survivors (13312K)
 Metaspace       used 20820K, committed 21504K, reserved 393216K
  class space    used 2948K, committed 3264K, reserved 327680K
}
Event: 148.355 GC heap before
{Heap before GC invocations=5 (full 0):
 garbage-first heap   total 262144K, used 134975K [0x00000000e0000000, 0x0000000100000000)
  region size 1024K, 120 young (122880K), 13 survivors (13312K)
 Metaspace       used 34612K, committed 35968K, reserved 393216K
  class space    used 5025K, committed 5696K, reserved 327680K
}
Event: 148.380 GC heap after
{Heap after GC invocations=6 (full 0):
 garbage-first heap   total 262144K, used 31465K [0x00000000e0000000, 0x0000000100000000)
  region size 1024K, 9 young (9216K), 9 survivors (9216K)
 Metaspace       used 34612K, committed 35968K, reserved 393216K
  class space    used 5025K, committed 5696K, reserved 327680K
}
Event: 207.392 GC heap before
{Heap before GC invocations=7 (full 0):
 garbage-first heap   total 262144K, used 178921K [0x00000000e0000000, 0x0000000100000000)
  region size 1024K, 153 young (156672K), 9 survivors (9216K)
 Metaspace       used 49829K, committed 51776K, reserved 393216K
  class space    used 7348K, committed 8320K, reserved 327680K
}
Event: 207.439 GC heap after
{Heap after GC invocations=8 (full 0):
 garbage-first heap   total 262144K, used 40301K [0x00000000e0000000, 0x0000000100000000)
  region size 1024K, 18 young (18432K), 18 survivors (18432K)
 Metaspace       used 49829K, committed 51776K, reserved 393216K
  class space    used 7348K, committed 8320K, reserved 327680K
}
Event: 251.173 GC heap before
{Heap before GC invocations=8 (full 0):
 garbage-first heap   total 262144K, used 152941K [0x00000000e0000000, 0x0000000100000000)
  region size 1024K, 129 young (132096K), 18 survivors (18432K)
 Metaspace       used 58093K, committed 60288K, reserved 393216K
  class space    used 8710K, committed 9792K, reserved 327680K
}
Event: 251.207 GC heap after
{Heap after GC invocations=9 (full 0):
 garbage-first heap   total 262144K, used 49522K [0x00000000e0000000, 0x0000000100000000)
  region size 1024K, 19 young (19456K), 19 survivors (19456K)
 Metaspace       used 58093K, committed 60288K, reserved 393216K
  class space    used 8710K, committed 9792K, reserved 327680K
}

Dll operation events (20 events):
Event: 2.543 Attempting to load shared library C:\Users\±è¹Î±Ô\.vscode\extensions\redhat.java-1.56.0-win32-x64\jre\21.0.12.1-win32-x86_64\bin\nio.dll
Event: 2.547 Loaded shared library C:\Users\±è¹Î±Ô\.vscode\extensions\redhat.java-1.56.0-win32-x64\jre\21.0.12.1-win32-x86_64\bin\nio.dll
Event: 2.575 Attempting to load shared library C:\Users\±è¹Î±Ô\.vscode\extensions\redhat.java-1.56.0-win32-x64\jre\21.0.12.1-win32-x86_64\bin\zip.dll
Event: 2.575 Loaded shared library C:\Users\±è¹Î±Ô\.vscode\extensions\redhat.java-1.56.0-win32-x64\jre\21.0.12.1-win32-x86_64\bin\zip.dll
Event: 7.659 Attempting to load shared library C:\Users\±è¹Î±Ô\.vscode\extensions\redhat.java-1.56.0-win32-x64\jre\21.0.12.1-win32-x86_64\bin\jimage.dll
Event: 7.659 Loaded shared library C:\Users\±è¹Î±Ô\.vscode\extensions\redhat.java-1.56.0-win32-x64\jre\21.0.12.1-win32-x86_64\bin\jimage.dll
Event: 19.687 Attempting to load shared library C:\Users\±è¹Î±Ô\.vscode\extensions\redhat.java-1.56.0-win32-x64\jre\21.0.12.1-win32-x86_64\bin\verify.dll
Event: 19.716 Loaded shared library C:\Users\±è¹Î±Ô\.vscode\extensions\redhat.java-1.56.0-win32-x64\jre\21.0.12.1-win32-x86_64\bin\verify.dll
Event: 20.853 Attempting to load shared library C:\Users\±è¹Î±Ô\.gradle\native\660c5614fbf4a5f2a75b1949f50a0caf5cd603558e7d8a26e50b933a0cfb79d1\windows-amd64\native-platform.dll
Event: 21.086 Loaded shared library C:\Users\±è¹Î±Ô\.gradle\native\660c5614fbf4a5f2a75b1949f50a0caf5cd603558e7d8a26e50b933a0cfb79d1\windows-amd64\native-platform.dll
Event: 21.506 Attempting to load shared library C:\Users\±è¹Î±Ô\.gradle\native\0.2.8\x86_64-windows-gnu\gradle-fileevents.dll
Event: 21.511 Loaded shared library C:\Users\±è¹Î±Ô\.gradle\native\0.2.8\x86_64-windows-gnu\gradle-fileevents.dll
Event: 61.015 Attempting to load shared library C:\Users\±è¹Î±Ô\.vscode\extensions\redhat.java-1.56.0-win32-x64\jre\21.0.12.1-win32-x86_64\bin\management.dll
Event: 61.094 Loaded shared library C:\Users\±è¹Î±Ô\.vscode\extensions\redhat.java-1.56.0-win32-x64\jre\21.0.12.1-win32-x86_64\bin\management.dll
Event: 61.247 Attempting to load shared library C:\Users\±è¹Î±Ô\.vscode\extensions\redhat.java-1.56.0-win32-x64\jre\21.0.12.1-win32-x86_64\bin\management_ext.dll
Event: 61.371 Loaded shared library C:\Users\±è¹Î±Ô\.vscode\extensions\redhat.java-1.56.0-win32-x64\jre\21.0.12.1-win32-x86_64\bin\management_ext.dll
Event: 64.811 Attempting to load shared library C:\Users\±è¹Î±Ô\.vscode\extensions\redhat.java-1.56.0-win32-x64\jre\21.0.12.1-win32-x86_64\bin\extnet.dll
Event: 64.853 Loaded shared library C:\Users\±è¹Î±Ô\.vscode\extensions\redhat.java-1.56.0-win32-x64\jre\21.0.12.1-win32-x86_64\bin\extnet.dll
Event: 71.773 Attempting to load shared library C:\Users\±è¹Î±Ô\.vscode\extensions\redhat.java-1.56.0-win32-x64\jre\21.0.12.1-win32-x86_64\bin\sunmscapi.dll
Event: 71.784 Loaded shared library C:\Users\±è¹Î±Ô\.vscode\extensions\redhat.java-1.56.0-win32-x64\jre\21.0.12.1-win32-x86_64\bin\sunmscapi.dll

Deoptimization events (20 events):
Event: 301.966 Thread 0x000002aeb1b60a40 Uncommon trap: trap_request=0xffffff45 fr.pc=0x000002ae8acd6d10 relative=0x0000000000000070
Event: 301.966 Thread 0x000002aeb1b60a40 Uncommon trap: reason=unstable_if action=reinterpret pc=0x000002ae8acd6d10 method=java.lang.ref.ReferenceQueue.poll()Ljava/lang/ref/Reference; @ 4 c2
Event: 301.966 Thread 0x000002aeb1b60a40 DEOPT PACKING pc=0x000002ae8acd6d10 sp=0x000000fcb0ff76f0
Event: 301.966 Thread 0x000002aeb1b60a40 DEOPT UNPACKING pc=0x000002ae8a6c7ba2 sp=0x000000fcb0ff7678 mode 2
Event: 301.969 Thread 0x000002aeb1b60a40 Uncommon trap: trap_request=0xffffff45 fr.pc=0x000002ae8afffbd8 relative=0x0000000000000338
Event: 301.969 Thread 0x000002aeb1b60a40 Uncommon trap: reason=unstable_if action=reinterpret pc=0x000002ae8afffbd8 method=sun.invoke.util.VerifyType.isNullConversion(Ljava/lang/Class;Ljava/lang/Class;Z)Z @ 15 c2
Event: 301.969 Thread 0x000002aeb1b60a40 DEOPT PACKING pc=0x000002ae8afffbd8 sp=0x000000fcb0ff7720
Event: 301.969 Thread 0x000002aeb1b60a40 DEOPT UNPACKING pc=0x000002ae8a6c7ba2 sp=0x000000fcb0ff76c8 mode 2
Event: 301.992 Thread 0x000002aeb1b60a40 Uncommon trap: trap_request=0xffffff45 fr.pc=0x000002ae8aeab9f4 relative=0x0000000000005a54
Event: 301.992 Thread 0x000002aeb1b60a40 Uncommon trap: reason=unstable_if action=reinterpret pc=0x000002ae8aeab9f4 method=java.lang.invoke.InvokerBytecodeGenerator.addMethod()V @ 217 c2
Event: 301.992 Thread 0x000002aeb1b60a40 DEOPT PACKING pc=0x000002ae8aeab9f4 sp=0x000000fcb0ff7620
Event: 301.992 Thread 0x000002aeb1b60a40 DEOPT UNPACKING pc=0x000002ae8a6c7ba2 sp=0x000000fcb0ff7640 mode 2
Event: 302.016 Thread 0x000002aeb1b60a40 Uncommon trap: trap_request=0xffffff45 fr.pc=0x000002ae8adc2dc0 relative=0x0000000000000540
Event: 302.016 Thread 0x000002aeb1b60a40 Uncommon trap: reason=unstable_if action=reinterpret pc=0x000002ae8adc2dc0 method=java.lang.invoke.MethodType.insertParameterTypes(I[Ljava/lang/Class;)Ljava/lang/invoke/MethodType; @ 48 c2
Event: 302.016 Thread 0x000002aeb1b60a40 DEOPT PACKING pc=0x000002ae8adc2dc0 sp=0x000000fcb0ff7830
Event: 302.016 Thread 0x000002aeb1b60a40 DEOPT UNPACKING pc=0x000002ae8a6c7ba2 sp=0x000000fcb0ff7800 mode 2
Event: 302.017 Thread 0x000002aeb1b60a40 Uncommon trap: trap_request=0xffffff45 fr.pc=0x000002ae8ae79830 relative=0x00000000000007b0
Event: 302.017 Thread 0x000002aeb1b60a40 Uncommon trap: reason=unstable_if action=reinterpret pc=0x000002ae8ae79830 method=jdk.internal.org.objectweb.asm.Frame.execute(IILjdk/internal/org/objectweb/asm/Symbol;Ljdk/internal/org/objectweb/asm/SymbolTable;)V @ 1249 c2
Event: 302.017 Thread 0x000002aeb1b60a40 DEOPT PACKING pc=0x000002ae8ae79830 sp=0x000000fcb0ff7240
Event: 302.017 Thread 0x000002aeb1b60a40 DEOPT UNPACKING pc=0x000002ae8a6c7ba2 sp=0x000000fcb0ff71c0 mode 2

Classes loaded (20 events):
Event: 251.708 Loading class java/util/concurrent/ConcurrentLinkedQueue$Itr
Event: 251.708 Loading class java/util/concurrent/ConcurrentLinkedQueue$Itr done
Event: 252.361 Loading class java/time/Instant$1
Event: 252.362 Loading class java/time/Instant$1 done
Event: 253.938 Loading class java/net/UrlDeserializedState
Event: 253.938 Loading class java/net/UrlDeserializedState done
Event: 253.942 Loading class java/net/Proxy
Event: 253.944 Loading class java/net/Proxy done
Event: 254.397 Loading class java/util/concurrent/CompletableFuture$AsyncRun
Event: 254.397 Loading class java/util/concurrent/CompletableFuture$AsyncRun done
Event: 265.026 Loading class java/util/concurrent/CompletableFuture$Signaller
Event: 265.026 Loading class java/util/concurrent/CompletableFuture$Signaller done
Event: 301.353 Loading class java/util/AbstractList$ListItr
Event: 301.358 Loading class java/util/AbstractList$ListItr done
Event: 301.855 Loading class java/util/AbstractList$RandomAccessSubList
Event: 301.855 Loading class java/util/AbstractList$SubList
Event: 301.855 Loading class java/util/AbstractList$SubList done
Event: 301.856 Loading class java/util/AbstractList$RandomAccessSubList done
Event: 301.856 Loading class java/util/AbstractList$SubList$1
Event: 301.856 Loading class java/util/AbstractList$SubList$1 done

Classes unloaded (0 events):
No events

Classes redefined (0 events):
No events

Internal exceptions (20 events):
Event: 278.255 Thread 0x000002aeb1b60a40 Exception <a 'java/lang/ClassNotFoundException'{0x00000000ef06b330}: org/gradle/invocation/DefaultGradleBeanInfo> (0x00000000ef06b330) 
thrown [s\src\hotspot\share\classfile\systemDictionary.cpp, line 313]
Event: 278.256 Thread 0x000002aeb1b60a40 Exception <a 'java/lang/ClassNotFoundException'{0x00000000ef079390}: org/gradle/invocation/DefaultGradleCustomizer> (0x00000000ef079390) 
thrown [s\src\hotspot\share\classfile\systemDictionary.cpp, line 313]
Event: 278.269 Thread 0x000002aeb1b60a40 Exception <a 'java/lang/ClassNotFoundException'{0x00000000ef0baaf0}: org/gradle/invocation/DefaultGradle_DecoratedCustomizer> (0x00000000ef0baaf0) 
thrown [s\src\hotspot\share\classfile\systemDictionary.cpp, line 313]
Event: 278.590 Thread 0x000002aeb1b60a40 Exception <a 'sun/nio/fs/WindowsException'{0x00000000eef33cc0}> (0x00000000eef33cc0) 
thrown [s\src\hotspot\share\prims\jni.cpp, line 520]
Event: 278.690 Thread 0x000002aeb1b60a40 Exception <a 'sun/nio/fs/WindowsException'{0x00000000eef352e8}> (0x00000000eef352e8) 
thrown [s\src\hotspot\share\prims\jni.cpp, line 520]
Event: 278.745 Thread 0x000002aeb1b60a40 Exception <a 'sun/nio/fs/WindowsException'{0x00000000eef36900}> (0x00000000eef36900) 
thrown [s\src\hotspot\share\prims\jni.cpp, line 520]
Event: 278.812 Thread 0x000002aeb1b60a40 Exception <a 'sun/nio/fs/WindowsException'{0x00000000eef37f18}> (0x00000000eef37f18) 
thrown [s\src\hotspot\share\prims\jni.cpp, line 520]
Event: 279.710 Thread 0x000002aeb1b60a40 Exception <a 'java/lang/ClassNotFoundException'{0x00000000eefda1d0}: org/gradle/configuration/internal/DefaultListenerBuildOperationDecorator$BuildOperationEmittingClosureBeanInfo> (0x00000000eefda1d0) 
thrown [s\src\hotspot\share\classfile\systemDictionary.cpp, line 313]
Event: 279.712 Thread 0x000002aeb1b60a40 Exception <a 'java/lang/ClassNotFoundException'{0x00000000eefe90a0}: org/gradle/configuration/internal/DefaultListenerBuildOperationDecorator$BuildOperationEmittingClosureCustomizer> (0x00000000eefe90a0) 
thrown [s\src\hotspot\share\classfile\systemDictionary.cpp, line 313]
Event: 301.634 Thread 0x000002aeb1b60a40 Exception <a 'java/lang/NoClassDefFoundError'{0x00000000ee443f90}: org/jetbrains/kotlin/gradle/plugin/KotlinPluginWrapper> (0x00000000ee443f90) 
thrown [s\src\hotspot\share\oops\constantPool.cpp, line 873]
Event: 301.635 Thread 0x000002aeb1b60a40 Exception <a 'java/lang/NoClassDefFoundError'{0x00000000ee446648}: org/graalvm/buildtools/gradle/NativeImagePlugin> (0x00000000ee446648) 
thrown [s\src\hotspot\share\oops\constantPool.cpp, line 873]
Event: 301.635 Thread 0x000002aeb1b60a40 Exception <a 'java/lang/NoClassDefFoundError'{0x00000000ee448cf0}: org/cyclonedx/gradle/CyclonedxPlugin> (0x00000000ee448cf0) 
thrown [s\src\hotspot\share\oops\constantPool.cpp, line 873]
Event: 301.635 Thread 0x000002aeb1b60a40 Exception <a 'java/lang/NoClassDefFoundError'{0x00000000ee44b3a8}: com/google/protobuf/gradle/ProtobufPlugin> (0x00000000ee44b3a8) 
thrown [s\src\hotspot\share\oops\constantPool.cpp, line 873]
Event: 301.963 Thread 0x000002aeb1b60a40 Exception <a 'java/lang/ClassNotFoundException'{0x00000000ee4b8ba8}: groovy/lang/ReferenceBeanInfo> (0x00000000ee4b8ba8) 
thrown [s\src\hotspot\share\classfile\systemDictionary.cpp, line 313]
Event: 301.964 Thread 0x000002aeb1b60a40 Exception <a 'java/lang/ClassNotFoundException'{0x00000000ee4c3f30}: groovy/lang/ReferenceCustomizer> (0x00000000ee4c3f30) 
thrown [s\src\hotspot\share\classfile\systemDictionary.cpp, line 313]
Event: 301.980 Thread 0x000002aeb1b60a40 Exception <a 'java/lang/NoSuchMethodError'{0x00000000ee4df4d0}: 'int java.lang.invoke.Invokers$Holder.linkToCallSite(java.lang.Object, java.lang.Object)'> (0x00000000ee4df4d0) 
thrown [s\src\hotspot\share\interpreter\linkResolver.cpp, line 773]
Event: 301.987 Thread 0x000002aeb1b60a40 Exception <a 'java/lang/ClassNotFoundException'{0x00000000ee4f9288}: org/codehaus/groovy/runtime/NullObjectBeanInfo> (0x00000000ee4f9288) 
thrown [s\src\hotspot\share\classfile\systemDictionary.cpp, line 313]
Event: 301.988 Thread 0x000002aeb1b60a40 Exception <a 'java/lang/ClassNotFoundException'{0x00000000ee304cd8}: org/codehaus/groovy/runtime/NullObjectCustomizer> (0x00000000ee304cd8) 
thrown [s\src\hotspot\share\classfile\systemDictionary.cpp, line 313]
Event: 302.940 Thread 0x000002aeb1b60a40 Exception <a 'java/lang/ClassNotFoundException'{0x00000000ee24fe40}: org/gradle/api/DefaultTask_DecoratedBeanInfo> (0x00000000ee24fe40) 
thrown [s\src\hotspot\share\classfile\systemDictionary.cpp, line 313]
Event: 302.944 Thread 0x000002aeb1b60a40 Exception <a 'java/lang/ClassNotFoundException'{0x00000000ee25b490}: org/gradle/api/DefaultTask_DecoratedCustomizer> (0x00000000ee25b490) 
thrown [s\src\hotspot\share\classfile\systemDictionary.cpp, line 313]

ZGC Phase Switch (0 events):
No events

VM Operations (20 events):
Event: 296.747 Executing safepoint VM operation: Cleanup
Event: 296.747 Executing safepoint VM operation: Cleanup done
Event: 297.752 Executing safepoint VM operation: Cleanup
Event: 297.752 Executing safepoint VM operation: Cleanup done
Event: 298.756 Executing safepoint VM operation: Cleanup
Event: 298.756 Executing safepoint VM operation: Cleanup done
Event: 299.765 Executing safepoint VM operation: Cleanup
Event: 299.781 Executing safepoint VM operation: Cleanup done
Event: 300.795 Executing safepoint VM operation: Cleanup
Event: 300.796 Executing safepoint VM operation: Cleanup done
Event: 300.845 Executing non-safepoint VM operation: HandshakeAllThreads (HandshakeForDeflation)
Event: 300.860 Executing non-safepoint VM operation: HandshakeAllThreads (HandshakeForDeflation) done
Event: 300.860 Executing non-safepoint VM operation: RendezvousGCThreads
Event: 300.860 Executing non-safepoint VM operation: RendezvousGCThreads done
Event: 301.383 Executing non-safepoint VM operation: HandshakeAllThreads (Deoptimize)
Event: 301.383 Executing non-safepoint VM operation: HandshakeAllThreads (Deoptimize) done
Event: 302.393 Executing safepoint VM operation: Cleanup
Event: 302.393 Executing safepoint VM operation: Cleanup done
Event: 303.398 Executing safepoint VM operation: Cleanup
Event: 303.398 Executing safepoint VM operation: Cleanup done

Memory protections (0 events):
No events

Nmethod flushes (20 events):
Event: 251.290 Thread 0x000002aeff94fa40 flushing  nmethod 0x000002ae8388af90
Event: 251.290 Thread 0x000002aeff94fa40 flushing  nmethod 0x000002ae8388c290
Event: 251.290 Thread 0x000002aeff94fa40 flushing  nmethod 0x000002ae8acac690
Event: 251.290 Thread 0x000002aeff94fa40 flushing  nmethod 0x000002ae8ad03e90
Event: 251.290 Thread 0x000002aeff94fa40 flushing  nmethod 0x000002ae831c0410
Event: 251.290 Thread 0x000002aeff94fa40 flushing  nmethod 0x000002ae831c5390
Event: 251.290 Thread 0x000002aeff94fa40 flushing  nmethod 0x000002ae8328cd90
Event: 251.290 Thread 0x000002aeff94fa40 flushing  nmethod 0x000002ae8328d210
Event: 251.290 Thread 0x000002aeff94fa40 flushing  nmethod 0x000002ae83291910
Event: 251.290 Thread 0x000002aeff94fa40 flushing  nmethod 0x000002ae83291d90
Event: 251.290 Thread 0x000002aeff94fa40 flushing  nmethod 0x000002ae832dba90
Event: 251.290 Thread 0x000002aeff94fa40 flushing  nmethod 0x000002ae832de210
Event: 251.290 Thread 0x000002aeff94fa40 flushing  nmethod 0x000002ae8330d090
Event: 251.290 Thread 0x000002aeff94fa40 flushing  nmethod 0x000002ae8330ea90
Event: 251.290 Thread 0x000002aeff94fa40 flushing  nmethod 0x000002ae83316790
Event: 251.290 Thread 0x000002aeff94fa40 flushing  nmethod 0x000002ae8331a110
Event: 251.290 Thread 0x000002aeff94fa40 flushing  nmethod 0x000002ae836a4e90
Event: 251.290 Thread 0x000002aeff94fa40 flushing  nmethod 0x000002ae836a5f10
Event: 251.290 Thread 0x000002aeff94fa40 flushing  nmethod 0x000002ae836a7390
Event: 251.290 Thread 0x000002aeff94fa40 flushing  nmethod 0x000002ae837a9f10

Events (20 events):
Event: 265.006 Thread 0x000002aeb406ded0 Thread added: 0x000002aeb4072700
Event: 265.034 Thread 0x000002aeb1b60a40 Thread added: 0x000002aeb406f280
Event: 265.037 Thread 0x000002aeb1b60a40 Thread added: 0x000002aeb4073420
Event: 266.246 Thread 0x000002aeb1b60a40 Thread added: 0x000002aeb4072d90
Event: 267.136 Thread 0x000002aeb1b60a40 Thread added: 0x000002aeb40754f0
Event: 267.141 Thread 0x000002aeb4072700 Thread exited: 0x000002aeb4072700
Event: 267.144 Thread 0x000002aeb4074140 Thread exited: 0x000002aeb4074140
Event: 272.859 Thread 0x000002aeb1b60a40 Thread added: 0x000002aeb4073ab0
Event: 273.994 Thread 0x000002aeb1b60a40 Thread added: 0x000002aeb4074140
Event: 274.131 Thread 0x000002aeb1b60a40 Thread added: 0x000002aeb4074e60
Event: 276.456 Thread 0x000002aeb1b60a40 Thread added: 0x000002aeb40747d0
Event: 276.980 Thread 0x000002aeb1b60a40 Thread added: 0x000002aeb4072700
Event: 295.464 Thread 0x000002aeb1b60a40 Thread added: 0x000002aeb2682b10
Event: 295.464 Thread 0x000002aeb1b60a40 Thread added: 0x000002aeb2685f90
Event: 295.480 Thread 0x000002aeb1b60a40 Thread added: 0x000002aeb2683830
Event: 295.481 Thread 0x000002aeb1b60a40 Thread added: 0x000002aeb2683ec0
Event: 295.482 Thread 0x000002aeb1b60a40 Thread added: 0x000002aeb2684550
Event: 295.482 Thread 0x000002aeb1b60a40 Thread added: 0x000002aeb2688d80
Event: 295.483 Thread 0x000002aeb1b60a40 Thread added: 0x000002aeb2689410
Event: 300.510 Thread 0x000002aeb1b60a40 Thread added: 0x000002aeb1a32b90


Dynamic libraries:
0x00007ff788dc0000 - 0x00007ff788dce000 	C:\Users\±è¹Î±Ô\.vscode\extensions\redhat.java-1.56.0-win32-x64\jre\21.0.12.1-win32-x86_64\bin\java.exe
0x00007ffcf1b40000 - 0x00007ffcf1da6000 	C:\WINDOWS\SYSTEM32\ntdll.dll
0x00007ffcf0a10000 - 0x00007ffcf0ad9000 	C:\WINDOWS\System32\KERNEL32.DLL
0x00007ffcef000000 - 0x00007ffcef3ff000 	C:\WINDOWS\System32\KERNELBASE.dll
0x00007ffcef710000 - 0x00007ffcef85c000 	C:\WINDOWS\System32\ucrtbase.dll
0x00007ffca93b0000 - 0x00007ffca93ce000 	C:\Users\±è¹Î±Ô\.vscode\extensions\redhat.java-1.56.0-win32-x64\jre\21.0.12.1-win32-x86_64\bin\VCRUNTIME140.dll
0x00007ffcc2eb0000 - 0x00007ffcc2ec8000 	C:\Users\±è¹Î±Ô\.vscode\extensions\redhat.java-1.56.0-win32-x64\jre\21.0.12.1-win32-x86_64\bin\jli.dll
0x00007ffcefcc0000 - 0x00007ffcefe86000 	C:\WINDOWS\System32\USER32.dll
0x00007ffcef410000 - 0x00007ffcef437000 	C:\WINDOWS\System32\win32u.dll
0x00007ffcf0b90000 - 0x00007ffcf0bbb000 	C:\WINDOWS\System32\GDI32.dll
0x00007ffceed50000 - 0x00007ffceee79000 	C:\WINDOWS\System32\gdi32full.dll
0x00007ffcef440000 - 0x00007ffcef4e3000 	C:\WINDOWS\System32\msvcp_win.dll
0x00007ffcd6290000 - 0x00007ffcd6521000 	C:\WINDOWS\WinSxS\amd64_microsoft.windows.common-controls_6595b64144ccf1df_6.0.26100.8972_none_3e0da176e32f9d4b\COMCTL32.dll
0x00007ffcf0ae0000 - 0x00007ffcf0b89000 	C:\WINDOWS\System32\msvcrt.dll
0x00007ffcf1730000 - 0x00007ffcf1762000 	C:\WINDOWS\System32\IMM32.DLL
0x00007ffcd7e70000 - 0x00007ffcd7e7c000 	C:\Users\±è¹Î±Ô\.vscode\extensions\redhat.java-1.56.0-win32-x64\jre\21.0.12.1-win32-x86_64\bin\vcruntime140_1.dll
0x00007ffcc2e20000 - 0x00007ffcc2ead000 	C:\Users\±è¹Î±Ô\.vscode\extensions\redhat.java-1.56.0-win32-x64\jre\21.0.12.1-win32-x86_64\bin\msvcp140.dll
0x00007ffc532d0000 - 0x00007ffc54072000 	C:\Users\±è¹Î±Ô\.vscode\extensions\redhat.java-1.56.0-win32-x64\jre\21.0.12.1-win32-x86_64\bin\server\jvm.dll
0x00007ffcefe90000 - 0x00007ffceff4c000 	C:\WINDOWS\System32\ADVAPI32.dll
0x00007ffcf08f0000 - 0x00007ffcf099a000 	C:\WINDOWS\System32\sechost.dll
0x00007ffcf07d0000 - 0x00007ffcf08e8000 	C:\WINDOWS\System32\RPCRT4.dll
0x00007ffcefba0000 - 0x00007ffcefc22000 	C:\WINDOWS\System32\WS2_32.dll
0x00007ffceebb0000 - 0x00007ffceec0e000 	C:\WINDOWS\SYSTEM32\POWRPROF.dll
0x00007ffcebef0000 - 0x00007ffcebf26000 	C:\WINDOWS\SYSTEM32\WINMM.dll
0x00007ffce6770000 - 0x00007ffce677b000 	C:\WINDOWS\SYSTEM32\VERSION.dll
0x00007ffceeb90000 - 0x00007ffceeba5000 	C:\WINDOWS\SYSTEM32\UMPDC.dll
0x00007ffceda00000 - 0x00007ffceda1b000 	C:\WINDOWS\SYSTEM32\kernel.appcore.dll
0x00007ffca9480000 - 0x00007ffca948a000 	C:\Users\±è¹Î±Ô\.vscode\extensions\redhat.java-1.56.0-win32-x64\jre\21.0.12.1-win32-x86_64\bin\jimage.dll
0x00007ffcebb20000 - 0x00007ffcebd62000 	C:\WINDOWS\SYSTEM32\DBGHELP.DLL
0x00007ffcf0440000 - 0x00007ffcf07c5000 	C:\WINDOWS\System32\combase.dll
0x00007ffcefaa0000 - 0x00007ffcefb79000 	C:\WINDOWS\System32\OLEAUT32.dll
0x00007ffcebe80000 - 0x00007ffcebebb000 	C:\WINDOWS\SYSTEM32\dbgcore.DLL
0x00007ffceef40000 - 0x00007ffceefec000 	C:\WINDOWS\System32\bcryptPrimitives.dll
0x00007ffca3bc0000 - 0x00007ffca3bcf000 	C:\Users\±è¹Î±Ô\.vscode\extensions\redhat.java-1.56.0-win32-x64\jre\21.0.12.1-win32-x86_64\bin\instrument.dll
0x00007ffca9460000 - 0x00007ffca9480000 	C:\Users\±è¹Î±Ô\.vscode\extensions\redhat.java-1.56.0-win32-x64\jre\21.0.12.1-win32-x86_64\bin\java.dll
0x00007ffcf0c80000 - 0x00007ffcf1408000 	C:\WINDOWS\System32\SHELL32.dll
0x00007ffcec7c0000 - 0x00007ffced05b000 	C:\WINDOWS\SYSTEM32\windows.storage.dll
0x00007ffcf1410000 - 0x00007ffcf1509000 	C:\WINDOWS\System32\SHCORE.dll
0x00007ffcf09a0000 - 0x00007ffcf0a06000 	C:\WINDOWS\System32\shlwapi.dll
0x00007ffceec70000 - 0x00007ffceec99000 	C:\WINDOWS\SYSTEM32\profapi.dll
0x00007ffca9440000 - 0x00007ffca9458000 	C:\Users\±è¹Î±Ô\.vscode\extensions\redhat.java-1.56.0-win32-x64\jre\21.0.12.1-win32-x86_64\bin\zip.dll
0x00007ffca9430000 - 0x00007ffca9440000 	C:\Users\±è¹Î±Ô\.vscode\extensions\redhat.java-1.56.0-win32-x64\jre\21.0.12.1-win32-x86_64\bin\net.dll
0x00007ffce6b40000 - 0x00007ffce6c68000 	C:\WINDOWS\SYSTEM32\WINHTTP.dll
0x00007ffcedf90000 - 0x00007ffcedffc000 	C:\WINDOWS\system32\mswsock.dll
0x00007ffca9410000 - 0x00007ffca9426000 	C:\Users\±è¹Î±Ô\.vscode\extensions\redhat.java-1.56.0-win32-x64\jre\21.0.12.1-win32-x86_64\bin\nio.dll
0x00007ffca3950000 - 0x00007ffca3960000 	C:\Users\±è¹Î±Ô\.vscode\extensions\redhat.java-1.56.0-win32-x64\jre\21.0.12.1-win32-x86_64\bin\verify.dll
0x00007ffca2340000 - 0x00007ffca2367000 	C:\Users\±è¹Î±Ô\.gradle\native\660c5614fbf4a5f2a75b1949f50a0caf5cd603558e7d8a26e50b933a0cfb79d1\windows-amd64\native-platform.dll
0x00007ffcd71e0000 - 0x00007ffcd7257000 	C:\Users\±è¹Î±Ô\.gradle\native\0.2.8\x86_64-windows-gnu\gradle-fileevents.dll
0x00007ffcb3510000 - 0x00007ffcb351a000 	C:\Users\±è¹Î±Ô\.vscode\extensions\redhat.java-1.56.0-win32-x64\jre\21.0.12.1-win32-x86_64\bin\management.dll
0x00007ffcb3500000 - 0x00007ffcb350c000 	C:\Users\±è¹Î±Ô\.vscode\extensions\redhat.java-1.56.0-win32-x64\jre\21.0.12.1-win32-x86_64\bin\management_ext.dll
0x00007ffcefcb0000 - 0x00007ffcefcb8000 	C:\WINDOWS\System32\PSAPI.DLL
0x00007ffced3b0000 - 0x00007ffced3e3000 	C:\WINDOWS\SYSTEM32\IPHLPAPI.DLL
0x00007ffcf1520000 - 0x00007ffcf152a000 	C:\WINDOWS\System32\NSI.dll
0x00007ffce6780000 - 0x00007ffce6789000 	C:\Users\±è¹Î±Ô\.vscode\extensions\redhat.java-1.56.0-win32-x64\jre\21.0.12.1-win32-x86_64\bin\extnet.dll
0x00007ffcee3b0000 - 0x00007ffcee3cb000 	C:\WINDOWS\SYSTEM32\CRYPTSP.dll
0x00007ffced960000 - 0x00007ffced999000 	C:\WINDOWS\system32\rsaenh.dll
0x00007ffcee040000 - 0x00007ffcee072000 	C:\WINDOWS\SYSTEM32\USERENV.dll
0x00007ffceec40000 - 0x00007ffceec6a000 	C:\WINDOWS\SYSTEM32\bcrypt.dll
0x00007ffcee1f0000 - 0x00007ffcee1fc000 	C:\WINDOWS\SYSTEM32\CRYPTBASE.dll
0x00007ffcd7ec0000 - 0x00007ffcd7ece000 	C:\Users\±è¹Î±Ô\.vscode\extensions\redhat.java-1.56.0-win32-x64\jre\21.0.12.1-win32-x86_64\bin\sunmscapi.dll
0x00007ffcef4f0000 - 0x00007ffcef66e000 	C:\WINDOWS\System32\CRYPT32.dll
0x00007ffcee520000 - 0x00007ffcee550000 	C:\WINDOWS\SYSTEM32\ncrypt.dll
0x00007ffcee4d0000 - 0x00007ffcee50f000 	C:\WINDOWS\SYSTEM32\NTASN1.dll
0x00007ffcb2bf0000 - 0x00007ffcb2bf8000 	C:\WINDOWS\system32\wshunix.dll

JVMTI agents:
C:\Users\±è¹Î±Ô\.gradle\wrapper\dists\gradle-9.7.1-bin\1w1c7tv4s851m17nbqdsro2tv\gradle-9.7.1\lib\agents\gradle-instrumentation-agent-9.7.1.jar path:C:\Users\±è¹Î±Ô\.vscode\extensions\redhat.java-1.56.0-win32-x64\jre\21.0.12.1-win32-x86_64\bin\instrument.dll, loaded, initialized, instrumentlib options:none

dbghelp: loaded successfully - version: 4.0.5 - missing functions: none
symbol engine: initialized successfully - sym options: 0x614 - pdb path: .;C:\Users\±è¹Î±Ô\.vscode\extensions\redhat.java-1.56.0-win32-x64\jre\21.0.12.1-win32-x86_64\bin;C:\WINDOWS\SYSTEM32;C:\WINDOWS\WinSxS\amd64_microsoft.windows.common-controls_6595b64144ccf1df_6.0.26100.8972_none_3e0da176e32f9d4b;C:\Users\±è¹Î±Ô\.vscode\extensions\redhat.java-1.56.0-win32-x64\jre\21.0.12.1-win32-x86_64\bin\;C:\Users\±è¹Î±Ô\.vscode\extensions\redhat.java-1.56.0-win32-x64\jre\21.0.12.1-win32-x86_64\b;C:\Users\±è¹Î±Ô\.vscode\extensions\redhat.java-1.56.0-win32-x64\jre\21.0.12.1-win32-x86_6;C:\Users\±è¹Î±Ô\.vscode\extensions\redhat.java-1.56.0-win32-x64\jre\21.0.12.1-win32-x8;C:\Users\±è¹Î±Ô\.vscode\extensions\redhat.java-1.56.0-win32-x64\jre\21.0.12.1-win32;C:\Users\±è¹Î±Ô\.vscode\extensions\redhat.java-1.56.0-win32-x64\jre\21.0.12.1-wi;C:\Users\±è¹Î±Ô\.vscode\extensions\redhat.java-1.56.0-win32-x64\jre\21.0.12.1-win32-x86_64\bin\server;C:\Users\±è¹Î±Ô\.gradle\native\660c5614fbf4a5f2a75b1949f50a0caf5cd603558e7d8a26e50;C:\Users\±è¹Î±Ô\.gradle\native\660c5614fbf4a5f2a75b1949f50a0caf5cd603558e7d8a26e50b933a0cfb79d1\windows-amd64;C:\Users\±è¹Î±Ô\.gradl;C:\Users\±è¹Î±Ô\.gr;C:\Users\±è¹Î±Ô\;C:\Users\±è¹Î;C:\Users\±è;C:\Users\±

VM Arguments:
jvm_args: --add-opens=java.base/java.lang=ALL-UNNAMED --add-opens=java.base/java.lang.invoke=ALL-UNNAMED --add-opens=java.base/java.util=ALL-UNNAMED --add-opens=java.prefs/java.util.prefs=ALL-UNNAMED --add-exports=jdk.compiler/com.sun.tools.javac.api=ALL-UNNAMED --add-exports=jdk.compiler/com.sun.tools.javac.util=ALL-UNNAMED --add-opens=java.base/java.nio.charset=ALL-UNNAMED --add-opens=java.base/java.net=ALL-UNNAMED --add-opens=java.base/java.util.concurrent=ALL-UNNAMED --add-opens=java.base/java.util.concurrent.atomic=ALL-UNNAMED --add-opens=java.xml/javax.xml.namespace=ALL-UNNAMED --add-opens=java.base/java.time=ALL-UNNAMED -XX:MaxMetaspaceSize=384m -XX:+HeapDumpOnOutOfMemoryError -Xms256m -Xmx512m -Dfile.encoding=UTF-8 -Duser.country=KR -Duser.language=ko -Duser.variant -javaagent:C:\Users\±è¹Î±Ô\.gradle\wrapper\dists\gradle-9.7.1-bin\1w1c7tv4s851m17nbqdsro2tv\gradle-9.7.1\lib\agents\gradle-instrumentation-agent-9.7.1.jar 
java_command: org.gradle.launcher.daemon.bootstrap.GradleDaemon 9.7.1
java_class_path (initial): C:\Users\±è¹Î±Ô\.gradle\wrapper\dists\gradle-9.7.1-bin\1w1c7tv4s851m17nbqdsro2tv\gradle-9.7.1\lib\gradle-daemon-main-9.7.1.jar
Launcher Type: SUN_STANDARD

[Global flags]
     intx CICompilerCount                          = 4                                         {product} {ergonomic}
   size_t CompressedClassSpaceSize                 = 335544320                                 {product} {ergonomic}
     uint ConcGCThreads                            = 2                                         {product} {ergonomic}
     uint G1ConcRefinementThreads                  = 8                                         {product} {ergonomic}
   size_t G1HeapRegionSize                         = 1048576                                   {product} {ergonomic}
    uintx GCDrainStackTargetSize                   = 64                                        {product} {ergonomic}
     bool HeapDumpOnOutOfMemoryError               = true                                   {manageable} {command line}
   size_t InitialHeapSize                          = 268435456                                 {product} {command line}
   size_t MarkStackSize                            = 4194304                                   {product} {ergonomic}
   size_t MaxHeapSize                              = 536870912                                 {product} {command line}
   size_t MaxMetaspaceSize                         = 402653184                                 {product} {command line}
   size_t MaxNewSize                               = 321912832                                 {product} {ergonomic}
   size_t MinHeapDeltaBytes                        = 1048576                                   {product} {ergonomic}
   size_t MinHeapSize                              = 268435456                                 {product} {command line}
    uintx NonNMethodCodeHeapSize                   = 5839372                                {pd product} {ergonomic}
    uintx NonProfiledCodeHeapSize                  = 122909434                              {pd product} {ergonomic}
    uintx ProfiledCodeHeapSize                     = 122909434                              {pd product} {ergonomic}
    uintx ReservedCodeCacheSize                    = 251658240                              {pd product} {ergonomic}
     bool SegmentedCodeCache                       = true                                      {product} {ergonomic}
   size_t SoftMaxHeapSize                          = 536870912                              {manageable} {ergonomic}
     bool UseCompressedOops                        = true                           {product lp64_product} {ergonomic}
     bool UseG1GC                                  = true                                      {product} {ergonomic}
     bool UseLargePagesIndividualAllocation        = false                                  {pd product} {ergonomic}

Logging:
Log output configuration:
 #0: stdout all=warning uptime,level,tags foldmultilines=false
 #1: stderr all=off uptime,level,tags foldmultilines=false

Release file:
JAVA_VERSION="21.0.12.1" 
MODULES="java.base java.compiler java.datatransfer java.xml java.prefs java.desktop java.instrument java.logging java.management java.security.sasl java.naming java.rmi java.management.rmi java.net.http java.scripting java.security.jgss java.transaction.xa java.sql java.sql.rowset java.xml.crypto java.se java.smartcardio jdk.accessibility jdk.internal.jvmstat jdk.attach jdk.charsets jdk.internal.opt jdk.zipfs jdk.compiler jdk.crypto.ec jdk.crypto.cryptoki jdk.crypto.mscapi jdk.dynalink jdk.internal.ed jdk.editpad jdk.hotspot.agent jdk.httpserver jdk.internal.le jdk.internal.vm.ci jdk.internal.vm.compiler jdk.internal.vm.compiler.management jdk.jartool jdk.javadoc jdk.jcmd jdk.management jdk.management.agent jdk.jconsole jdk.jdeps jdk.jdwp.agent jdk.jdi jdk.jfr jdk.jshell jdk.jsobject jdk.jstatd jdk.localedata jdk.management.jfr jdk.naming.dns jdk.naming.rmi jdk.net jdk.nio.mapmode jdk.random jdk.sctp jdk.security.auth jdk.security.jgss jdk.unsupported jdk.unsupported.desktop jdk.xml.dom" 

Environment Variables:
JAVA_HOME=C:\01DevelopKids\jdk17.0.16_8
PATH=C:\WINDOWS\system32;C:\WINDOWS;C:\WINDOWS\System32\Wbem;C:\WINDOWS\System32\WindowsPowerShell\v1.0\;C:\WINDOWS\System32\OpenSSH\;C:\01DevelopKids\jdk17.0.16_8\bin;C:\Program Files\Git\cmd;C:\Program Files\;C:\Windows\System32;C:\Program Files\MySQL\MySQL Shell 8.0\bin\;C:\Users\±è¹Î±Ô\AppData\Local\Microsoft\WindowsApps;C:\Users\±è¹Î±Ô\AppData\Local\Microsoft\WindowsApps;C:\IntellJ IDEA\IntelliJ IDEA 2025.3.1\bin;C:\Users\±è¹Î±Ô\AppData\Local\JetBrains\Toolbox\scripts;C:\Users\±è¹Î±Ô\VScode\Microsoft VS Code\bin;C:\Users\±è¹Î±Ô\AppData\Roaming\npm
USERNAME=MINKYU
OS=Windows_NT
PROCESSOR_IDENTIFIER=Intel64 Family 6 Model 140 Stepping 2, GenuineIntel
TMP=C:\Users\±è¹Î±Ô\AppData\Local\Temp
TEMP=C:\Users\±è¹Î±Ô\AppData\Local\Temp




Periodic native trim disabled

---------------  S Y S T E M  ---------------

OS:
 Windows 11 , 64 bit Build 26100 (10.0.26100.9168)
OS uptime: 0 days 1:07 hours
Hyper-V role detected

CPU: total 8 (initial active 8) (4 cores per cpu, 2 threads per core) family 6 model 140 stepping 2 microcode 0x16, cx8, cmov, fxsr, ht, mmx, 3dnowpref, sse, sse2, sse3, ssse3, sse4.1, sse4.2, popcnt, lzcnt, tsc, tscinvbit, avx, avx2, aes, erms, clmul, bmi1, bmi2, adx, avx512f, avx512dq, avx512cd, avx512bw, avx512vl, sha, fma, vzeroupper, avx512_vpopcntdq, avx512_vpclmulqdq, avx512_vaes, avx512_vnni, clflush, clflushopt, clwb, avx512_vbmi2, avx512_vbmi, hv, rdtscp, rdpid, fsrm, gfni, avx512_bitalg, f16c, cet_ibt, cet_ss, avx512_ifma
Processor Information for the first 8 processors :
  Max Mhz: 2496, Current Mhz: 2496, Mhz Limit: 2496

Memory: 4k page, system-wide physical 16108M (608M free)
TotalPageFile size 33521M (AvailPageFile size 853M)
current process WorkingSet (physical memory assigned to process): 392M, peak: 421M
current process commit charge ("private bytes"): 491M, peak: 521M

vm_info: OpenJDK 64-Bit Server VM (21.0.12.1+1-LTS) for windows-amd64 JRE (21.0.12.1+1-LTS), built on 2026-08-18T00:00:00Z by "admin" with MS VC++ 17.12 (VS2022)

END.
