#
# There is insufficient memory for the Java Runtime Environment to continue.
# Native memory allocation (malloc) failed to allocate 1129776 bytes. Error detail: Chunk::new
# Possible reasons:
#   The system is out of physical RAM or swap space
#   This process is running with CompressedOops enabled, and the Java Heap may be blocking the growth of the native heap
# Possible solutions:
#   Reduce memory load on the system
#   Increase physical memory or swap space
#   Check if swap backing store is full
#   Decrease Java heap size (-Xmx/-Xms)
#   Decrease number of Java threads
#   Decrease Java thread stack sizes (-Xss)
#   Set larger code cache with -XX:ReservedCodeCacheSize=
#   JVM is running with Unscaled Compressed Oops mode in which the Java heap is
#     placed in the first 4GB address space. The Java Heap base address is the
#     maximum limit for the native heap growth. Please use -XX:HeapBaseMinAddress
#     to set the Java Heap base and to place the Java Heap above 4GB virtual address.
# This output file may be truncated or incomplete.
#
#  Out of Memory Error (arena.cpp:168), pid=40612, tid=41456
#
# JRE version: OpenJDK Runtime Environment Temurin-21.0.12.1+1 (21.0.12.1+1) (build 21.0.12.1+1-LTS)
# Java VM: OpenJDK 64-Bit Server VM Temurin-21.0.12.1+1 (21.0.12.1+1-LTS, mixed mode, sharing, tiered, compressed oops, compressed class ptrs, g1 gc, windows-amd64)
# No core dump will be written. Minidumps are not enabled by default on client versions of Windows
#

---------------  S U M M A R Y ------------

Command Line: --add-opens=java.base/java.lang=ALL-UNNAMED --add-opens=java.base/java.lang.invoke=ALL-UNNAMED --add-opens=java.base/java.util=ALL-UNNAMED --add-opens=java.prefs/java.util.prefs=ALL-UNNAMED --add-exports=jdk.compiler/com.sun.tools.javac.api=ALL-UNNAMED --add-exports=jdk.compiler/com.sun.tools.javac.util=ALL-UNNAMED --add-opens=java.base/java.nio.charset=ALL-UNNAMED --add-opens=java.base/java.net=ALL-UNNAMED --add-opens=java.base/java.util.concurrent=ALL-UNNAMED --add-opens=java.base/java.util.concurrent.atomic=ALL-UNNAMED --add-opens=java.xml/javax.xml.namespace=ALL-UNNAMED --add-opens=java.base/java.time=ALL-UNNAMED -XX:MaxMetaspaceSize=384m -XX:+HeapDumpOnOutOfMemoryError -Xms256m -Xmx512m -Dfile.encoding=UTF-8 -Duser.country=KR -Duser.language=ko -Duser.variant -javaagent:C:\Users\±è¹Î±Ô\.gradle\wrapper\dists\gradle-9.7.1-bin\1w1c7tv4s851m17nbqdsro2tv\gradle-9.7.1\lib\agents\gradle-instrumentation-agent-9.7.1.jar org.gradle.launcher.daemon.bootstrap.GradleDaemon 9.7.1

Host: 11th Gen Intel(R) Core(TM) i5-1155G7 @ 2.50GHz, 8 cores, 15G,  Windows 11 , 64 bit Build 26100 (10.0.26100.9168)
Time: Sat Sep 12 15:26:32 2026 elapsed time: 540.525728 seconds (0d 0h 9m 0s)

---------------  T H R E A D  ---------------

Current thread (0x000001ed3f2d7650):  JavaThread "C2 CompilerThread0" daemon [_thread_in_native, id=41456, stack(0x0000004464700000,0x0000004464800000) (1024K)]


Current CompileTask:
C2:540526 10761   !   4       org.gradle.internal.service.DefaultServiceRegistry$FactoryService::bind (358 bytes)

Stack: [0x0000004464700000,0x0000004464800000]
Native frames: (J=compiled Java code, j=interpreted, Vv=VM code, C=native code)
V  [jvm.dll+0x6d83e9]
V  [jvm.dll+0x8b5736]
V  [jvm.dll+0x8b7cee]
V  [jvm.dll+0x8b83d3]
V  [jvm.dll+0x284596]
V  [jvm.dll+0xc685d]
V  [jvm.dll+0xc6da1]
V  [jvm.dll+0x3bf151]
V  [jvm.dll+0x38b6d2]
V  [jvm.dll+0x38ab1a]
V  [jvm.dll+0x24c700]
V  [jvm.dll+0x24bce0]
V  [jvm.dll+0x1cb4ae]
V  [jvm.dll+0x25baad]
V  [jvm.dll+0x25a03a]
V  [jvm.dll+0x3f8aae]
V  [jvm.dll+0x8600cd]
V  [jvm.dll+0x6d6c1d]
C  [ucrtbase.dll+0x2cd30]
C  [KERNEL32.DLL+0x2ccb7]
C  [ntdll.dll+0xaad6c]


---------------  P R O C E S S  ---------------

Threads class SMR info:
_java_thread_list=0x000001ed5fffe8f0, length=33, elements={
0x000001ed298ff710, 0x000001ed3f2c48b0, 0x000001ed3f2c7320, 0x000001ed3f2d1cb0,
0x000001ed3f2d2710, 0x000001ed3f2d3e50, 0x000001ed3f2d48b0, 0x000001ed3f2d7650,
0x000001ed3f2d9160, 0x000001ed3f4a0e00, 0x000001ed3f500fa0, 0x000001ed3f9fcfa0,
0x000001ed3fd22910, 0x000001ed5cf1e6b0, 0x000001ed5d751580, 0x000001ed5d42cd60,
0x000001ed5d42d3f0, 0x000001ed5f297b80, 0x000001ed5f2974f0, 0x000001ed5f2988a0,
0x000001ed5f2995c0, 0x000001ed5f29ca40, 0x000001ed5f299c50, 0x000001ed6014f980,
0x000001ed60154840, 0x000001ed601520e0, 0x000001ed5ffe2640, 0x000001ed609f8ae0,
0x000001ed5ee532f0, 0x000001ed5e5ba810, 0x000001ed5ffe5430, 0x000001ed5ffe4da0,
0x000001ed5ffe4710
}

Java Threads: ( => current thread )
  0x000001ed298ff710 JavaThread "main"                              [_thread_blocked, id=41088, stack(0x0000004463900000,0x0000004463a00000) (1024K)]
  0x000001ed3f2c48b0 JavaThread "Reference Handler"          daemon [_thread_blocked, id=41424, stack(0x0000004464100000,0x0000004464200000) (1024K)]
  0x000001ed3f2c7320 JavaThread "Finalizer"                  daemon [_thread_blocked, id=41428, stack(0x0000004464200000,0x0000004464300000) (1024K)]
  0x000001ed3f2d1cb0 JavaThread "Signal Dispatcher"          daemon [_thread_blocked, id=41440, stack(0x0000004464300000,0x0000004464400000) (1024K)]
  0x000001ed3f2d2710 JavaThread "Attach Listener"            daemon [_thread_blocked, id=41444, stack(0x0000004464400000,0x0000004464500000) (1024K)]
  0x000001ed3f2d3e50 JavaThread "Service Thread"             daemon [_thread_blocked, id=41448, stack(0x0000004464500000,0x0000004464600000) (1024K)]
  0x000001ed3f2d48b0 JavaThread "Monitor Deflation Thread"   daemon [_thread_blocked, id=41452, stack(0x0000004464600000,0x0000004464700000) (1024K)]
=>0x000001ed3f2d7650 JavaThread "C2 CompilerThread0"         daemon [_thread_in_native, id=41456, stack(0x0000004464700000,0x0000004464800000) (1024K)]
  0x000001ed3f2d9160 JavaThread "C1 CompilerThread0"         daemon [_thread_blocked, id=41460, stack(0x0000004464800000,0x0000004464900000) (1024K)]
  0x000001ed3f4a0e00 JavaThread "Common-Cleaner"             daemon [_thread_blocked, id=41732, stack(0x0000004464900000,0x0000004464a00000) (1024K)]
  0x000001ed3f500fa0 JavaThread "Notification Thread"        daemon [_thread_blocked, id=41896, stack(0x0000004464a00000,0x0000004464b00000) (1024K)]
  0x000001ed3f9fcfa0 JavaThread "Daemon health stats"               [_thread_blocked, id=37232, stack(0x0000004464e00000,0x0000004464f00000) (1024K)]
  0x000001ed3fd22910 JavaThread "Incoming local TCP Connector on port 56875"        [_thread_in_native, id=26060, stack(0x0000004464f00000,0x0000004465000000) (1024K)]
  0x000001ed5cf1e6b0 JavaThread "Daemon periodic checks"            [_thread_blocked, id=40348, stack(0x0000004465000000,0x0000004465100000) (1024K)]
  0x000001ed5d751580 JavaThread "Daemon worker"                     [_thread_blocked, id=40064, stack(0x0000004465500000,0x0000004465600000) (1024K)]
  0x000001ed5d42cd60 JavaThread "Cache worker for journal cache (C:\Users\ê¹€ë¯¼ê·œ\.gradle\caches\journal-1)"        [_thread_blocked, id=40524, stack(0x0000004465900000,0x0000004465a00000) (1024K)]
  0x000001ed5d42d3f0 JavaThread "File lock request listener"        [_thread_in_native, id=33868, stack(0x0000004465a00000,0x0000004465b00000) (1024K)]
  0x000001ed5f297b80 JavaThread "Cache worker for file hash cache (C:\Users\ê¹€ë¯¼ê·œ\.gradle\caches\9.7.1\fileHashes)"        [_thread_blocked, id=3540, stack(0x0000004465b00000,0x0000004465c00000) (1024K)]
  0x000001ed5f2974f0 JavaThread "File watcher server"        daemon [_thread_in_native, id=13260, stack(0x0000004466100000,0x0000004466200000) (1024K)]
  0x000001ed5f2988a0 JavaThread "File watcher consumer"      daemon [_thread_blocked, id=15280, stack(0x0000004466200000,0x0000004466300000) (1024K)]
  0x000001ed5f2995c0 JavaThread "Cache worker for file content cache (C:\Users\ê¹€ë¯¼ê·œ\.gradle\caches\9.7.1\fileContent)"        [_thread_blocked, id=43400, stack(0x0000004466300000,0x0000004466400000) (1024K)]
  0x000001ed5f29ca40 JavaThread "jar transforms"                    [_thread_blocked, id=40232, stack(0x0000004464d00000,0x0000004464e00000) (1024K)]
  0x000001ed5f299c50 JavaThread "jar transforms Thread 2"           [_thread_blocked, id=41288, stack(0x0000004465100000,0x0000004465200000) (1024K)]
  0x000001ed6014f980 JavaThread "jar transforms Thread 3"           [_thread_blocked, id=21392, stack(0x0000004466700000,0x0000004466800000) (1024K)]
  0x000001ed60154840 JavaThread "Memory manager"                    [_thread_blocked, id=41716, stack(0x0000004467000000,0x0000004467100000) (1024K)]
  0x000001ed601520e0 JavaThread "jar transforms Thread 4"           [_thread_blocked, id=32992, stack(0x0000004467200000,0x0000004467300000) (1024K)]
  0x000001ed5ffe2640 JavaThread "Daemon Thread 38"                  [_thread_blocked, id=38828, stack(0x000000446dc00000,0x000000446dd00000) (1024K)]
  0x000001ed609f8ae0 JavaThread "VFS cleanup Thread 32"             [_thread_blocked, id=23896, stack(0x0000004468a00000,0x0000004468b00000) (1024K)]
  0x000001ed5ee532f0 JavaThread "Daemon Thread 43"                  [_thread_blocked, id=41812, stack(0x0000004466e00000,0x0000004466f00000) (1024K)]
  0x000001ed5e5ba810 JavaThread "Daemon Thread 44"                  [_thread_blocked, id=19788, stack(0x0000004465600000,0x0000004465700000) (1024K)]
  0x000001ed5ffe5430 JavaThread "VFS cleanup Thread 37"             [_thread_blocked, id=48756, stack(0x0000004465200000,0x0000004465300000) (1024K)]
  0x000001ed5ffe4da0 JavaThread "VFS cleanup Thread 38"             [_thread_blocked, id=48760, stack(0x0000004465300000,0x0000004465400000) (1024K)]
  0x000001ed5ffe4710 JavaThread "VFS cleanup Thread 39"             [_thread_in_native, id=48836, stack(0x0000004465400000,0x0000004465500000) (1024K)]
Total: 33

Other Threads:
  0x000001ed3f291ea0 VMThread "VM Thread"                           [id=41260, stack(0x0000004464000000,0x0000004464100000) (1024K)]
  0x000001ed3f284a20 WatcherThread "VM Periodic Task Thread"        [id=41252, stack(0x0000004463f00000,0x0000004464000000) (1024K)]
  0x000001ed29928530 WorkerThread "GC Thread#0"                     [id=41132, stack(0x0000004463a00000,0x0000004463b00000) (1024K)]
  0x000001ed3fe3c360 WorkerThread "GC Thread#1"                     [id=41032, stack(0x0000004463600000,0x0000004463700000) (1024K)]
  0x000001ed3fb3e140 WorkerThread "GC Thread#2"                     [id=41084, stack(0x0000004463700000,0x0000004463800000) (1024K)]
  0x000001ed3f476c20 WorkerThread "GC Thread#3"                     [id=37272, stack(0x0000004463800000,0x0000004463900000) (1024K)]
  0x000001ed3f476fd0 WorkerThread "GC Thread#4"                     [id=27380, stack(0x0000004464b00000,0x0000004464c00000) (1024K)]
  0x000001ed3fa74e70 WorkerThread "GC Thread#5"                     [id=34184, stack(0x0000004464c00000,0x0000004464d00000) (1024K)]
  0x000001ed5d8bb720 WorkerThread "GC Thread#6"                     [id=41596, stack(0x0000004465c00000,0x0000004465d00000) (1024K)]
  0x000001ed5d8bbad0 WorkerThread "GC Thread#7"                     [id=36968, stack(0x0000004465d00000,0x0000004465e00000) (1024K)]
  0x000001ed299302d0 ConcurrentGCThread "G1 Main Marker"            [id=41136, stack(0x0000004463b00000,0x0000004463c00000) (1024K)]
  0x000001ed29931500 WorkerThread "G1 Conc#0"                       [id=41140, stack(0x0000004463c00000,0x0000004463d00000) (1024K)]
  0x000001ed5d8bc230 WorkerThread "G1 Conc#1"                       [id=2240, stack(0x0000004465e00000,0x0000004465f00000) (1024K)]
  0x000001ed3f157200 ConcurrentGCThread "G1 Refine#0"               [id=41144, stack(0x0000004463d00000,0x0000004463e00000) (1024K)]
  0x000001ed3f1578a0 ConcurrentGCThread "G1 Service"                [id=41148, stack(0x0000004463e00000,0x0000004463f00000) (1024K)]
Total: 15

Threads with active compile tasks:
C2 CompilerThread0  554805 10761   !   4       org.gradle.internal.service.DefaultServiceRegistry$FactoryService::bind (358 bytes)
Total: 1

VM state: not at safepoint (normal execution)

VM Mutex/Monitor currently owned by a thread: None

Heap address: 0x00000000e0000000, size: 512 MB, Compressed Oops mode: 32-bit

CDS archive(s) mapped at: [0x000001ed40000000-0x000001ed40ba0000-0x000001ed40ba0000), size 12189696, SharedBaseAddress: 0x000001ed40000000, ArchiveRelocationMode: 1.
Compressed class space mapped at: 0x000001ed41000000-0x000001ed55000000, reserved size: 335544320
Narrow klass base: 0x000001ed40000000, Narrow klass shift: 0, Narrow klass range: 0x100000000

GC Precious Log:
 CardTable entry size: 512
 Card Set container configuration: InlinePtr #cards 5 size 8 Array Of Cards #cards 12 size 40 Howl #buckets 4 coarsen threshold 1843 Howl Bitmap #cards 512 size 80 coarsen threshold 460 Card regions per heap region 1 cards per card region 2048
 CPUs: 8 total, 8 available
 Memory: 16108M
 Large Page Support: Disabled
 NUMA Support: Disabled
 Compressed Oops: Enabled (32-bit)
 Heap Region Size: 1M
 Heap Min Capacity: 256M
 Heap Initial Capacity: 256M
 Heap Max Capacity: 512M
 Pre-touch: Disabled
 Parallel Workers: 8
 Concurrent Workers: 2
 Concurrent Refinement Workers: 8
 Periodic GC: Disabled

Heap:
 garbage-first heap   total 262144K, used 169258K [0x00000000e0000000, 0x0000000100000000)
  region size 1024K, 129 young (132096K), 13 survivors (13312K)
 Metaspace       used 59741K, committed 62016K, reserved 393216K
  class space    used 8775K, committed 9920K, reserved 327680K

Heap Regions: E=young(eden), S=young(survivor), O=old, HS=humongous(starts), HC=humongous(continues), CS=collection set, F=free, TAMS=top-at-mark-start, PB=parsable bottom
|   0|0x00000000e0000000, 0x00000000e0100000, 0x00000000e0100000|100%|HS|  |TAMS 0x00000000e0000000| PB 0x00000000e0000000| Complete 
|   1|0x00000000e0100000, 0x00000000e0200000, 0x00000000e0200000|100%|HC|  |TAMS 0x00000000e0100000| PB 0x00000000e0100000| Complete 
|   2|0x00000000e0200000, 0x00000000e0300000, 0x00000000e0300000|100%|HC|  |TAMS 0x00000000e0200000| PB 0x00000000e0200000| Complete 
|   3|0x00000000e0300000, 0x00000000e0400000, 0x00000000e0400000|100%|HC|  |TAMS 0x00000000e0300000| PB 0x00000000e0300000| Complete 
|   4|0x00000000e0400000, 0x00000000e0500000, 0x00000000e0500000|100%| O|  |TAMS 0x00000000e0400000| PB 0x00000000e0400000| Untracked 
|   5|0x00000000e0500000, 0x00000000e0600000, 0x00000000e0600000|100%| O|  |TAMS 0x00000000e0500000| PB 0x00000000e0500000| Untracked 
|   6|0x00000000e0600000, 0x00000000e0700000, 0x00000000e0700000|100%| O|  |TAMS 0x00000000e0600000| PB 0x00000000e0600000| Untracked 
|   7|0x00000000e0700000, 0x00000000e0800000, 0x00000000e0800000|100%| O|  |TAMS 0x00000000e0700000| PB 0x00000000e0700000| Untracked 
|   8|0x00000000e0800000, 0x00000000e0900000, 0x00000000e0900000|100%| O|  |TAMS 0x00000000e0800000| PB 0x00000000e0800000| Untracked 
|   9|0x00000000e0900000, 0x00000000e0a00000, 0x00000000e0a00000|100%| O|  |TAMS 0x00000000e0900000| PB 0x00000000e0900000| Untracked 
|  10|0x00000000e0a00000, 0x00000000e0b00000, 0x00000000e0b00000|100%| O|  |TAMS 0x00000000e0a00000| PB 0x00000000e0a00000| Untracked 
|  11|0x00000000e0b00000, 0x00000000e0c00000, 0x00000000e0c00000|100%| O|  |TAMS 0x00000000e0b00000| PB 0x00000000e0b00000| Untracked 
|  12|0x00000000e0c00000, 0x00000000e0d00000, 0x00000000e0d00000|100%|HS|  |TAMS 0x00000000e0c00000| PB 0x00000000e0c00000| Complete 
|  13|0x00000000e0d00000, 0x00000000e0e00000, 0x00000000e0e00000|100%| O|  |TAMS 0x00000000e0d00000| PB 0x00000000e0d00000| Untracked 
|  14|0x00000000e0e00000, 0x00000000e0f00000, 0x00000000e0f00000|100%| O|  |TAMS 0x00000000e0e00000| PB 0x00000000e0e00000| Untracked 
|  15|0x00000000e0f00000, 0x00000000e1000000, 0x00000000e1000000|100%| O|  |TAMS 0x00000000e0f00000| PB 0x00000000e0f00000| Untracked 
|  16|0x00000000e1000000, 0x00000000e1100000, 0x00000000e1100000|100%| O|  |TAMS 0x00000000e1000000| PB 0x00000000e1000000| Untracked 
|  17|0x00000000e1100000, 0x00000000e1200000, 0x00000000e1200000|100%| O|  |TAMS 0x00000000e1100000| PB 0x00000000e1100000| Untracked 
|  18|0x00000000e1200000, 0x00000000e1300000, 0x00000000e1300000|100%| O|  |TAMS 0x00000000e1200000| PB 0x00000000e1200000| Untracked 
|  19|0x00000000e1300000, 0x00000000e1400000, 0x00000000e1400000|100%| O|  |TAMS 0x00000000e1300000| PB 0x00000000e1300000| Untracked 
|  20|0x00000000e1400000, 0x00000000e1500000, 0x00000000e1500000|100%| O|  |TAMS 0x00000000e1400000| PB 0x00000000e1400000| Untracked 
|  21|0x00000000e1500000, 0x00000000e1600000, 0x00000000e1600000|100%| O|  |TAMS 0x00000000e1500000| PB 0x00000000e1500000| Untracked 
|  22|0x00000000e1600000, 0x00000000e1700000, 0x00000000e1700000|100%| O|  |TAMS 0x00000000e1600000| PB 0x00000000e1600000| Untracked 
|  23|0x00000000e1700000, 0x00000000e1800000, 0x00000000e1800000|100%| O|  |TAMS 0x00000000e1700000| PB 0x00000000e1700000| Untracked 
|  24|0x00000000e1800000, 0x00000000e1900000, 0x00000000e1900000|100%| O|  |TAMS 0x00000000e1800000| PB 0x00000000e1800000| Untracked 
|  25|0x00000000e1900000, 0x00000000e1a00000, 0x00000000e1a00000|100%| O|Cm|TAMS 0x00000000e1900000| PB 0x00000000e1900000| Complete 
|  26|0x00000000e1a00000, 0x00000000e1b00000, 0x00000000e1b00000|100%| O|  |TAMS 0x00000000e1a00000| PB 0x00000000e1a00000| Untracked 
|  27|0x00000000e1b00000, 0x00000000e1c00000, 0x00000000e1c00000|100%| O|  |TAMS 0x00000000e1b00000| PB 0x00000000e1b00000| Untracked 
|  28|0x00000000e1c00000, 0x00000000e1d00000, 0x00000000e1d00000|100%| O|  |TAMS 0x00000000e1c00000| PB 0x00000000e1c00000| Untracked 
|  29|0x00000000e1d00000, 0x00000000e1e00000, 0x00000000e1e00000|100%| O|  |TAMS 0x00000000e1d00000| PB 0x00000000e1d00000| Untracked 
|  30|0x00000000e1e00000, 0x00000000e1f00000, 0x00000000e1f00000|100%| O|  |TAMS 0x00000000e1e00000| PB 0x00000000e1e00000| Untracked 
|  31|0x00000000e1f00000, 0x00000000e2000000, 0x00000000e2000000|100%| O|  |TAMS 0x00000000e1f00000| PB 0x00000000e1f00000| Untracked 
|  32|0x00000000e2000000, 0x00000000e2100000, 0x00000000e2100000|100%| O|  |TAMS 0x00000000e2000000| PB 0x00000000e2000000| Untracked 
|  33|0x00000000e2100000, 0x00000000e2200000, 0x00000000e2200000|100%| O|  |TAMS 0x00000000e2100000| PB 0x00000000e2100000| Untracked 
|  34|0x00000000e2200000, 0x00000000e2300000, 0x00000000e2300000|100%| O|  |TAMS 0x00000000e2200000| PB 0x00000000e2200000| Untracked 
|  35|0x00000000e2300000, 0x00000000e2400000, 0x00000000e2400000|100%| O|  |TAMS 0x00000000e2300000| PB 0x00000000e2300000| Untracked 
|  36|0x00000000e2400000, 0x00000000e2500000, 0x00000000e2500000|100%| O|  |TAMS 0x00000000e2400000| PB 0x00000000e2400000| Untracked 
|  37|0x00000000e2500000, 0x00000000e2600000, 0x00000000e2600000|100%| O|  |TAMS 0x00000000e2500000| PB 0x00000000e2500000| Untracked 
|  38|0x00000000e2600000, 0x00000000e26e0ee0, 0x00000000e2700000| 87%| O|  |TAMS 0x00000000e2600000| PB 0x00000000e2600000| Untracked 
|  39|0x00000000e2700000, 0x00000000e2700000, 0x00000000e2800000|  0%| F|  |TAMS 0x00000000e2700000| PB 0x00000000e2700000| Untracked 
|  40|0x00000000e2800000, 0x00000000e2800000, 0x00000000e2900000|  0%| F|  |TAMS 0x00000000e2800000| PB 0x00000000e2800000| Untracked 
|  41|0x00000000e2900000, 0x00000000e2900000, 0x00000000e2a00000|  0%| F|  |TAMS 0x00000000e2900000| PB 0x00000000e2900000| Untracked 
|  42|0x00000000e2a00000, 0x00000000e2a00000, 0x00000000e2b00000|  0%| F|  |TAMS 0x00000000e2a00000| PB 0x00000000e2a00000| Untracked 
|  43|0x00000000e2b00000, 0x00000000e2b00000, 0x00000000e2c00000|  0%| F|  |TAMS 0x00000000e2b00000| PB 0x00000000e2b00000| Untracked 
|  44|0x00000000e2c00000, 0x00000000e2c00000, 0x00000000e2d00000|  0%| F|  |TAMS 0x00000000e2c00000| PB 0x00000000e2c00000| Untracked 
|  45|0x00000000e2d00000, 0x00000000e2d00000, 0x00000000e2e00000|  0%| F|  |TAMS 0x00000000e2d00000| PB 0x00000000e2d00000| Untracked 
|  46|0x00000000e2e00000, 0x00000000e2e00000, 0x00000000e2f00000|  0%| F|  |TAMS 0x00000000e2e00000| PB 0x00000000e2e00000| Untracked 
|  47|0x00000000e2f00000, 0x00000000e2f00000, 0x00000000e3000000|  0%| F|  |TAMS 0x00000000e2f00000| PB 0x00000000e2f00000| Untracked 
|  48|0x00000000e3000000, 0x00000000e3000000, 0x00000000e3100000|  0%| F|  |TAMS 0x00000000e3000000| PB 0x00000000e3000000| Untracked 
|  49|0x00000000e3100000, 0x00000000e3100000, 0x00000000e3200000|  0%| F|  |TAMS 0x00000000e3100000| PB 0x00000000e3100000| Untracked 
|  50|0x00000000e3200000, 0x00000000e3200000, 0x00000000e3300000|  0%| F|  |TAMS 0x00000000e3200000| PB 0x00000000e3200000| Untracked 
|  51|0x00000000e3300000, 0x00000000e3300000, 0x00000000e3400000|  0%| F|  |TAMS 0x00000000e3300000| PB 0x00000000e3300000| Untracked 
|  52|0x00000000e3400000, 0x00000000e3400000, 0x00000000e3500000|  0%| F|  |TAMS 0x00000000e3400000| PB 0x00000000e3400000| Untracked 
|  53|0x00000000e3500000, 0x00000000e3500000, 0x00000000e3600000|  0%| F|  |TAMS 0x00000000e3500000| PB 0x00000000e3500000| Untracked 
|  54|0x00000000e3600000, 0x00000000e3600000, 0x00000000e3700000|  0%| F|  |TAMS 0x00000000e3600000| PB 0x00000000e3600000| Untracked 
|  55|0x00000000e3700000, 0x00000000e3700000, 0x00000000e3800000|  0%| F|  |TAMS 0x00000000e3700000| PB 0x00000000e3700000| Untracked 
|  56|0x00000000e3800000, 0x00000000e3800000, 0x00000000e3900000|  0%| F|  |TAMS 0x00000000e3800000| PB 0x00000000e3800000| Untracked 
|  57|0x00000000e3900000, 0x00000000e3900000, 0x00000000e3a00000|  0%| F|  |TAMS 0x00000000e3900000| PB 0x00000000e3900000| Untracked 
|  58|0x00000000e3a00000, 0x00000000e3a00000, 0x00000000e3b00000|  0%| F|  |TAMS 0x00000000e3a00000| PB 0x00000000e3a00000| Untracked 
|  59|0x00000000e3b00000, 0x00000000e3b00000, 0x00000000e3c00000|  0%| F|  |TAMS 0x00000000e3b00000| PB 0x00000000e3b00000| Untracked 
|  60|0x00000000e3c00000, 0x00000000e3c00000, 0x00000000e3d00000|  0%| F|  |TAMS 0x00000000e3c00000| PB 0x00000000e3c00000| Untracked 
|  61|0x00000000e3d00000, 0x00000000e3d00000, 0x00000000e3e00000|  0%| F|  |TAMS 0x00000000e3d00000| PB 0x00000000e3d00000| Untracked 
|  62|0x00000000e3e00000, 0x00000000e3e00000, 0x00000000e3f00000|  0%| F|  |TAMS 0x00000000e3e00000| PB 0x00000000e3e00000| Untracked 
|  63|0x00000000e3f00000, 0x00000000e3f00000, 0x00000000e4000000|  0%| F|  |TAMS 0x00000000e3f00000| PB 0x00000000e3f00000| Untracked 
|  64|0x00000000e4000000, 0x00000000e4000000, 0x00000000e4100000|  0%| F|  |TAMS 0x00000000e4000000| PB 0x00000000e4000000| Untracked 
|  65|0x00000000e4100000, 0x00000000e4100000, 0x00000000e4200000|  0%| F|  |TAMS 0x00000000e4100000| PB 0x00000000e4100000| Untracked 
|  66|0x00000000e4200000, 0x00000000e4200000, 0x00000000e4300000|  0%| F|  |TAMS 0x00000000e4200000| PB 0x00000000e4200000| Untracked 
|  67|0x00000000e4300000, 0x00000000e4300000, 0x00000000e4400000|  0%| F|  |TAMS 0x00000000e4300000| PB 0x00000000e4300000| Untracked 
|  68|0x00000000e4400000, 0x00000000e4400000, 0x00000000e4500000|  0%| F|  |TAMS 0x00000000e4400000| PB 0x00000000e4400000| Untracked 
|  69|0x00000000e4500000, 0x00000000e4500000, 0x00000000e4600000|  0%| F|  |TAMS 0x00000000e4500000| PB 0x00000000e4500000| Untracked 
|  70|0x00000000e4600000, 0x00000000e4600000, 0x00000000e4700000|  0%| F|  |TAMS 0x00000000e4600000| PB 0x00000000e4600000| Untracked 
|  71|0x00000000e4700000, 0x00000000e4700000, 0x00000000e4800000|  0%| F|  |TAMS 0x00000000e4700000| PB 0x00000000e4700000| Untracked 
|  72|0x00000000e4800000, 0x00000000e4800000, 0x00000000e4900000|  0%| F|  |TAMS 0x00000000e4800000| PB 0x00000000e4800000| Untracked 
|  73|0x00000000e4900000, 0x00000000e4900000, 0x00000000e4a00000|  0%| F|  |TAMS 0x00000000e4900000| PB 0x00000000e4900000| Untracked 
|  74|0x00000000e4a00000, 0x00000000e4a00000, 0x00000000e4b00000|  0%| F|  |TAMS 0x00000000e4a00000| PB 0x00000000e4a00000| Untracked 
|  75|0x00000000e4b00000, 0x00000000e4b00000, 0x00000000e4c00000|  0%| F|  |TAMS 0x00000000e4b00000| PB 0x00000000e4b00000| Untracked 
|  76|0x00000000e4c00000, 0x00000000e4c00000, 0x00000000e4d00000|  0%| F|  |TAMS 0x00000000e4c00000| PB 0x00000000e4c00000| Untracked 
|  77|0x00000000e4d00000, 0x00000000e4d00000, 0x00000000e4e00000|  0%| F|  |TAMS 0x00000000e4d00000| PB 0x00000000e4d00000| Untracked 
|  78|0x00000000e4e00000, 0x00000000e4e00000, 0x00000000e4f00000|  0%| F|  |TAMS 0x00000000e4e00000| PB 0x00000000e4e00000| Untracked 
|  79|0x00000000e4f00000, 0x00000000e4f00000, 0x00000000e5000000|  0%| F|  |TAMS 0x00000000e4f00000| PB 0x00000000e4f00000| Untracked 
|  80|0x00000000e5000000, 0x00000000e5000000, 0x00000000e5100000|  0%| F|  |TAMS 0x00000000e5000000| PB 0x00000000e5000000| Untracked 
|  81|0x00000000e5100000, 0x00000000e5100000, 0x00000000e5200000|  0%| F|  |TAMS 0x00000000e5100000| PB 0x00000000e5100000| Untracked 
|  82|0x00000000e5200000, 0x00000000e5200000, 0x00000000e5300000|  0%| F|  |TAMS 0x00000000e5200000| PB 0x00000000e5200000| Untracked 
|  83|0x00000000e5300000, 0x00000000e5300000, 0x00000000e5400000|  0%| F|  |TAMS 0x00000000e5300000| PB 0x00000000e5300000| Untracked 
|  84|0x00000000e5400000, 0x00000000e5400000, 0x00000000e5500000|  0%| F|  |TAMS 0x00000000e5400000| PB 0x00000000e5400000| Untracked 
|  85|0x00000000e5500000, 0x00000000e5500000, 0x00000000e5600000|  0%| F|  |TAMS 0x00000000e5500000| PB 0x00000000e5500000| Untracked 
|  86|0x00000000e5600000, 0x00000000e5600000, 0x00000000e5700000|  0%| F|  |TAMS 0x00000000e5600000| PB 0x00000000e5600000| Untracked 
|  87|0x00000000e5700000, 0x00000000e5700000, 0x00000000e5800000|  0%| F|  |TAMS 0x00000000e5700000| PB 0x00000000e5700000| Untracked 
|  88|0x00000000e5800000, 0x00000000e5800000, 0x00000000e5900000|  0%| F|  |TAMS 0x00000000e5800000| PB 0x00000000e5800000| Untracked 
|  89|0x00000000e5900000, 0x00000000e5900000, 0x00000000e5a00000|  0%| F|  |TAMS 0x00000000e5900000| PB 0x00000000e5900000| Untracked 
|  90|0x00000000e5a00000, 0x00000000e5a00000, 0x00000000e5b00000|  0%| F|  |TAMS 0x00000000e5a00000| PB 0x00000000e5a00000| Untracked 
|  91|0x00000000e5b00000, 0x00000000e5b00000, 0x00000000e5c00000|  0%| F|  |TAMS 0x00000000e5b00000| PB 0x00000000e5b00000| Untracked 
|  92|0x00000000e5c00000, 0x00000000e5c00000, 0x00000000e5d00000|  0%| F|  |TAMS 0x00000000e5c00000| PB 0x00000000e5c00000| Untracked 
|  93|0x00000000e5d00000, 0x00000000e5d00000, 0x00000000e5e00000|  0%| F|  |TAMS 0x00000000e5d00000| PB 0x00000000e5d00000| Untracked 
|  94|0x00000000e5e00000, 0x00000000e5e00000, 0x00000000e5f00000|  0%| F|  |TAMS 0x00000000e5e00000| PB 0x00000000e5e00000| Untracked 
|  95|0x00000000e5f00000, 0x00000000e5f00000, 0x00000000e6000000|  0%| F|  |TAMS 0x00000000e5f00000| PB 0x00000000e5f00000| Untracked 
|  96|0x00000000e6000000, 0x00000000e6000000, 0x00000000e6100000|  0%| F|  |TAMS 0x00000000e6000000| PB 0x00000000e6000000| Untracked 
|  97|0x00000000e6100000, 0x00000000e6100000, 0x00000000e6200000|  0%| F|  |TAMS 0x00000000e6100000| PB 0x00000000e6100000| Untracked 
|  98|0x00000000e6200000, 0x00000000e6200000, 0x00000000e6300000|  0%| F|  |TAMS 0x00000000e6200000| PB 0x00000000e6200000| Untracked 
|  99|0x00000000e6300000, 0x00000000e6300000, 0x00000000e6400000|  0%| F|  |TAMS 0x00000000e6300000| PB 0x00000000e6300000| Untracked 
| 100|0x00000000e6400000, 0x00000000e6400000, 0x00000000e6500000|  0%| F|  |TAMS 0x00000000e6400000| PB 0x00000000e6400000| Untracked 
| 101|0x00000000e6500000, 0x00000000e6500000, 0x00000000e6600000|  0%| F|  |TAMS 0x00000000e6500000| PB 0x00000000e6500000| Untracked 
| 102|0x00000000e6600000, 0x00000000e6600000, 0x00000000e6700000|  0%| F|  |TAMS 0x00000000e6600000| PB 0x00000000e6600000| Untracked 
| 103|0x00000000e6700000, 0x00000000e6700000, 0x00000000e6800000|  0%| F|  |TAMS 0x00000000e6700000| PB 0x00000000e6700000| Untracked 
| 104|0x00000000e6800000, 0x00000000e6800000, 0x00000000e6900000|  0%| F|  |TAMS 0x00000000e6800000| PB 0x00000000e6800000| Untracked 
| 105|0x00000000e6900000, 0x00000000e6900000, 0x00000000e6a00000|  0%| F|  |TAMS 0x00000000e6900000| PB 0x00000000e6900000| Untracked 
| 106|0x00000000e6a00000, 0x00000000e6a00000, 0x00000000e6b00000|  0%| F|  |TAMS 0x00000000e6a00000| PB 0x00000000e6a00000| Untracked 
| 107|0x00000000e6b00000, 0x00000000e6b00000, 0x00000000e6c00000|  0%| F|  |TAMS 0x00000000e6b00000| PB 0x00000000e6b00000| Untracked 
| 108|0x00000000e6c00000, 0x00000000e6c00000, 0x00000000e6d00000|  0%| F|  |TAMS 0x00000000e6c00000| PB 0x00000000e6c00000| Untracked 
| 109|0x00000000e6d00000, 0x00000000e6d00000, 0x00000000e6e00000|  0%| F|  |TAMS 0x00000000e6d00000| PB 0x00000000e6d00000| Untracked 
| 110|0x00000000e6e00000, 0x00000000e6e00000, 0x00000000e6f00000|  0%| F|  |TAMS 0x00000000e6e00000| PB 0x00000000e6e00000| Untracked 
| 111|0x00000000e6f00000, 0x00000000e6f00000, 0x00000000e7000000|  0%| F|  |TAMS 0x00000000e6f00000| PB 0x00000000e6f00000| Untracked 
| 112|0x00000000e7000000, 0x00000000e7000000, 0x00000000e7100000|  0%| F|  |TAMS 0x00000000e7000000| PB 0x00000000e7000000| Untracked 
| 113|0x00000000e7100000, 0x00000000e7100000, 0x00000000e7200000|  0%| F|  |TAMS 0x00000000e7100000| PB 0x00000000e7100000| Untracked 
| 114|0x00000000e7200000, 0x00000000e7200000, 0x00000000e7300000|  0%| F|  |TAMS 0x00000000e7200000| PB 0x00000000e7200000| Untracked 
| 115|0x00000000e7300000, 0x00000000e7300000, 0x00000000e7400000|  0%| F|  |TAMS 0x00000000e7300000| PB 0x00000000e7300000| Untracked 
| 116|0x00000000e7400000, 0x00000000e7400000, 0x00000000e7500000|  0%| F|  |TAMS 0x00000000e7400000| PB 0x00000000e7400000| Untracked 
| 117|0x00000000e7500000, 0x00000000e7500000, 0x00000000e7600000|  0%| F|  |TAMS 0x00000000e7500000| PB 0x00000000e7500000| Untracked 
| 118|0x00000000e7600000, 0x00000000e7600000, 0x00000000e7700000|  0%| F|  |TAMS 0x00000000e7600000| PB 0x00000000e7600000| Untracked 
| 119|0x00000000e7700000, 0x00000000e7700000, 0x00000000e7800000|  0%| F|  |TAMS 0x00000000e7700000| PB 0x00000000e7700000| Untracked 
| 120|0x00000000e7800000, 0x00000000e7800000, 0x00000000e7900000|  0%| F|  |TAMS 0x00000000e7800000| PB 0x00000000e7800000| Untracked 
| 121|0x00000000e7900000, 0x00000000e7900000, 0x00000000e7a00000|  0%| F|  |TAMS 0x00000000e7900000| PB 0x00000000e7900000| Untracked 
| 122|0x00000000e7a00000, 0x00000000e7a00000, 0x00000000e7b00000|  0%| F|  |TAMS 0x00000000e7a00000| PB 0x00000000e7a00000| Untracked 
| 123|0x00000000e7b00000, 0x00000000e7b00000, 0x00000000e7c00000|  0%| F|  |TAMS 0x00000000e7b00000| PB 0x00000000e7b00000| Untracked 
| 124|0x00000000e7c00000, 0x00000000e7c00000, 0x00000000e7d00000|  0%| F|  |TAMS 0x00000000e7c00000| PB 0x00000000e7c00000| Untracked 
| 125|0x00000000e7d00000, 0x00000000e7d00000, 0x00000000e7e00000|  0%| F|  |TAMS 0x00000000e7d00000| PB 0x00000000e7d00000| Untracked 
| 126|0x00000000e7e00000, 0x00000000e7e00000, 0x00000000e7f00000|  0%| F|  |TAMS 0x00000000e7e00000| PB 0x00000000e7e00000| Untracked 
| 127|0x00000000e7f00000, 0x00000000e7f7d9f8, 0x00000000e8000000| 49%| E|  |TAMS 0x00000000e7f00000| PB 0x00000000e7f00000| Complete 
| 128|0x00000000e8000000, 0x00000000e8100000, 0x00000000e8100000|100%| E|CS|TAMS 0x00000000e8000000| PB 0x00000000e8000000| Complete 
| 129|0x00000000e8100000, 0x00000000e8200000, 0x00000000e8200000|100%| E|CS|TAMS 0x00000000e8100000| PB 0x00000000e8100000| Complete 
| 130|0x00000000e8200000, 0x00000000e8300000, 0x00000000e8300000|100%| E|CS|TAMS 0x00000000e8200000| PB 0x00000000e8200000| Complete 
| 131|0x00000000e8300000, 0x00000000e8400000, 0x00000000e8400000|100%| E|CS|TAMS 0x00000000e8300000| PB 0x00000000e8300000| Complete 
| 132|0x00000000e8400000, 0x00000000e8500000, 0x00000000e8500000|100%| E|CS|TAMS 0x00000000e8400000| PB 0x00000000e8400000| Complete 
| 133|0x00000000e8500000, 0x00000000e8600000, 0x00000000e8600000|100%| E|CS|TAMS 0x00000000e8500000| PB 0x00000000e8500000| Complete 
| 134|0x00000000e8600000, 0x00000000e8700000, 0x00000000e8700000|100%| E|CS|TAMS 0x00000000e8600000| PB 0x00000000e8600000| Complete 
| 135|0x00000000e8700000, 0x00000000e8800000, 0x00000000e8800000|100%| E|CS|TAMS 0x00000000e8700000| PB 0x00000000e8700000| Complete 
| 136|0x00000000e8800000, 0x00000000e8900000, 0x00000000e8900000|100%| E|CS|TAMS 0x00000000e8800000| PB 0x00000000e8800000| Complete 
| 137|0x00000000e8900000, 0x00000000e8a00000, 0x00000000e8a00000|100%| E|CS|TAMS 0x00000000e8900000| PB 0x00000000e8900000| Complete 
| 138|0x00000000e8a00000, 0x00000000e8b00000, 0x00000000e8b00000|100%| E|CS|TAMS 0x00000000e8a00000| PB 0x00000000e8a00000| Complete 
| 139|0x00000000e8b00000, 0x00000000e8c00000, 0x00000000e8c00000|100%| E|CS|TAMS 0x00000000e8b00000| PB 0x00000000e8b00000| Complete 
| 140|0x00000000e8c00000, 0x00000000e8d00000, 0x00000000e8d00000|100%| E|CS|TAMS 0x00000000e8c00000| PB 0x00000000e8c00000| Complete 
| 141|0x00000000e8d00000, 0x00000000e8e00000, 0x00000000e8e00000|100%| E|CS|TAMS 0x00000000e8d00000| PB 0x00000000e8d00000| Complete 
| 142|0x00000000e8e00000, 0x00000000e8f00000, 0x00000000e8f00000|100%| E|CS|TAMS 0x00000000e8e00000| PB 0x00000000e8e00000| Complete 
| 143|0x00000000e8f00000, 0x00000000e9000000, 0x00000000e9000000|100%| E|CS|TAMS 0x00000000e8f00000| PB 0x00000000e8f00000| Complete 
| 144|0x00000000e9000000, 0x00000000e9100000, 0x00000000e9100000|100%| E|CS|TAMS 0x00000000e9000000| PB 0x00000000e9000000| Complete 
| 145|0x00000000e9100000, 0x00000000e9200000, 0x00000000e9200000|100%| E|CS|TAMS 0x00000000e9100000| PB 0x00000000e9100000| Complete 
| 146|0x00000000e9200000, 0x00000000e9300000, 0x00000000e9300000|100%| E|CS|TAMS 0x00000000e9200000| PB 0x00000000e9200000| Complete 
| 147|0x00000000e9300000, 0x00000000e9400000, 0x00000000e9400000|100%| E|CS|TAMS 0x00000000e9300000| PB 0x00000000e9300000| Complete 
| 148|0x00000000e9400000, 0x00000000e9500000, 0x00000000e9500000|100%| E|CS|TAMS 0x00000000e9400000| PB 0x00000000e9400000| Complete 
| 149|0x00000000e9500000, 0x00000000e9600000, 0x00000000e9600000|100%| E|CS|TAMS 0x00000000e9500000| PB 0x00000000e9500000| Complete 
| 150|0x00000000e9600000, 0x00000000e9700000, 0x00000000e9700000|100%| E|CS|TAMS 0x00000000e9600000| PB 0x00000000e9600000| Complete 
| 151|0x00000000e9700000, 0x00000000e9800000, 0x00000000e9800000|100%| E|CS|TAMS 0x00000000e9700000| PB 0x00000000e9700000| Complete 
| 152|0x00000000e9800000, 0x00000000e9900000, 0x00000000e9900000|100%| E|CS|TAMS 0x00000000e9800000| PB 0x00000000e9800000| Complete 
| 153|0x00000000e9900000, 0x00000000e9a00000, 0x00000000e9a00000|100%| E|CS|TAMS 0x00000000e9900000| PB 0x00000000e9900000| Complete 
| 154|0x00000000e9a00000, 0x00000000e9b00000, 0x00000000e9b00000|100%| E|CS|TAMS 0x00000000e9a00000| PB 0x00000000e9a00000| Complete 
| 155|0x00000000e9b00000, 0x00000000e9c00000, 0x00000000e9c00000|100%| E|CS|TAMS 0x00000000e9b00000| PB 0x00000000e9b00000| Complete 
| 156|0x00000000e9c00000, 0x00000000e9d00000, 0x00000000e9d00000|100%| E|CS|TAMS 0x00000000e9c00000| PB 0x00000000e9c00000| Complete 
| 157|0x00000000e9d00000, 0x00000000e9e00000, 0x00000000e9e00000|100%| E|CS|TAMS 0x00000000e9d00000| PB 0x00000000e9d00000| Complete 
| 158|0x00000000e9e00000, 0x00000000e9f00000, 0x00000000e9f00000|100%| E|CS|TAMS 0x00000000e9e00000| PB 0x00000000e9e00000| Complete 
| 159|0x00000000e9f00000, 0x00000000ea000000, 0x00000000ea000000|100%| E|CS|TAMS 0x00000000e9f00000| PB 0x00000000e9f00000| Complete 
| 160|0x00000000ea000000, 0x00000000ea100000, 0x00000000ea100000|100%| E|CS|TAMS 0x00000000ea000000| PB 0x00000000ea000000| Complete 
| 161|0x00000000ea100000, 0x00000000ea200000, 0x00000000ea200000|100%| E|CS|TAMS 0x00000000ea100000| PB 0x00000000ea100000| Complete 
| 162|0x00000000ea200000, 0x00000000ea300000, 0x00000000ea300000|100%| E|CS|TAMS 0x00000000ea200000| PB 0x00000000ea200000| Complete 
| 163|0x00000000ea300000, 0x00000000ea400000, 0x00000000ea400000|100%| E|CS|TAMS 0x00000000ea300000| PB 0x00000000ea300000| Complete 
| 164|0x00000000ea400000, 0x00000000ea500000, 0x00000000ea500000|100%| E|CS|TAMS 0x00000000ea400000| PB 0x00000000ea400000| Complete 
| 165|0x00000000ea500000, 0x00000000ea600000, 0x00000000ea600000|100%| E|CS|TAMS 0x00000000ea500000| PB 0x00000000ea500000| Complete 
| 166|0x00000000ea600000, 0x00000000ea700000, 0x00000000ea700000|100%| E|  |TAMS 0x00000000ea600000| PB 0x00000000ea600000| Complete 
| 167|0x00000000ea700000, 0x00000000ea800000, 0x00000000ea800000|100%| E|CS|TAMS 0x00000000ea700000| PB 0x00000000ea700000| Complete 
| 168|0x00000000ea800000, 0x00000000ea900000, 0x00000000ea900000|100%| E|CS|TAMS 0x00000000ea800000| PB 0x00000000ea800000| Complete 
| 169|0x00000000ea900000, 0x00000000eaa00000, 0x00000000eaa00000|100%| E|CS|TAMS 0x00000000ea900000| PB 0x00000000ea900000| Complete 
| 170|0x00000000eaa00000, 0x00000000eab00000, 0x00000000eab00000|100%| E|CS|TAMS 0x00000000eaa00000| PB 0x00000000eaa00000| Complete 
| 171|0x00000000eab00000, 0x00000000eac00000, 0x00000000eac00000|100%| E|CS|TAMS 0x00000000eab00000| PB 0x00000000eab00000| Complete 
| 172|0x00000000eac00000, 0x00000000ead00000, 0x00000000ead00000|100%| E|CS|TAMS 0x00000000eac00000| PB 0x00000000eac00000| Complete 
| 173|0x00000000ead00000, 0x00000000eae00000, 0x00000000eae00000|100%| E|CS|TAMS 0x00000000ead00000| PB 0x00000000ead00000| Complete 
| 174|0x00000000eae00000, 0x00000000eaf00000, 0x00000000eaf00000|100%| E|CS|TAMS 0x00000000eae00000| PB 0x00000000eae00000| Complete 
| 175|0x00000000eaf00000, 0x00000000eb000000, 0x00000000eb000000|100%| E|CS|TAMS 0x00000000eaf00000| PB 0x00000000eaf00000| Complete 
| 176|0x00000000eb000000, 0x00000000eb100000, 0x00000000eb100000|100%| E|CS|TAMS 0x00000000eb000000| PB 0x00000000eb000000| Complete 
| 177|0x00000000eb100000, 0x00000000eb200000, 0x00000000eb200000|100%| E|CS|TAMS 0x00000000eb100000| PB 0x00000000eb100000| Complete 
| 178|0x00000000eb200000, 0x00000000eb300000, 0x00000000eb300000|100%| E|CS|TAMS 0x00000000eb200000| PB 0x00000000eb200000| Complete 
| 179|0x00000000eb300000, 0x00000000eb400000, 0x00000000eb400000|100%| E|CS|TAMS 0x00000000eb300000| PB 0x00000000eb300000| Complete 
| 180|0x00000000eb400000, 0x00000000eb500000, 0x00000000eb500000|100%| E|CS|TAMS 0x00000000eb400000| PB 0x00000000eb400000| Complete 
| 181|0x00000000eb500000, 0x00000000eb600000, 0x00000000eb600000|100%| E|CS|TAMS 0x00000000eb500000| PB 0x00000000eb500000| Complete 
| 182|0x00000000eb600000, 0x00000000eb700000, 0x00000000eb700000|100%| E|CS|TAMS 0x00000000eb600000| PB 0x00000000eb600000| Complete 
| 183|0x00000000eb700000, 0x00000000eb800000, 0x00000000eb800000|100%| E|CS|TAMS 0x00000000eb700000| PB 0x00000000eb700000| Complete 
| 184|0x00000000eb800000, 0x00000000eb900000, 0x00000000eb900000|100%| E|CS|TAMS 0x00000000eb800000| PB 0x00000000eb800000| Complete 
| 185|0x00000000eb900000, 0x00000000eba00000, 0x00000000eba00000|100%| E|CS|TAMS 0x00000000eb900000| PB 0x00000000eb900000| Complete 
| 186|0x00000000eba00000, 0x00000000ebb00000, 0x00000000ebb00000|100%| E|CS|TAMS 0x00000000eba00000| PB 0x00000000eba00000| Complete 
| 187|0x00000000ebb00000, 0x00000000ebc00000, 0x00000000ebc00000|100%| E|CS|TAMS 0x00000000ebb00000| PB 0x00000000ebb00000| Complete 
| 188|0x00000000ebc00000, 0x00000000ebd00000, 0x00000000ebd00000|100%| E|CS|TAMS 0x00000000ebc00000| PB 0x00000000ebc00000| Complete 
| 189|0x00000000ebd00000, 0x00000000ebe00000, 0x00000000ebe00000|100%| E|CS|TAMS 0x00000000ebd00000| PB 0x00000000ebd00000| Complete 
| 190|0x00000000ebe00000, 0x00000000ebf00000, 0x00000000ebf00000|100%| E|CS|TAMS 0x00000000ebe00000| PB 0x00000000ebe00000| Complete 
| 191|0x00000000ebf00000, 0x00000000ec000000, 0x00000000ec000000|100%| E|CS|TAMS 0x00000000ebf00000| PB 0x00000000ebf00000| Complete 
| 192|0x00000000ec000000, 0x00000000ec0699a0, 0x00000000ec100000| 41%| S|CS|TAMS 0x00000000ec000000| PB 0x00000000ec000000| Complete 
| 193|0x00000000ec100000, 0x00000000ec200000, 0x00000000ec200000|100%| S|CS|TAMS 0x00000000ec100000| PB 0x00000000ec100000| Complete 
| 194|0x00000000ec200000, 0x00000000ec300000, 0x00000000ec300000|100%| S|CS|TAMS 0x00000000ec200000| PB 0x00000000ec200000| Complete 
| 195|0x00000000ec300000, 0x00000000ec400000, 0x00000000ec400000|100%| S|CS|TAMS 0x00000000ec300000| PB 0x00000000ec300000| Complete 
| 196|0x00000000ec400000, 0x00000000ec500000, 0x00000000ec500000|100%| S|CS|TAMS 0x00000000ec400000| PB 0x00000000ec400000| Complete 
| 197|0x00000000ec500000, 0x00000000ec600000, 0x00000000ec600000|100%| S|CS|TAMS 0x00000000ec500000| PB 0x00000000ec500000| Complete 
| 198|0x00000000ec600000, 0x00000000ec700000, 0x00000000ec700000|100%| S|CS|TAMS 0x00000000ec600000| PB 0x00000000ec600000| Complete 
| 199|0x00000000ec700000, 0x00000000ec800000, 0x00000000ec800000|100%| S|CS|TAMS 0x00000000ec700000| PB 0x00000000ec700000| Complete 
| 200|0x00000000ec800000, 0x00000000ec900000, 0x00000000ec900000|100%| S|CS|TAMS 0x00000000ec800000| PB 0x00000000ec800000| Complete 
| 201|0x00000000ec900000, 0x00000000eca00000, 0x00000000eca00000|100%| S|CS|TAMS 0x00000000ec900000| PB 0x00000000ec900000| Complete 
| 202|0x00000000eca00000, 0x00000000ecb00000, 0x00000000ecb00000|100%| S|CS|TAMS 0x00000000eca00000| PB 0x00000000eca00000| Complete 
| 203|0x00000000ecb00000, 0x00000000ecc00000, 0x00000000ecc00000|100%| S|CS|TAMS 0x00000000ecb00000| PB 0x00000000ecb00000| Complete 
| 204|0x00000000ecc00000, 0x00000000ecd00000, 0x00000000ecd00000|100%| S|CS|TAMS 0x00000000ecc00000| PB 0x00000000ecc00000| Complete 
| 205|0x00000000ecd00000, 0x00000000ece00000, 0x00000000ece00000|100%| E|CS|TAMS 0x00000000ecd00000| PB 0x00000000ecd00000| Complete 
| 206|0x00000000ece00000, 0x00000000ecf00000, 0x00000000ecf00000|100%| E|CS|TAMS 0x00000000ece00000| PB 0x00000000ece00000| Complete 
| 207|0x00000000ecf00000, 0x00000000ed000000, 0x00000000ed000000|100%| E|CS|TAMS 0x00000000ecf00000| PB 0x00000000ecf00000| Complete 
| 208|0x00000000ed000000, 0x00000000ed100000, 0x00000000ed100000|100%| E|CS|TAMS 0x00000000ed000000| PB 0x00000000ed000000| Complete 
| 209|0x00000000ed100000, 0x00000000ed200000, 0x00000000ed200000|100%| E|CS|TAMS 0x00000000ed100000| PB 0x00000000ed100000| Complete 
| 210|0x00000000ed200000, 0x00000000ed300000, 0x00000000ed300000|100%| E|CS|TAMS 0x00000000ed200000| PB 0x00000000ed200000| Complete 
| 211|0x00000000ed300000, 0x00000000ed400000, 0x00000000ed400000|100%| E|CS|TAMS 0x00000000ed300000| PB 0x00000000ed300000| Complete 
| 212|0x00000000ed400000, 0x00000000ed500000, 0x00000000ed500000|100%| E|CS|TAMS 0x00000000ed400000| PB 0x00000000ed400000| Complete 
| 213|0x00000000ed500000, 0x00000000ed600000, 0x00000000ed600000|100%| E|CS|TAMS 0x00000000ed500000| PB 0x00000000ed500000| Complete 
| 214|0x00000000ed600000, 0x00000000ed700000, 0x00000000ed700000|100%| E|CS|TAMS 0x00000000ed600000| PB 0x00000000ed600000| Complete 
| 215|0x00000000ed700000, 0x00000000ed800000, 0x00000000ed800000|100%| E|CS|TAMS 0x00000000ed700000| PB 0x00000000ed700000| Complete 
| 216|0x00000000ed800000, 0x00000000ed900000, 0x00000000ed900000|100%| E|CS|TAMS 0x00000000ed800000| PB 0x00000000ed800000| Complete 
| 217|0x00000000ed900000, 0x00000000eda00000, 0x00000000eda00000|100%| E|CS|TAMS 0x00000000ed900000| PB 0x00000000ed900000| Complete 
| 218|0x00000000eda00000, 0x00000000edb00000, 0x00000000edb00000|100%| E|CS|TAMS 0x00000000eda00000| PB 0x00000000eda00000| Complete 
| 219|0x00000000edb00000, 0x00000000edc00000, 0x00000000edc00000|100%| E|CS|TAMS 0x00000000edb00000| PB 0x00000000edb00000| Complete 
| 220|0x00000000edc00000, 0x00000000edd00000, 0x00000000edd00000|100%| E|CS|TAMS 0x00000000edc00000| PB 0x00000000edc00000| Complete 
| 221|0x00000000edd00000, 0x00000000ede00000, 0x00000000ede00000|100%| E|CS|TAMS 0x00000000edd00000| PB 0x00000000edd00000| Complete 
| 222|0x00000000ede00000, 0x00000000edf00000, 0x00000000edf00000|100%| E|CS|TAMS 0x00000000ede00000| PB 0x00000000ede00000| Complete 
| 223|0x00000000edf00000, 0x00000000ee000000, 0x00000000ee000000|100%| E|CS|TAMS 0x00000000edf00000| PB 0x00000000edf00000| Complete 
| 224|0x00000000ee000000, 0x00000000ee100000, 0x00000000ee100000|100%| E|CS|TAMS 0x00000000ee000000| PB 0x00000000ee000000| Complete 
| 225|0x00000000ee100000, 0x00000000ee200000, 0x00000000ee200000|100%| E|CS|TAMS 0x00000000ee100000| PB 0x00000000ee100000| Complete 
| 226|0x00000000ee200000, 0x00000000ee300000, 0x00000000ee300000|100%| E|CS|TAMS 0x00000000ee200000| PB 0x00000000ee200000| Complete 
| 227|0x00000000ee300000, 0x00000000ee400000, 0x00000000ee400000|100%| E|CS|TAMS 0x00000000ee300000| PB 0x00000000ee300000| Complete 
| 228|0x00000000ee400000, 0x00000000ee500000, 0x00000000ee500000|100%| E|CS|TAMS 0x00000000ee400000| PB 0x00000000ee400000| Complete 
| 229|0x00000000ee500000, 0x00000000ee600000, 0x00000000ee600000|100%| E|CS|TAMS 0x00000000ee500000| PB 0x00000000ee500000| Complete 
| 230|0x00000000ee600000, 0x00000000ee700000, 0x00000000ee700000|100%| E|CS|TAMS 0x00000000ee600000| PB 0x00000000ee600000| Complete 
| 231|0x00000000ee700000, 0x00000000ee800000, 0x00000000ee800000|100%| E|CS|TAMS 0x00000000ee700000| PB 0x00000000ee700000| Complete 
| 232|0x00000000ee800000, 0x00000000ee900000, 0x00000000ee900000|100%| E|CS|TAMS 0x00000000ee800000| PB 0x00000000ee800000| Complete 
| 233|0x00000000ee900000, 0x00000000eea00000, 0x00000000eea00000|100%| E|CS|TAMS 0x00000000ee900000| PB 0x00000000ee900000| Complete 
| 234|0x00000000eea00000, 0x00000000eeb00000, 0x00000000eeb00000|100%| E|CS|TAMS 0x00000000eea00000| PB 0x00000000eea00000| Complete 
| 235|0x00000000eeb00000, 0x00000000eec00000, 0x00000000eec00000|100%| E|CS|TAMS 0x00000000eeb00000| PB 0x00000000eeb00000| Complete 
| 236|0x00000000eec00000, 0x00000000eed00000, 0x00000000eed00000|100%| E|CS|TAMS 0x00000000eec00000| PB 0x00000000eec00000| Complete 
| 237|0x00000000eed00000, 0x00000000eee00000, 0x00000000eee00000|100%| E|CS|TAMS 0x00000000eed00000| PB 0x00000000eed00000| Complete 
| 238|0x00000000eee00000, 0x00000000eef00000, 0x00000000eef00000|100%| E|CS|TAMS 0x00000000eee00000| PB 0x00000000eee00000| Complete 
| 239|0x00000000eef00000, 0x00000000ef000000, 0x00000000ef000000|100%| E|CS|TAMS 0x00000000eef00000| PB 0x00000000eef00000| Complete 
| 240|0x00000000ef000000, 0x00000000ef100000, 0x00000000ef100000|100%| E|CS|TAMS 0x00000000ef000000| PB 0x00000000ef000000| Complete 
| 241|0x00000000ef100000, 0x00000000ef200000, 0x00000000ef200000|100%| E|CS|TAMS 0x00000000ef100000| PB 0x00000000ef100000| Complete 
| 242|0x00000000ef200000, 0x00000000ef300000, 0x00000000ef300000|100%| E|CS|TAMS 0x00000000ef200000| PB 0x00000000ef200000| Complete 
| 243|0x00000000ef300000, 0x00000000ef400000, 0x00000000ef400000|100%| E|CS|TAMS 0x00000000ef300000| PB 0x00000000ef300000| Complete 
| 244|0x00000000ef400000, 0x00000000ef500000, 0x00000000ef500000|100%| E|CS|TAMS 0x00000000ef400000| PB 0x00000000ef400000| Complete 
| 245|0x00000000ef500000, 0x00000000ef600000, 0x00000000ef600000|100%| E|CS|TAMS 0x00000000ef500000| PB 0x00000000ef500000| Complete 
| 246|0x00000000ef600000, 0x00000000ef700000, 0x00000000ef700000|100%| E|CS|TAMS 0x00000000ef600000| PB 0x00000000ef600000| Complete 
| 247|0x00000000ef700000, 0x00000000ef800000, 0x00000000ef800000|100%| E|CS|TAMS 0x00000000ef700000| PB 0x00000000ef700000| Complete 
| 248|0x00000000ef800000, 0x00000000ef900000, 0x00000000ef900000|100%| E|CS|TAMS 0x00000000ef800000| PB 0x00000000ef800000| Complete 
| 249|0x00000000ef900000, 0x00000000efa00000, 0x00000000efa00000|100%| E|CS|TAMS 0x00000000ef900000| PB 0x00000000ef900000| Complete 
| 250|0x00000000efa00000, 0x00000000efb00000, 0x00000000efb00000|100%| E|CS|TAMS 0x00000000efa00000| PB 0x00000000efa00000| Complete 
| 251|0x00000000efb00000, 0x00000000efc00000, 0x00000000efc00000|100%| E|CS|TAMS 0x00000000efb00000| PB 0x00000000efb00000| Complete 
| 252|0x00000000efc00000, 0x00000000efd00000, 0x00000000efd00000|100%| E|CS|TAMS 0x00000000efc00000| PB 0x00000000efc00000| Complete 
| 253|0x00000000efd00000, 0x00000000efe00000, 0x00000000efe00000|100%| E|CS|TAMS 0x00000000efd00000| PB 0x00000000efd00000| Complete 
| 254|0x00000000efe00000, 0x00000000eff00000, 0x00000000eff00000|100%| E|CS|TAMS 0x00000000efe00000| PB 0x00000000efe00000| Complete 
| 255|0x00000000eff00000, 0x00000000f0000000, 0x00000000f0000000|100%| E|CS|TAMS 0x00000000eff00000| PB 0x00000000eff00000| Complete 

Card table byte_map: [0x000001ed3bf30000,0x000001ed3c030000] _byte_map_base: 0x000001ed3b830000

Marking Bits: (CMBitMap*) 0x000001ed29929b60
 Bits: [0x000001ed3c030000, 0x000001ed3c830000)

Polling page: 0x000001ed276f0000

Metaspace:

Usage:
  Non-class:     49.77 MB used.
      Class:      8.57 MB used.
       Both:     58.34 MB used.

Virtual space:
  Non-class space:       64.00 MB reserved,      50.88 MB ( 79%) committed,  1 nodes.
      Class space:      320.00 MB reserved,       9.69 MB (  3%) committed,  1 nodes.
             Both:      384.00 MB reserved,      60.56 MB ( 16%) committed. 

Chunk freelists:
   Non-Class:  12.40 MB
       Class:  6.18 MB
        Both:  18.58 MB

MaxMetaspaceSize: 384.00 MB
CompressedClassSpaceSize: 320.00 MB
Initial GC threshold: 21.00 MB
Current GC threshold: 100.00 MB
CDS: on
 - commit_granule_bytes: 65536.
 - commit_granule_words: 8192.
 - virtual_space_node_default_size: 8388608.
 - enlarge_chunks_in_place: 1.
 - use_allocation_guard: 0.


Internal statistics:

num_allocs_failed_limit: 15.
num_arena_births: 4204.
num_arena_deaths: 0.
num_vsnodes_births: 2.
num_vsnodes_deaths: 0.
num_space_committed: 969.
num_space_uncommitted: 0.
num_chunks_returned_to_freelist: 15.
num_chunks_taken_from_freelist: 7341.
num_chunk_merges: 15.
num_chunk_splits: 4665.
num_chunks_enlarged: 2684.
num_inconsistent_stats: 0.

CodeHeap 'non-profiled nmethods': size=120000Kb used=6474Kb max_used=6474Kb free=113525Kb
 bounds [0x000001ed345d0000, 0x000001ed34c30000, 0x000001ed3bb00000]
CodeHeap 'profiled nmethods': size=120000Kb used=19065Kb max_used=19065Kb free=100934Kb
 bounds [0x000001ed2cb00000, 0x000001ed2dda0000, 0x000001ed34030000]
CodeHeap 'non-nmethods': size=5760Kb used=2090Kb max_used=2138Kb free=3669Kb
 bounds [0x000001ed34030000, 0x000001ed342a0000, 0x000001ed345d0000]
CodeCache: size=245760Kb, used=27629Kb, max_used=27677Kb, free=218128Kb
 total_blobs=11068, nmethods=10295, adapters=677, full_count=0
Compilation: enabled, stopped_count=0, restarted_count=0

Compilation events (20 events):
Event: 532.272 Thread 0x000001ed3f2d9160 nmethod 10755 0x000001ed2dd2c710 code [0x000001ed2dd2c8e0, 0x000001ed2dd2cd50]
Event: 533.161 Thread 0x000001ed3f2d7650 10756       4       java.util.Arrays::copyOfRange (90 bytes)
Event: 533.163 Thread 0x000001ed3f2d9160 10757       3       com.google.common.collect.ImmutableList::of (16 bytes)
Event: 533.164 Thread 0x000001ed3f2d9160 nmethod 10757 0x000001ed2dd2cf10 code [0x000001ed2dd2d120, 0x000001ed2dd2d860]
Event: 533.172 Thread 0x000001ed3f2d7650 nmethod 10756 0x000001ed34c13a90 code [0x000001ed34c13c40, 0x000001ed34c14178]
Event: 533.177 Thread 0x000001ed3f2d9160 10758       3       com.google.common.collect.CollectCollectors::toImmutableList (4 bytes)
Event: 533.177 Thread 0x000001ed3f2d9160 nmethod 10758 0x000001ed2dd2da90 code [0x000001ed2dd2dc20, 0x000001ed2dd2dd18]
Event: 534.592 Thread 0x000001ed3f2d9160 10759       3       org.gradle.internal.vfs.impl.DefaultSnapshotHierarchy::rootSnapshots (10 bytes)
Event: 534.593 Thread 0x000001ed3f2d9160 nmethod 10759 0x000001ed2dd2dd90 code [0x000001ed2dd2df40, 0x000001ed2dd2e118]
Event: 534.863 Thread 0x000001ed3f2d7650 10760       4       sun.management.spi.PlatformMBeanProvider$PlatformComponent::getMBeans (87 bytes)
Event: 534.936 Thread 0x000001ed3f2d7650 nmethod 10760 0x000001ed34c14410 code [0x000001ed34c147e0, 0x000001ed34c160b0]
Event: 539.316 Thread 0x000001ed3f2d7650 10761   !   4       org.gradle.internal.service.DefaultServiceRegistry$FactoryService::bind (358 bytes)
Event: 539.317 Thread 0x000001ed3f2d9160 10762       3       java.util.concurrent.ConcurrentHashMap$CollectionView::<init> (10 bytes)
Event: 539.317 Thread 0x000001ed3f2d9160 nmethod 10762 0x000001ed2dd2e210 code [0x000001ed2dd2e3c0, 0x000001ed2dd2e578]
Event: 539.342 Thread 0x000001ed3f2d9160 10763       3       org.gradle.cache.internal.AbstractFileAccess::<init> (5 bytes)
Event: 539.343 Thread 0x000001ed3f2d9160 nmethod 10763 0x000001ed2dd2e610 code [0x000001ed2dd2e7c0, 0x000001ed2dd2e928]
Event: 539.440 Thread 0x000001ed3f2d9160 10764       3       org.apache.commons.io.FileUtils::forceMkdir (6 bytes)
Event: 539.441 Thread 0x000001ed3f2d9160 nmethod 10764 0x000001ed2dd2ea10 code [0x000001ed2dd2ebc0, 0x000001ed2dd2ecd8]
Event: 539.441 Thread 0x000001ed3f2d9160 10765       3       org.apache.commons.io.FileUtils::mkdirs (54 bytes)
Event: 539.443 Thread 0x000001ed3f2d9160 nmethod 10765 0x000001ed2dd2ed90 code [0x000001ed2dd2f060, 0x000001ed2dd2fc68]

GC Heap History (18 events):
Event: 71.543 GC heap before
{Heap before GC invocations=0 (full 0):
 garbage-first heap   total 262144K, used 26624K [0x00000000e0000000, 0x0000000100000000)
  region size 1024K, 23 young (23552K), 0 survivors (0K)
 Metaspace       used 1697K, committed 1920K, reserved 393216K
  class space    used 153K, committed 256K, reserved 327680K
}
Event: 71.573 GC heap after
{Heap after GC invocations=1 (full 0):
 garbage-first heap   total 262144K, used 11018K [0x00000000e0000000, 0x0000000100000000)
  region size 1024K, 3 young (3072K), 3 survivors (3072K)
 Metaspace       used 1697K, committed 1920K, reserved 393216K
  class space    used 153K, committed 256K, reserved 327680K
}
Event: 122.024 GC heap before
{Heap before GC invocations=1 (full 0):
 garbage-first heap   total 262144K, used 39690K [0x00000000e0000000, 0x0000000100000000)
  region size 1024K, 31 young (31744K), 3 survivors (3072K)
 Metaspace       used 4850K, committed 5056K, reserved 393216K
  class space    used 620K, committed 704K, reserved 327680K
}
Event: 122.032 GC heap after
{Heap after GC invocations=2 (full 0):
 garbage-first heap   total 262144K, used 12926K [0x00000000e0000000, 0x0000000100000000)
  region size 1024K, 2 young (2048K), 2 survivors (2048K)
 Metaspace       used 4850K, committed 5056K, reserved 393216K
  class space    used 620K, committed 704K, reserved 327680K
}
Event: 197.236 GC heap before
{Heap before GC invocations=2 (full 0):
 garbage-first heap   total 262144K, used 152190K [0x00000000e0000000, 0x0000000100000000)
  region size 1024K, 138 young (141312K), 2 survivors (2048K)
 Metaspace       used 20848K, committed 21504K, reserved 393216K
  class space    used 2956K, committed 3264K, reserved 327680K
}
Event: 197.267 GC heap after
{Heap after GC invocations=3 (full 0):
 garbage-first heap   total 262144K, used 25053K [0x00000000e0000000, 0x0000000100000000)
  region size 1024K, 13 young (13312K), 13 survivors (13312K)
 Metaspace       used 20848K, committed 21504K, reserved 393216K
  class space    used 2956K, committed 3264K, reserved 327680K
}
Event: 210.064 GC heap before
{Heap before GC invocations=4 (full 0):
 garbage-first heap   total 262144K, used 132573K [0x00000000e0000000, 0x0000000100000000)
  region size 1024K, 118 young (120832K), 13 survivors (13312K)
 Metaspace       used 34675K, committed 36096K, reserved 393216K
  class space    used 5035K, committed 5760K, reserved 327680K
}
Event: 210.086 GC heap after
{Heap after GC invocations=5 (full 0):
 garbage-first heap   total 262144K, used 31592K [0x00000000e0000000, 0x0000000100000000)
  region size 1024K, 7 young (7168K), 7 survivors (7168K)
 Metaspace       used 34675K, committed 36096K, reserved 393216K
  class space    used 5035K, committed 5760K, reserved 327680K
}
Event: 210.252 GC heap before
{Heap before GC invocations=5 (full 0):
 garbage-first heap   total 262144K, used 32616K [0x00000000e0000000, 0x0000000100000000)
  region size 1024K, 9 young (9216K), 7 survivors (7168K)
 Metaspace       used 35022K, committed 36416K, reserved 393216K
  class space    used 5061K, committed 5760K, reserved 327680K
}
Event: 210.260 GC heap after
{Heap after GC invocations=6 (full 0):
 garbage-first heap   total 262144K, used 31442K [0x00000000e0000000, 0x0000000100000000)
  region size 1024K, 7 young (7168K), 7 survivors (7168K)
 Metaspace       used 35022K, committed 36416K, reserved 393216K
  class space    used 5061K, committed 5760K, reserved 327680K
}
Event: 210.336 GC heap before
{Heap before GC invocations=6 (full 0):
 garbage-first heap   total 262144K, used 32466K [0x00000000e0000000, 0x0000000100000000)
  region size 1024K, 9 young (9216K), 7 survivors (7168K)
 Metaspace       used 35307K, committed 36736K, reserved 393216K
  class space    used 5084K, committed 5760K, reserved 327680K
}
Event: 210.344 GC heap after
{Heap after GC invocations=7 (full 0):
 garbage-first heap   total 262144K, used 31290K [0x00000000e0000000, 0x0000000100000000)
  region size 1024K, 6 young (6144K), 6 survivors (6144K)
 Metaspace       used 35307K, committed 36736K, reserved 393216K
  class space    used 5084K, committed 5760K, reserved 327680K
}
Event: 233.109 GC heap before
{Heap before GC invocations=8 (full 0):
 garbage-first heap   total 262144K, used 181818K [0x00000000e0000000, 0x0000000100000000)
  region size 1024K, 153 young (156672K), 6 survivors (6144K)
 Metaspace       used 50897K, committed 52928K, reserved 393216K
  class space    used 7555K, committed 8576K, reserved 327680K
}
Event: 233.130 GC heap after
{Heap after GC invocations=9 (full 0):
 garbage-first heap   total 262144K, used 40506K [0x00000000e0000000, 0x0000000100000000)
  region size 1024K, 15 young (15360K), 15 survivors (15360K)
 Metaspace       used 50897K, committed 52928K, reserved 393216K
  class space    used 7555K, committed 8576K, reserved 327680K
}
Event: 262.260 GC heap before
{Heap before GC invocations=9 (full 0):
 garbage-first heap   total 262144K, used 181818K [0x00000000e0000000, 0x0000000100000000)
  region size 1024K, 153 young (156672K), 15 survivors (15360K)
 Metaspace       used 58454K, committed 60736K, reserved 393216K
  class space    used 8745K, committed 9856K, reserved 327680K
}
Event: 262.290 GC heap after
{Heap after GC invocations=10 (full 0):
 garbage-first heap   total 262144K, used 50811K [0x00000000e0000000, 0x0000000100000000)
  region size 1024K, 20 young (20480K), 20 survivors (20480K)
 Metaspace       used 58454K, committed 60736K, reserved 393216K
  class space    used 8745K, committed 9856K, reserved 327680K
}
Event: 288.879 GC heap before
{Heap before GC invocations=10 (full 0):
 garbage-first heap   total 262144K, used 102011K [0x00000000e0000000, 0x0000000100000000)
  region size 1024K, 71 young (72704K), 20 survivors (20480K)
 Metaspace       used 59192K, committed 61376K, reserved 393216K
  class space    used 8768K, committed 9856K, reserved 327680K
}
Event: 288.906 GC heap after
{Heap after GC invocations=11 (full 0):
 garbage-first heap   total 262144K, used 52522K [0x00000000e0000000, 0x0000000100000000)
  region size 1024K, 13 young (13312K), 13 survivors (13312K)
 Metaspace       used 59192K, committed 61376K, reserved 393216K
  class space    used 8768K, committed 9856K, reserved 327680K
}

Dll operation events (20 events):
Event: 4.573 Attempting to load shared library C:\Users\±è¹Î±Ô\.vscode\extensions\redhat.java-1.56.0-win32-x64\jre\21.0.12.1-win32-x86_64\bin\nio.dll
Event: 4.692 Loaded shared library C:\Users\±è¹Î±Ô\.vscode\extensions\redhat.java-1.56.0-win32-x64\jre\21.0.12.1-win32-x86_64\bin\nio.dll
Event: 5.053 Attempting to load shared library C:\Users\±è¹Î±Ô\.vscode\extensions\redhat.java-1.56.0-win32-x64\jre\21.0.12.1-win32-x86_64\bin\zip.dll
Event: 5.053 Loaded shared library C:\Users\±è¹Î±Ô\.vscode\extensions\redhat.java-1.56.0-win32-x64\jre\21.0.12.1-win32-x86_64\bin\zip.dll
Event: 43.834 Attempting to load shared library C:\Users\±è¹Î±Ô\.vscode\extensions\redhat.java-1.56.0-win32-x64\jre\21.0.12.1-win32-x86_64\bin\jimage.dll
Event: 43.834 Loaded shared library C:\Users\±è¹Î±Ô\.vscode\extensions\redhat.java-1.56.0-win32-x64\jre\21.0.12.1-win32-x86_64\bin\jimage.dll
Event: 72.711 Attempting to load shared library C:\Users\±è¹Î±Ô\.vscode\extensions\redhat.java-1.56.0-win32-x64\jre\21.0.12.1-win32-x86_64\bin\verify.dll
Event: 72.938 Loaded shared library C:\Users\±è¹Î±Ô\.vscode\extensions\redhat.java-1.56.0-win32-x64\jre\21.0.12.1-win32-x86_64\bin\verify.dll
Event: 73.629 Attempting to load shared library C:\Users\±è¹Î±Ô\.gradle\native\660c5614fbf4a5f2a75b1949f50a0caf5cd603558e7d8a26e50b933a0cfb79d1\windows-amd64\native-platform.dll
Event: 73.678 Loaded shared library C:\Users\±è¹Î±Ô\.gradle\native\660c5614fbf4a5f2a75b1949f50a0caf5cd603558e7d8a26e50b933a0cfb79d1\windows-amd64\native-platform.dll
Event: 74.456 Attempting to load shared library C:\Users\±è¹Î±Ô\.gradle\native\0.2.8\x86_64-windows-gnu\gradle-fileevents.dll
Event: 74.476 Loaded shared library C:\Users\±è¹Î±Ô\.gradle\native\0.2.8\x86_64-windows-gnu\gradle-fileevents.dll
Event: 161.814 Attempting to load shared library C:\Users\±è¹Î±Ô\.vscode\extensions\redhat.java-1.56.0-win32-x64\jre\21.0.12.1-win32-x86_64\bin\management.dll
Event: 162.031 Loaded shared library C:\Users\±è¹Î±Ô\.vscode\extensions\redhat.java-1.56.0-win32-x64\jre\21.0.12.1-win32-x86_64\bin\management.dll
Event: 162.299 Attempting to load shared library C:\Users\±è¹Î±Ô\.vscode\extensions\redhat.java-1.56.0-win32-x64\jre\21.0.12.1-win32-x86_64\bin\management_ext.dll
Event: 162.610 Loaded shared library C:\Users\±è¹Î±Ô\.vscode\extensions\redhat.java-1.56.0-win32-x64\jre\21.0.12.1-win32-x86_64\bin\management_ext.dll
Event: 166.022 Attempting to load shared library C:\Users\±è¹Î±Ô\.vscode\extensions\redhat.java-1.56.0-win32-x64\jre\21.0.12.1-win32-x86_64\bin\extnet.dll
Event: 166.132 Loaded shared library C:\Users\±è¹Î±Ô\.vscode\extensions\redhat.java-1.56.0-win32-x64\jre\21.0.12.1-win32-x86_64\bin\extnet.dll
Event: 174.918 Attempting to load shared library C:\Users\±è¹Î±Ô\.vscode\extensions\redhat.java-1.56.0-win32-x64\jre\21.0.12.1-win32-x86_64\bin\sunmscapi.dll
Event: 175.215 Loaded shared library C:\Users\±è¹Î±Ô\.vscode\extensions\redhat.java-1.56.0-win32-x64\jre\21.0.12.1-win32-x86_64\bin\sunmscapi.dll

Deoptimization events (20 events):
Event: 533.177 Thread 0x000001ed5d751580 Uncommon trap: trap_request=0xffffffcc fr.pc=0x000001ed34c13edc relative=0x000000000000029c
Event: 533.177 Thread 0x000001ed5d751580 Uncommon trap: reason=intrinsic_or_type_checked_inlining action=make_not_entrant pc=0x000001ed34c13edc method=java.util.Arrays.copyOfRange([Ljava/lang/Object;IILjava/lang/Class;)[Ljava/lang/Object; @ 84 c2
Event: 533.177 Thread 0x000001ed5d751580 DEOPT PACKING pc=0x000001ed34c13edc sp=0x00000044655fb360
Event: 533.177 Thread 0x000001ed5d751580 DEOPT UNPACKING pc=0x000001ed34087ba2 sp=0x00000044655fb2e0 mode 2
Event: 533.188 Thread 0x000001ed5d751580 Uncommon trap: trap_request=0xffffffd6 fr.pc=0x000001ed34c0e398 relative=0x0000000000003518
Event: 533.188 Thread 0x000001ed5d751580 Uncommon trap: reason=array_check action=maybe_recompile pc=0x000001ed34c0e398 method=org.gradle.internal.service.DefaultServiceRegistry$FactoryService.bind()V @ 342 c2
Event: 533.188 Thread 0x000001ed5d751580 DEOPT PACKING pc=0x000001ed34c0e398 sp=0x00000044655fc160
Event: 533.188 Thread 0x000001ed5d751580 DEOPT UNPACKING pc=0x000001ed34087ba2 sp=0x00000044655fc160 mode 2
Event: 533.188 Thread 0x000001ed5d751580 Uncommon trap: trap_request=0xffffffd6 fr.pc=0x000001ed34c0e398 relative=0x0000000000003518
Event: 533.188 Thread 0x000001ed5d751580 Uncommon trap: reason=array_check action=maybe_recompile pc=0x000001ed34c0e398 method=org.gradle.internal.service.DefaultServiceRegistry$FactoryService.bind()V @ 342 c2
Event: 533.188 Thread 0x000001ed5d751580 DEOPT PACKING pc=0x000001ed34c0e398 sp=0x00000044655fbf00
Event: 533.188 Thread 0x000001ed5d751580 DEOPT UNPACKING pc=0x000001ed34087ba2 sp=0x00000044655fbf00 mode 2
Event: 533.188 Thread 0x000001ed5d751580 Uncommon trap: trap_request=0xffffffd6 fr.pc=0x000001ed34c0e398 relative=0x0000000000003518
Event: 533.188 Thread 0x000001ed5d751580 Uncommon trap: reason=array_check action=maybe_recompile pc=0x000001ed34c0e398 method=org.gradle.internal.service.DefaultServiceRegistry$FactoryService.bind()V @ 342 c2
Event: 533.188 Thread 0x000001ed5d751580 DEOPT PACKING pc=0x000001ed34c0e398 sp=0x00000044655fbca0
Event: 533.188 Thread 0x000001ed5d751580 DEOPT UNPACKING pc=0x000001ed34087ba2 sp=0x00000044655fbca0 mode 2
Event: 533.188 Thread 0x000001ed5d751580 Uncommon trap: trap_request=0xffffffd6 fr.pc=0x000001ed34c0e398 relative=0x0000000000003518
Event: 533.188 Thread 0x000001ed5d751580 Uncommon trap: reason=array_check action=maybe_recompile pc=0x000001ed34c0e398 method=org.gradle.internal.service.DefaultServiceRegistry$FactoryService.bind()V @ 342 c2
Event: 533.188 Thread 0x000001ed5d751580 DEOPT PACKING pc=0x000001ed34c0e398 sp=0x00000044655fba40
Event: 533.188 Thread 0x000001ed5d751580 DEOPT UNPACKING pc=0x000001ed34087ba2 sp=0x00000044655fba40 mode 2

Classes loaded (20 events):
Event: 244.861 Loading class java/util/concurrent/ConcurrentLinkedQueue$Itr
Event: 244.862 Loading class java/util/concurrent/ConcurrentLinkedQueue$Itr done
Event: 245.087 Loading class java/time/Instant$1
Event: 245.087 Loading class java/time/Instant$1 done
Event: 245.762 Loading class java/net/UrlDeserializedState
Event: 245.763 Loading class java/net/UrlDeserializedState done
Event: 245.765 Loading class java/net/Proxy
Event: 245.766 Loading class java/net/Proxy done
Event: 245.853 Loading class java/util/concurrent/CompletableFuture$AsyncRun
Event: 245.853 Loading class java/util/concurrent/CompletableFuture$AsyncRun done
Event: 246.588 Loading class java/util/concurrent/CompletableFuture$Signaller
Event: 246.588 Loading class java/util/concurrent/CompletableFuture$Signaller done
Event: 247.697 Loading class sun/net/ConnectionResetException
Event: 247.698 Loading class sun/net/ConnectionResetException done
Event: 247.725 Loading class java/lang/Throwable$WrappedPrintWriter
Event: 247.726 Loading class java/lang/Throwable$WrappedPrintWriter done
Event: 270.354 Loading class java/util/AbstractList$ListItr
Event: 270.354 Loading class java/util/AbstractList$ListItr done
Event: 274.017 Loading class java/util/Collections$EmptyListIterator
Event: 274.018 Loading class java/util/Collections$EmptyListIterator done

Classes unloaded (0 events):
No events

Classes redefined (0 events):
No events

Internal exceptions (20 events):
Event: 371.198 Thread 0x000001ed5d751580 Exception <a 'sun/nio/fs/WindowsException'{0x00000000eb6a05b8}> (0x00000000eb6a05b8) 
thrown [s\src\hotspot\share\prims\jni.cpp, line 520]
Event: 377.256 Thread 0x000001ed5ee4d710 Exception <a 'sun/net/ConnectionResetException'{0x00000000eb473cc8}: Connection reset> (0x00000000eb473cc8) 
thrown [s\src\hotspot\share\prims\jni.cpp, line 539]
Event: 377.257 Thread 0x000001ed5ee50b90 Exception <a 'sun/net/ConnectionResetException'{0x00000000eb3ced48}: Connection reset> (0x00000000eb3ced48) 
thrown [s\src\hotspot\share\prims\jni.cpp, line 539]
Event: 377.265 Thread 0x000001ed5ee50500 Exception <a 'sun/net/ConnectionResetException'{0x00000000eb4e8730}: Connection reset> (0x00000000eb4e8730) 
thrown [s\src\hotspot\share\prims\jni.cpp, line 539]
Event: 397.103 Thread 0x000001ed5ee4dda0 Exception <a 'sun/net/ConnectionResetException'{0x00000000eb1fd1f0}: Connection reset> (0x00000000eb1fd1f0) 
thrown [s\src\hotspot\share\prims\jni.cpp, line 539]
Event: 400.292 Thread 0x000001ed5ee518b0 Exception <a 'sun/net/ConnectionResetException'{0x00000000eae07a08}: Connection reset> (0x00000000eae07a08) 
thrown [s\src\hotspot\share\prims\jni.cpp, line 539]
Event: 400.294 Thread 0x000001ed5ee546a0 Exception <a 'sun/net/ConnectionResetException'{0x00000000eaefee78}: Connection reset> (0x00000000eaefee78) 
thrown [s\src\hotspot\share\prims\jni.cpp, line 539]
Event: 434.329 Thread 0x000001ed5d751580 Exception <a 'sun/nio/fs/WindowsException'{0x00000000ea52b9e0}> (0x00000000ea52b9e0) 
thrown [s\src\hotspot\share\prims\jni.cpp, line 520]
Event: 434.524 Thread 0x000001ed5d751580 Exception <a 'sun/nio/fs/WindowsException'{0x00000000ea52d290}> (0x00000000ea52d290) 
thrown [s\src\hotspot\share\prims\jni.cpp, line 520]
Event: 434.674 Thread 0x000001ed5d751580 Exception <a 'sun/nio/fs/WindowsException'{0x00000000ea52eb30}> (0x00000000ea52eb30) 
thrown [s\src\hotspot\share\prims\jni.cpp, line 520]
Event: 434.783 Thread 0x000001ed5d751580 Exception <a 'sun/nio/fs/WindowsException'{0x00000000ea5303d0}> (0x00000000ea5303d0) 
thrown [s\src\hotspot\share\prims\jni.cpp, line 520]
Event: 458.159 Thread 0x000001ed5d751580 Exception <a 'java/lang/NoClassDefFoundError'{0x00000000e9b06570}: org/jetbrains/kotlin/gradle/plugin/KotlinPluginWrapper> (0x00000000e9b06570) 
thrown [s\src\hotspot\share\oops\constantPool.cpp, line 873]
Event: 458.159 Thread 0x000001ed5d751580 Exception <a 'java/lang/NoClassDefFoundError'{0x00000000e9b08c28}: org/graalvm/buildtools/gradle/NativeImagePlugin> (0x00000000e9b08c28) 
thrown [s\src\hotspot\share\oops\constantPool.cpp, line 873]
Event: 458.159 Thread 0x000001ed5d751580 Exception <a 'java/lang/NoClassDefFoundError'{0x00000000e9b0b2d0}: org/cyclonedx/gradle/CyclonedxPlugin> (0x00000000e9b0b2d0) 
thrown [s\src\hotspot\share\oops\constantPool.cpp, line 873]
Event: 458.159 Thread 0x000001ed5d751580 Exception <a 'java/lang/NoClassDefFoundError'{0x00000000e9b0d988}: com/google/protobuf/gradle/ProtobufPlugin> (0x00000000e9b0d988) 
thrown [s\src\hotspot\share\oops\constantPool.cpp, line 873]
Event: 458.852 Thread 0x000001ed5d751580 Exception <a 'sun/nio/fs/WindowsException'{0x00000000e9be1940}> (0x00000000e9be1940) 
thrown [s\src\hotspot\share\prims\jni.cpp, line 520]
Event: 477.139 Thread 0x000001ed5e5c03f0 Exception <a 'sun/net/ConnectionResetException'{0x00000000e96093e0}: Connection reset> (0x00000000e96093e0) 
thrown [s\src\hotspot\share\prims\jni.cpp, line 539]
Event: 480.492 Thread 0x000001ed5e5bc8e0 Exception <a 'sun/net/ConnectionResetException'{0x00000000e969da28}: Connection reset> (0x00000000e969da28) 
thrown [s\src\hotspot\share\prims\jni.cpp, line 539]
Event: 480.495 Thread 0x000001ed5e5ba180 Exception <a 'java/io/IOException'{0x00000000e95bf0a0}> (0x00000000e95bf0a0) 
thrown [s\src\hotspot\share\prims\jni.cpp, line 520]
Event: 529.797 Thread 0x000001ed5ffe3360 Exception <a 'sun/net/ConnectionResetException'{0x00000000e8ce6e48}: Connection reset> (0x00000000e8ce6e48) 
thrown [s\src\hotspot\share\prims\jni.cpp, line 539]

ZGC Phase Switch (0 events):
No events

VM Operations (20 events):
Event: 481.547 Executing non-safepoint VM operation: HandshakeAllThreads (HandshakeForDeflation)
Event: 481.548 Executing non-safepoint VM operation: HandshakeAllThreads (HandshakeForDeflation) done
Event: 481.548 Executing safepoint VM operation: Cleanup
Event: 481.548 Executing safepoint VM operation: Cleanup done
Event: 481.548 Executing non-safepoint VM operation: RendezvousGCThreads
Event: 481.548 Executing non-safepoint VM operation: RendezvousGCThreads done
Event: 493.667 Executing safepoint VM operation: Cleanup
Event: 493.667 Executing safepoint VM operation: Cleanup done
Event: 497.713 Executing safepoint VM operation: Cleanup
Event: 497.713 Executing safepoint VM operation: Cleanup done
Event: 501.746 Executing safepoint VM operation: Cleanup
Event: 501.746 Executing safepoint VM operation: Cleanup done
Event: 529.005 Executing safepoint VM operation: Cleanup
Event: 529.005 Executing safepoint VM operation: Cleanup done
Event: 531.026 Executing safepoint VM operation: Cleanup
Event: 531.026 Executing safepoint VM operation: Cleanup done
Event: 534.050 Executing safepoint VM operation: Cleanup
Event: 534.050 Executing safepoint VM operation: Cleanup done
Event: 536.076 Executing safepoint VM operation: Cleanup
Event: 536.076 Executing safepoint VM operation: Cleanup done

Memory protections (0 events):
No events

Nmethod flushes (20 events):
Event: 288.996 Thread 0x000001ed3f291ea0 flushing  nmethod 0x000001ed2d1d7110
Event: 288.996 Thread 0x000001ed3f291ea0 flushing  nmethod 0x000001ed2d1d7b10
Event: 288.996 Thread 0x000001ed3f291ea0 flushing  nmethod 0x000001ed2cc64090
Event: 288.996 Thread 0x000001ed3f291ea0 flushing  nmethod 0x000001ed2cc64510
Event: 288.996 Thread 0x000001ed3f291ea0 flushing  nmethod 0x000001ed2cc69f90
Event: 288.996 Thread 0x000001ed3f291ea0 flushing  nmethod 0x000001ed2cd06990
Event: 288.996 Thread 0x000001ed3f291ea0 flushing  nmethod 0x000001ed2cd08d90
Event: 288.996 Thread 0x000001ed3f291ea0 flushing  nmethod 0x000001ed2cd0a790
Event: 288.996 Thread 0x000001ed3f291ea0 flushing  nmethod 0x000001ed2cd0ae90
Event: 288.996 Thread 0x000001ed3f291ea0 flushing  nmethod 0x000001ed2cd21210
Event: 288.996 Thread 0x000001ed3f291ea0 flushing  nmethod 0x000001ed2cdebd90
Event: 288.996 Thread 0x000001ed3f291ea0 flushing  nmethod 0x000001ed2ce19110
Event: 288.996 Thread 0x000001ed3f291ea0 flushing  nmethod 0x000001ed2ce9aa10
Event: 288.996 Thread 0x000001ed3f291ea0 flushing  nmethod 0x000001ed2ce9f190
Event: 288.996 Thread 0x000001ed3f291ea0 flushing  nmethod 0x000001ed2ceae710
Event: 288.996 Thread 0x000001ed3f291ea0 flushing  nmethod 0x000001ed2cecf190
Event: 288.996 Thread 0x000001ed3f291ea0 flushing  nmethod 0x000001ed2cfe5310
Event: 288.996 Thread 0x000001ed3f291ea0 flushing  nmethod 0x000001ed2d175890
Event: 288.996 Thread 0x000001ed3f291ea0 flushing  nmethod 0x000001ed2d177a10
Event: 288.996 Thread 0x000001ed3f291ea0 flushing  nmethod 0x000001ed2d242e10

Events (20 events):
Event: 481.543 Thread 0x000001ed5e5bb530 Thread exited: 0x000001ed5e5bb530
Event: 519.095 Thread 0x000001ed60271130 Thread exited: 0x000001ed60271130
Event: 528.045 Thread 0x000001ed5ffe2640 Thread added: 0x000001ed5ffe2cd0
Event: 528.657 Thread 0x000001ed5e5ba810 Thread added: 0x000001ed5ffe3360
Event: 529.063 Thread 0x000001ed5ffe2640 Thread added: 0x000001ed5ffe39f0
Event: 529.119 Thread 0x000001ed5ee532f0 Thread added: 0x000001ed5ffe1fb0
Event: 529.556 Thread 0x000001ed5e5ba810 Thread added: 0x000001ed5ffe67e0
Event: 529.797 Thread 0x000001ed5ffe67e0 Thread exited: 0x000001ed5ffe67e0
Event: 529.826 Thread 0x000001ed5ffe3360 Thread exited: 0x000001ed5ffe3360
Event: 530.128 Thread 0x000001ed5d751580 Thread added: 0x000001ed5ffe5ac0
Event: 530.154 Thread 0x000001ed5d751580 Thread added: 0x000001ed5ffe6150
Event: 530.167 Thread 0x000001ed5d751580 Thread added: 0x000001ed5ffe67e0
Event: 530.226 Thread 0x000001ed5ee532f0 Thread added: 0x000001ed5ffe3360
Event: 531.610 Thread 0x000001ed5d751580 Thread added: 0x000001ed5ffe8220
Event: 532.547 Thread 0x000001ed5d751580 Thread added: 0x000001ed5ffe7b90
Event: 534.592 Thread 0x000001ed5ffe3360 Thread exited: 0x000001ed5ffe3360
Event: 534.594 Thread 0x000001ed5ffe1fb0 Thread exited: 0x000001ed5ffe1fb0
Event: 537.241 Thread 0x000001ed5e5bfd60 Thread exited: 0x000001ed5e5bfd60
Event: 538.279 Thread 0x000001ed5e5be320 Thread exited: 0x000001ed5e5be320
Event: 539.343 Thread 0x000001ed5d751580 Thread added: 0x000001ed5ffe3360


Dynamic libraries:
0x00007ff788dc0000 - 0x00007ff788dce000 	C:\Users\±è¹Î±Ô\.vscode\extensions\redhat.java-1.56.0-win32-x64\jre\21.0.12.1-win32-x86_64\bin\java.exe
0x00007ffcf1b40000 - 0x00007ffcf1da6000 	C:\WINDOWS\SYSTEM32\ntdll.dll
0x00007ffcf0a10000 - 0x00007ffcf0ad9000 	C:\WINDOWS\System32\KERNEL32.DLL
0x00007ffcef000000 - 0x00007ffcef3ff000 	C:\WINDOWS\System32\KERNELBASE.dll
0x00007ffcef710000 - 0x00007ffcef85c000 	C:\WINDOWS\System32\ucrtbase.dll
0x00007ffcc2eb0000 - 0x00007ffcc2ec8000 	C:\Users\±è¹Î±Ô\.vscode\extensions\redhat.java-1.56.0-win32-x64\jre\21.0.12.1-win32-x86_64\bin\jli.dll
0x00007ffcefcc0000 - 0x00007ffcefe86000 	C:\WINDOWS\System32\USER32.dll
0x00007ffcef410000 - 0x00007ffcef437000 	C:\WINDOWS\System32\win32u.dll
0x00007ffcf0b90000 - 0x00007ffcf0bbb000 	C:\WINDOWS\System32\GDI32.dll
0x00007ffceed50000 - 0x00007ffceee79000 	C:\WINDOWS\System32\gdi32full.dll
0x00007ffcef440000 - 0x00007ffcef4e3000 	C:\WINDOWS\System32\msvcp_win.dll
0x00007ffca93b0000 - 0x00007ffca93ce000 	C:\Users\±è¹Î±Ô\.vscode\extensions\redhat.java-1.56.0-win32-x64\jre\21.0.12.1-win32-x86_64\bin\VCRUNTIME140.dll
0x00007ffcd6290000 - 0x00007ffcd6521000 	C:\WINDOWS\WinSxS\amd64_microsoft.windows.common-controls_6595b64144ccf1df_6.0.26100.8972_none_3e0da176e32f9d4b\COMCTL32.dll
0x00007ffcf0ae0000 - 0x00007ffcf0b89000 	C:\WINDOWS\System32\msvcrt.dll
0x00007ffcf1730000 - 0x00007ffcf1762000 	C:\WINDOWS\System32\IMM32.DLL
0x00007ffcd7e70000 - 0x00007ffcd7e7c000 	C:\Users\±è¹Î±Ô\.vscode\extensions\redhat.java-1.56.0-win32-x64\jre\21.0.12.1-win32-x86_64\bin\vcruntime140_1.dll
0x00007ffcc2e20000 - 0x00007ffcc2ead000 	C:\Users\±è¹Î±Ô\.vscode\extensions\redhat.java-1.56.0-win32-x64\jre\21.0.12.1-win32-x86_64\bin\msvcp140.dll
0x00007ffc532d0000 - 0x00007ffc54072000 	C:\Users\±è¹Î±Ô\.vscode\extensions\redhat.java-1.56.0-win32-x64\jre\21.0.12.1-win32-x86_64\bin\server\jvm.dll
0x00007ffcefe90000 - 0x00007ffceff4c000 	C:\WINDOWS\System32\ADVAPI32.dll
0x00007ffcf08f0000 - 0x00007ffcf099a000 	C:\WINDOWS\System32\sechost.dll
0x00007ffcf07d0000 - 0x00007ffcf08e8000 	C:\WINDOWS\System32\RPCRT4.dll
0x00007ffcefba0000 - 0x00007ffcefc22000 	C:\WINDOWS\System32\WS2_32.dll
0x00007ffcebef0000 - 0x00007ffcebf26000 	C:\WINDOWS\SYSTEM32\WINMM.dll
0x00007ffce6770000 - 0x00007ffce677b000 	C:\WINDOWS\SYSTEM32\VERSION.dll
0x00007ffceebb0000 - 0x00007ffceec0e000 	C:\WINDOWS\SYSTEM32\POWRPROF.dll
0x00007ffceeb90000 - 0x00007ffceeba5000 	C:\WINDOWS\SYSTEM32\UMPDC.dll
0x00007ffceda00000 - 0x00007ffceda1b000 	C:\WINDOWS\SYSTEM32\kernel.appcore.dll
0x00007ffca9480000 - 0x00007ffca948a000 	C:\Users\±è¹Î±Ô\.vscode\extensions\redhat.java-1.56.0-win32-x64\jre\21.0.12.1-win32-x86_64\bin\jimage.dll
0x00007ffcebb20000 - 0x00007ffcebd62000 	C:\WINDOWS\SYSTEM32\DBGHELP.DLL
0x00007ffcf0440000 - 0x00007ffcf07c5000 	C:\WINDOWS\System32\combase.dll
0x00007ffcefaa0000 - 0x00007ffcefb79000 	C:\WINDOWS\System32\OLEAUT32.dll
0x00007ffcebe80000 - 0x00007ffcebebb000 	C:\WINDOWS\SYSTEM32\dbgcore.DLL
0x00007ffceef40000 - 0x00007ffceefec000 	C:\WINDOWS\System32\bcryptPrimitives.dll
0x00007ffca3bc0000 - 0x00007ffca3bcf000 	C:\Users\±è¹Î±Ô\.vscode\extensions\redhat.java-1.56.0-win32-x64\jre\21.0.12.1-win32-x86_64\bin\instrument.dll
0x00007ffca9460000 - 0x00007ffca9480000 	C:\Users\±è¹Î±Ô\.vscode\extensions\redhat.java-1.56.0-win32-x64\jre\21.0.12.1-win32-x86_64\bin\java.dll
0x00007ffcf0c80000 - 0x00007ffcf1408000 	C:\WINDOWS\System32\SHELL32.dll
0x00007ffcec7c0000 - 0x00007ffced05b000 	C:\WINDOWS\SYSTEM32\windows.storage.dll
0x00007ffcf1410000 - 0x00007ffcf1509000 	C:\WINDOWS\System32\SHCORE.dll
0x00007ffcf09a0000 - 0x00007ffcf0a06000 	C:\WINDOWS\System32\shlwapi.dll
0x00007ffceec70000 - 0x00007ffceec99000 	C:\WINDOWS\SYSTEM32\profapi.dll
0x00007ffca9440000 - 0x00007ffca9458000 	C:\Users\±è¹Î±Ô\.vscode\extensions\redhat.java-1.56.0-win32-x64\jre\21.0.12.1-win32-x86_64\bin\zip.dll
0x00007ffca9430000 - 0x00007ffca9440000 	C:\Users\±è¹Î±Ô\.vscode\extensions\redhat.java-1.56.0-win32-x64\jre\21.0.12.1-win32-x86_64\bin\net.dll
0x00007ffce6b40000 - 0x00007ffce6c68000 	C:\WINDOWS\SYSTEM32\WINHTTP.dll
0x00007ffcedf90000 - 0x00007ffcedffc000 	C:\WINDOWS\system32\mswsock.dll
0x00007ffca9410000 - 0x00007ffca9426000 	C:\Users\±è¹Î±Ô\.vscode\extensions\redhat.java-1.56.0-win32-x64\jre\21.0.12.1-win32-x86_64\bin\nio.dll
0x00007ffca3950000 - 0x00007ffca3960000 	C:\Users\±è¹Î±Ô\.vscode\extensions\redhat.java-1.56.0-win32-x64\jre\21.0.12.1-win32-x86_64\bin\verify.dll
0x00007ffca2340000 - 0x00007ffca2367000 	C:\Users\±è¹Î±Ô\.gradle\native\660c5614fbf4a5f2a75b1949f50a0caf5cd603558e7d8a26e50b933a0cfb79d1\windows-amd64\native-platform.dll
0x00007ffcd71e0000 - 0x00007ffcd7257000 	C:\Users\±è¹Î±Ô\.gradle\native\0.2.8\x86_64-windows-gnu\gradle-fileevents.dll
0x00007ffcb3510000 - 0x00007ffcb351a000 	C:\Users\±è¹Î±Ô\.vscode\extensions\redhat.java-1.56.0-win32-x64\jre\21.0.12.1-win32-x86_64\bin\management.dll
0x00007ffcb3500000 - 0x00007ffcb350c000 	C:\Users\±è¹Î±Ô\.vscode\extensions\redhat.java-1.56.0-win32-x64\jre\21.0.12.1-win32-x86_64\bin\management_ext.dll
0x00007ffcefcb0000 - 0x00007ffcefcb8000 	C:\WINDOWS\System32\PSAPI.DLL
0x00007ffced3b0000 - 0x00007ffced3e3000 	C:\WINDOWS\SYSTEM32\IPHLPAPI.DLL
0x00007ffcf1520000 - 0x00007ffcf152a000 	C:\WINDOWS\System32\NSI.dll
0x00007ffce6780000 - 0x00007ffce6789000 	C:\Users\±è¹Î±Ô\.vscode\extensions\redhat.java-1.56.0-win32-x64\jre\21.0.12.1-win32-x86_64\bin\extnet.dll
0x00007ffcee3b0000 - 0x00007ffcee3cb000 	C:\WINDOWS\SYSTEM32\CRYPTSP.dll
0x00007ffced960000 - 0x00007ffced999000 	C:\WINDOWS\system32\rsaenh.dll
0x00007ffcee040000 - 0x00007ffcee072000 	C:\WINDOWS\SYSTEM32\USERENV.dll
0x00007ffceec40000 - 0x00007ffceec6a000 	C:\WINDOWS\SYSTEM32\bcrypt.dll
0x00007ffcee1f0000 - 0x00007ffcee1fc000 	C:\WINDOWS\SYSTEM32\CRYPTBASE.dll
0x00007ffcd7ec0000 - 0x00007ffcd7ece000 	C:\Users\±è¹Î±Ô\.vscode\extensions\redhat.java-1.56.0-win32-x64\jre\21.0.12.1-win32-x86_64\bin\sunmscapi.dll
0x00007ffcef4f0000 - 0x00007ffcef66e000 	C:\WINDOWS\System32\CRYPT32.dll
0x00007ffcee520000 - 0x00007ffcee550000 	C:\WINDOWS\SYSTEM32\ncrypt.dll
0x00007ffcee4d0000 - 0x00007ffcee50f000 	C:\WINDOWS\SYSTEM32\NTASN1.dll
0x00007ffcb2bf0000 - 0x00007ffcb2bf8000 	C:\WINDOWS\system32\wshunix.dll

JVMTI agents:
C:\Users\±è¹Î±Ô\.gradle\wrapper\dists\gradle-9.7.1-bin\1w1c7tv4s851m17nbqdsro2tv\gradle-9.7.1\lib\agents\gradle-instrumentation-agent-9.7.1.jar path:C:\Users\±è¹Î±Ô\.vscode\extensions\redhat.java-1.56.0-win32-x64\jre\21.0.12.1-win32-x86_64\bin\instrument.dll, loaded, initialized, instrumentlib options:none

dbghelp: loaded successfully - version: 4.0.5 - missing functions: none
symbol engine: initialized successfully - sym options: 0x614 - pdb path: .;C:\Users\±è¹Î±Ô\.vscode\extensions\redhat.java-1.56.0-win32-x64\jre\21.0.12.1-win32-x86_64\bin;C:\WINDOWS\SYSTEM32;C:\WINDOWS\WinSxS\amd64_microsoft.windows.common-controls_6595b64144ccf1df_6.0.26100.8972_none_3e0da176e32f9d4b;C:\Users\±è¹Î±Ô\.vscode\extensions\redhat.java-1.56.0-win32-x64\jre\21.0.12.1-win32-x86_64\bin\;C:\Users\±è¹Î±Ô\.vscode\extensions\redhat.java-1.56.0-win32-x64\jre\21.0.12.1-win32-x86_64\b;C:\Users\±è¹Î±Ô\.vscode\extensions\redhat.java-1.56.0-win32-x64\jre\21.0.12.1-win32-x86_6;C:\Users\±è¹Î±Ô\.vscode\extensions\redhat.java-1.56.0-win32-x64\jre\21.0.12.1-win32-x8;C:\Users\±è¹Î±Ô\.vscode\extensions\redhat.java-1.56.0-win32-x64\jre\21.0.12.1-win32;C:\Users\±è¹Î±Ô\.vscode\extensions\redhat.java-1.56.0-win32-x64\jre\21.0.12.1-wi;C:\Users\±è¹Î±Ô\.vscode\extensions\redhat.java-1.56.0-win32-x64\jre\21.0.12.1-win32-x86_64\bin\server;C:\Users\±è¹Î±Ô\.gradle\native\660c5614fbf4a5f2a75b1949f50a0caf5cd603558e7d8a26e50;C:\Users\±è¹Î±Ô\.gradle\native\660c5614fbf4a5f2a75b1949f50a0caf5cd603558e7d8a26e50b933a0cfb79d1\windows-amd64;C:\Users\±è¹Î±Ô\.gradl;C:\Users\±è¹Î±Ô\.gr;C:\Users\±è¹Î±Ô\;C:\Users\±è¹Î;C:\Users\±è;C:\Users\±

VM Arguments:
jvm_args: --add-opens=java.base/java.lang=ALL-UNNAMED --add-opens=java.base/java.lang.invoke=ALL-UNNAMED --add-opens=java.base/java.util=ALL-UNNAMED --add-opens=java.prefs/java.util.prefs=ALL-UNNAMED --add-exports=jdk.compiler/com.sun.tools.javac.api=ALL-UNNAMED --add-exports=jdk.compiler/com.sun.tools.javac.util=ALL-UNNAMED --add-opens=java.base/java.nio.charset=ALL-UNNAMED --add-opens=java.base/java.net=ALL-UNNAMED --add-opens=java.base/java.util.concurrent=ALL-UNNAMED --add-opens=java.base/java.util.concurrent.atomic=ALL-UNNAMED --add-opens=java.xml/javax.xml.namespace=ALL-UNNAMED --add-opens=java.base/java.time=ALL-UNNAMED -XX:MaxMetaspaceSize=384m -XX:+HeapDumpOnOutOfMemoryError -Xms256m -Xmx512m -Dfile.encoding=UTF-8 -Duser.country=KR -Duser.language=ko -Duser.variant -javaagent:C:\Users\±è¹Î±Ô\.gradle\wrapper\dists\gradle-9.7.1-bin\1w1c7tv4s851m17nbqdsro2tv\gradle-9.7.1\lib\agents\gradle-instrumentation-agent-9.7.1.jar 
java_command: org.gradle.launcher.daemon.bootstrap.GradleDaemon 9.7.1
java_class_path (initial): C:\Users\±è¹Î±Ô\.gradle\wrapper\dists\gradle-9.7.1-bin\1w1c7tv4s851m17nbqdsro2tv\gradle-9.7.1\lib\gradle-daemon-main-9.7.1.jar
Launcher Type: SUN_STANDARD

[Global flags]
     intx CICompilerCount                          = 4                                         {product} {ergonomic}
   size_t CompressedClassSpaceSize                 = 335544320                                 {product} {ergonomic}
     uint ConcGCThreads                            = 2                                         {product} {ergonomic}
     uint G1ConcRefinementThreads                  = 8                                         {product} {ergonomic}
   size_t G1HeapRegionSize                         = 1048576                                   {product} {ergonomic}
    uintx GCDrainStackTargetSize                   = 64                                        {product} {ergonomic}
     bool HeapDumpOnOutOfMemoryError               = true                                   {manageable} {command line}
   size_t InitialHeapSize                          = 268435456                                 {product} {command line}
   size_t MarkStackSize                            = 4194304                                   {product} {ergonomic}
   size_t MaxHeapSize                              = 536870912                                 {product} {command line}
   size_t MaxMetaspaceSize                         = 402653184                                 {product} {command line}
   size_t MaxNewSize                               = 321912832                                 {product} {ergonomic}
   size_t MinHeapDeltaBytes                        = 1048576                                   {product} {ergonomic}
   size_t MinHeapSize                              = 268435456                                 {product} {command line}
    uintx NonNMethodCodeHeapSize                   = 5839372                                {pd product} {ergonomic}
    uintx NonProfiledCodeHeapSize                  = 122909434                              {pd product} {ergonomic}
    uintx ProfiledCodeHeapSize                     = 122909434                              {pd product} {ergonomic}
    uintx ReservedCodeCacheSize                    = 251658240                              {pd product} {ergonomic}
     bool SegmentedCodeCache                       = true                                      {product} {ergonomic}
   size_t SoftMaxHeapSize                          = 536870912                              {manageable} {ergonomic}
     bool UseCompressedOops                        = true                           {product lp64_product} {ergonomic}
     bool UseG1GC                                  = true                                      {product} {ergonomic}
     bool UseLargePagesIndividualAllocation        = false                                  {pd product} {ergonomic}

Logging:
Log output configuration:
 #0: stdout all=warning uptime,level,tags foldmultilines=false
 #1: stderr all=off uptime,level,tags foldmultilines=false

Release file:
JAVA_VERSION="21.0.12.1" 
MODULES="java.base java.compiler java.datatransfer java.xml java.prefs java.desktop java.instrument java.logging java.management java.security.sasl java.naming java.rmi java.management.rmi java.net.http java.scripting java.security.jgss java.transaction.xa java.sql java.sql.rowset java.xml.crypto java.se java.smartcardio jdk.accessibility jdk.internal.jvmstat jdk.attach jdk.charsets jdk.internal.opt jdk.zipfs jdk.compiler jdk.crypto.ec jdk.crypto.cryptoki jdk.crypto.mscapi jdk.dynalink jdk.internal.ed jdk.editpad jdk.hotspot.agent jdk.httpserver jdk.internal.le jdk.internal.vm.ci jdk.internal.vm.compiler jdk.internal.vm.compiler.management jdk.jartool jdk.javadoc jdk.jcmd jdk.management jdk.management.agent jdk.jconsole jdk.jdeps jdk.jdwp.agent jdk.jdi jdk.jfr jdk.jshell jdk.jsobject jdk.jstatd jdk.localedata jdk.management.jfr jdk.naming.dns jdk.naming.rmi jdk.net jdk.nio.mapmode jdk.random jdk.sctp jdk.security.auth jdk.security.jgss jdk.unsupported jdk.unsupported.desktop jdk.xml.dom" 

Environment Variables:
JAVA_HOME=C:\01DevelopKids\jdk17.0.16_8
PATH=C:\WINDOWS\system32;C:\WINDOWS;C:\WINDOWS\System32\Wbem;C:\WINDOWS\System32\WindowsPowerShell\v1.0\;C:\WINDOWS\System32\OpenSSH\;C:\01DevelopKids\jdk17.0.16_8\bin;C:\Program Files\Git\cmd;C:\Program Files\;C:\Windows\System32;C:\Program Files\MySQL\MySQL Shell 8.0\bin\;C:\Users\±è¹Î±Ô\AppData\Local\Microsoft\WindowsApps;C:\Users\±è¹Î±Ô\AppData\Local\Microsoft\WindowsApps;C:\IntellJ IDEA\IntelliJ IDEA 2025.3.1\bin;C:\Users\±è¹Î±Ô\AppData\Local\JetBrains\Toolbox\scripts;C:\Users\±è¹Î±Ô\VScode\Microsoft VS Code\bin;C:\Users\±è¹Î±Ô\AppData\Roaming\npm
USERNAME=MINKYU
OS=Windows_NT
PROCESSOR_IDENTIFIER=Intel64 Family 6 Model 140 Stepping 2, GenuineIntel
TMP=C:\Users\±è¹Î±Ô\AppData\Local\Temp
TEMP=C:\Users\±è¹Î±Ô\AppData\Local\Temp




Periodic native trim disabled

---------------  S Y S T E M  ---------------

OS:
 Windows 11 , 64 bit Build 26100 (10.0.26100.9168)
OS uptime: 0 days 1:15 hours
Hyper-V role detected

CPU: total 8 (initial active 8) (4 cores per cpu, 2 threads per core) family 6 model 140 stepping 2 microcode 0x16, cx8, cmov, fxsr, ht, mmx, 3dnowpref, sse, sse2, sse3, ssse3, sse4.1, sse4.2, popcnt, lzcnt, tsc, tscinvbit, avx, avx2, aes, erms, clmul, bmi1, bmi2, adx, avx512f, avx512dq, avx512cd, avx512bw, avx512vl, sha, fma, vzeroupper, avx512_vpopcntdq, avx512_vpclmulqdq, avx512_vaes, avx512_vnni, clflush, clflushopt, clwb, avx512_vbmi2, avx512_vbmi, hv, rdtscp, rdpid, fsrm, gfni, avx512_bitalg, f16c, cet_ibt, cet_ss, avx512_ifma
Processor Information for processor 0
  Max Mhz: 2496, Current Mhz: 2496, Mhz Limit: 2496
Processor Information for processor 1
  Max Mhz: 2496, Current Mhz: 2496, Mhz Limit: 2496
Processor Information for processor 2
  Max Mhz: 2496, Current Mhz: 2496, Mhz Limit: 2496
Processor Information for processor 3
  Max Mhz: 2496, Current Mhz: 2496, Mhz Limit: 2496
Processor Information for processor 4
  Max Mhz: 2496, Current Mhz: 2496, Mhz Limit: 2496
Processor Information for processor 5
  Max Mhz: 2496, Current Mhz: 998, Mhz Limit: 2496
Processor Information for processor 6
  Max Mhz: 2496, Current Mhz: 2496, Mhz Limit: 2496
Processor Information for processor 7
  Max Mhz: 2496, Current Mhz: 998, Mhz Limit: 2496

Memory: 4k page, system-wide physical 16108M (393M free)
TotalPageFile size 55473M (AvailPageFile size 5M)
current process WorkingSet (physical memory assigned to process): 326M, peak: 419M
current process commit charge ("private bytes"): 504M, peak: 507M

vm_info: OpenJDK 64-Bit Server VM (21.0.12.1+1-LTS) for windows-amd64 JRE (21.0.12.1+1-LTS), built on 2026-08-18T00:00:00Z by "admin" with MS VC++ 17.12 (VS2022)

END.
